Archive member included because of file (symbol)

../../ecrobot/../ecrobot/libecrobot.a(ecrobot_interface.o)
                              build/sonartest.o (ecrobot_set_light_sensor_active)
../../ecrobot/../ecrobot/libecrobot.a(osek_hook.o)
                              build/kernel/osctl.o (StartupHook)
../../ecrobot/../ecrobot/libecrobot.a(uart.oram)
                              build/config/at91sam7s-gnu/irq.oram (uart_isr_C_0)
../../ecrobot/../ecrobot/libecrobot.a(systick.oram)
                              build/syslib/at91sam7s-gnu/lego_nxt/hw_sys_timer.oram (systick_low_priority_C)
../../ecrobot/../ecrobot/libecrobot.a(byte_fifo.oram)
                              ../../ecrobot/../ecrobot/libecrobot.a(uart.oram) (byte_fifo_put)
../../ecrobot/../ecrobot/libecrobot.a(aic.oram)
                              ../../ecrobot/../ecrobot/libecrobot.a(uart.oram) (aic_set_vector)
../../ecrobot/../ecrobot/libecrobot.a(udp.oram)
                              build/config/at91sam7s-gnu/irq.oram (udp_isr_C)
../../ecrobot/../ecrobot/libecrobot.a(twi.oram)
                              build/config/at91sam7s-gnu/irq.oram (twi_isr_C)
../../ecrobot/../ecrobot/libecrobot.a(nxt_spi.oram)
                              build/config/at91sam7s-gnu/irq.oram (spi_isr_C)
../../ecrobot/../ecrobot/libecrobot.a(nxt_motors.oram)
                              build/sonartest.o (nxt_motor_get_count)
../../ecrobot/../ecrobot/libecrobot.a(data_abort.oram)
                              build/ecrobot_init.o (data_abort_C)
../../ecrobot/../ecrobot/libecrobot.a(display.oram)
                              build/ecrobot_base.o (display_update)
../../ecrobot/../ecrobot/libecrobot.a(i2c.oram)
                              build/config/at91sam7s-gnu/irq.oram (i2c_timer_isr_C)
../../ecrobot/../ecrobot/libecrobot.a(sound.oram)
                              ../../ecrobot/../ecrobot/libecrobot.a(ecrobot_interface.o) (sound_get_time)
../../ecrobot/../ecrobot/libecrobot.a(bt.oram)
                              build/ecrobot_bluetooth.o (bt_send)
../../ecrobot/../ecrobot/libecrobot.a(nxt_avr.oram)
                              build/ecrobot_base.o (nxt_avr_power_down)
../../ecrobot/../ecrobot/libecrobot.a(sensors.oram)
                              ../../ecrobot/../ecrobot/libecrobot.a(ecrobot_interface.o) (unset_digi0)
../../ecrobot/../ecrobot/libecrobot.a(nxt_lcd.oram)
                              ../../ecrobot/../ecrobot/libecrobot.a(display.oram) (nxt_lcd_force_update)
../../ecrobot/../ecrobot/libecrobot.a(flash_loader.oram)
                              build/ecrobot.o (set_flash_request)
../../ecrobot/../ecrobot/libecrobot.a(interrupts.oram)
                              ../../ecrobot/../ecrobot/libecrobot.a(uart.oram) (interrupts_get_and_disable)
../../ecrobot/../ecrobot/libecrobot.a(nxtosek_splash.obmp)
                              build/ecrobot_base.o (nxtosek_splash_bmp_start)
../../ecrobot/../ecrobot/libecrobot.a(ecrobot_usb.o)
                              ../../ecrobot/../ecrobot/libecrobot.a(flash_loader.oram) (ecrobot_init_usb)
../../ecrobot/../ecrobot/libecrobot.a(flashprog.oram)
                              ../../ecrobot/../ecrobot/libecrobot.a(flash_loader.oram) (flash_write_page)
/home/jazzinghen/Tools/GNUarm/gnuarm/lib/gcc/arm-elf/4.4.2/thumb/interwork/libgcc.a(_udivsi3.o)
                              build/ecrobot_base.o (__udivsi3)
/home/jazzinghen/Tools/GNUarm/gnuarm/lib/gcc/arm-elf/4.4.2/thumb/interwork/libgcc.a(_divsi3.o)
                              ../../ecrobot/../ecrobot/libecrobot.a(uart.oram) (__divsi3)
/home/jazzinghen/Tools/GNUarm/gnuarm/lib/gcc/arm-elf/4.4.2/thumb/interwork/libgcc.a(_umodsi3.o)
                              ../../ecrobot/../ecrobot/libecrobot.a(display.oram) (__umodsi3)
/home/jazzinghen/Tools/GNUarm/gnuarm/lib/gcc/arm-elf/4.4.2/thumb/interwork/libgcc.a(_modsi3.o)
                              ../../ecrobot/../ecrobot/libecrobot.a(sound.oram) (__modsi3)
/home/jazzinghen/Tools/GNUarm/gnuarm/lib/gcc/arm-elf/4.4.2/thumb/interwork/libgcc.a(_dvmd_tls.o)
                              /home/jazzinghen/Tools/GNUarm/gnuarm/lib/gcc/arm-elf/4.4.2/thumb/interwork/libgcc.a(_udivsi3.o) (__div0)
/home/jazzinghen/Tools/GNUarm/gnuarm/lib/gcc/arm-elf/4.4.2/thumb/interwork/libgcc.a(_muldi3.o)
                              ../../ecrobot/../ecrobot/libecrobot.a(sound.oram) (__muldi3)
/home/jazzinghen/Tools/GNUarm/gnuarm/lib/gcc/arm-elf/4.4.2/thumb/interwork/libgcc.a(_divdi3.o)
                              ../../ecrobot/../ecrobot/libecrobot.a(sound.oram) (__divdi3)
/home/jazzinghen/Tools/GNUarm/gnuarm/lib/gcc/arm-elf/4.4.2/thumb/interwork/libgcc.a(_clzsi2.o)
                              /home/jazzinghen/Tools/GNUarm/gnuarm/lib/gcc/arm-elf/4.4.2/thumb/interwork/libgcc.a(_divdi3.o) (__clzsi2)
/home/jazzinghen/Tools/GNUarm/gnuarm/lib/gcc/arm-elf/4.4.2/../../../../arm-elf/lib/thumb/interwork/libc.a(lib_a-memcpy.o)
                              ../../ecrobot/../ecrobot/libecrobot.a(udp.oram) (memcpy)
[...]
Memory Configuration

Name             Origin             Length             Attributes
vector_ram       0x0000000000200000 0x0000000000000040
ram              0x0000000000200040 0x000000000000ffc0
*default*        0x0000000000000000 0xffffffffffffffff

Linker script and memory map

LOAD build/kernel/alarm.o
LOAD build/kernel/event.o
LOAD build/kernel/interrupt.o
LOAD build/kernel/osctl.o
LOAD build/kernel/resource.o
LOAD build/kernel/task.o
LOAD build/kernel/task_manage.o
LOAD build/config/at91sam7s-gnu/cpu_config.o
LOAD build/config/at91sam7s-gnu/lego_nxt/sys_config.o
LOAD build/./kernel_cfg.o
LOAD build/syscalls.o
LOAD build/ecrobot_bluetooth.o
LOAD build/ecrobot_base.o
LOAD build/ecrobot.o
LOAD build/sonartest.o
LOAD build/syslib/at91sam7s-gnu/lego_nxt/hw_sys_timer.oram
LOAD build/nxtvm/platform/nxt/vectors.o
LOAD build/config/at91sam7s-gnu/debug.o
LOAD build/config/at91sam7s-gnu/lego_nxt/sys_support.o
LOAD build/nxt_binary_header.o
LOAD build/nxt_entry_point.o
LOAD build/ecrobot_init.o
LOAD build/config/at91sam7s-gnu/cpu_support.oram
LOAD build/config/at91sam7s-gnu/irq.oram
LOAD ../../ecrobot/../c++/liblejososek.a
LOAD ../../ecrobot/../ecrobot/libecrobot.a
LOAD /home/jazzinghen/Tools/GNUarm/gnuarm/lib/gcc/arm-elf/4.4.2/../../../../arm-elf/lib/thumb/interwork/libstdc++.a
LOAD /home/jazzinghen/Tools/GNUarm/gnuarm/lib/gcc/arm-elf/4.4.2/../../../../arm-elf/lib/thumb/interwork/libm.a
START GROUP
LOAD /home/jazzinghen/Tools/GNUarm/gnuarm/lib/gcc/arm-elf/4.4.2/thumb/interwork/libgcc.a
LOAD /home/jazzinghen/Tools/GNUarm/gnuarm/lib/gcc/arm-elf/4.4.2/../../../../arm-elf/lib/thumb/interwork/libc.a
END GROUP
                0x0000000000200000                RAM_BASE = 0x200000
                0x0000000000010000                RAM_SIZE = 0x10000

.samba_reserved
                0x0000000000200040     0x1fc0
                0x0000000000202000                . = 0x1fc0
 *fill*         0x0000000000200040     0x1fc0 00
                0x0000000000200040                __samba_ram_start__ = ADDR (.samba_reserved)
                0x0000000000202000                __samba_ram_end__ = (__samba_ram_start__ + SIZEOF (.samba_reserved))

.vectors        0x0000000000200000       0x40 load address 0x0000000000202000
 vectors.o(*.text *.text.*)
 .text          0x0000000000200000       0x38 build/nxtvm/platform/nxt/vectors.o
                0x0000000000200040                . = ALIGN (0x10)
 *fill*         0x0000000000200038        0x8 00
                0x0000000000200000                __vectors_ram_start__ = ADDR (.vectors)
                0x0000000000200040                __vectors_ram_end__ = (ADDR (.vectors) + SIZEOF (.vectors))
                0x0000000000202000                __vectors_load_start__ = LOADADDR (.vectors)
                0x0000000000202040                __vectors_load_end__ = (LOADADDR (.vectors) + SIZEOF (.vectors))

.init           0x0000000000202040      0x280
 *ecrobot_init.o(*.text *.text.*)
 .text          0x0000000000202040      0x280 build/ecrobot_init.o
                0x0000000000202040                start
                0x00000000002021ac                undef_handler
                0x00000000002021b0                swi_handler
                0x00000000002021b4                prefetch_abort_handler
                0x00000000002021b8                data_abort_handler
                0x00000000002021d4                reserved_handler
                0x00000000002022c0                . = ALIGN (0x10)

.ram_text       0x00000000002022c0     0x3150
                0x00000000002022c0                . = ALIGN (0x10)
 *.oram(*.text *.text.* *.glue*)
 .text.systick_isr_C1
                0x00000000002022c0       0x28 build/syslib/at91sam7s-gnu/lego_nxt/hw_sys_timer.oram
                0x00000000002022c0                systick_isr_C1
 *fill*         0x00000000002022e8        0x8 00
 .text          0x00000000002022f0      0x230 build/config/at91sam7s-gnu/cpu_support.oram
                0x00000000002022f0                dispatch
                0x0000000000202330                activate_r
                0x0000000000202360                exit_and_dispatch
                0x0000000000202370                start_dispatch
                0x000000000020242c                _interrupt
                0x000000000020249c                int_return
                0x00000000002024c8                disable_int
                0x00000000002024d0                enable_int
                0x00000000002024d8                nop
 .text          0x0000000000202520      0x2c0 build/config/at91sam7s-gnu/irq.oram
                0x0000000000202520                default_isr
                0x0000000000202520                default_fiq
                0x0000000000202520                spurious_isr
                0x0000000000202524                systick_isr_entry
                0x000000000020256c                systick_low_priority_entry
                0x00000000002025ac                udp_isr_entry
                0x00000000002025ec                spi_isr_entry
                0x000000000020262c                twi_isr_entry
                0x000000000020266c                sound_isr_entry
                0x00000000002026ac                uart_isr_entry_0
                0x00000000002026ec                uart_isr_entry_1
                0x000000000020272c                nxt_motor_isr_entry
                0x000000000020276c                i2c_timer_isr_entry
 .text.uart_process_isr
                0x00000000002027e0       0x88 ../../ecrobot/../ecrobot/libecrobot.a(uart.oram)
 .text.uart_isr_C_0
                0x0000000000202868        0xc ../../ecrobot/../ecrobot/libecrobot.a(uart.oram)
                0x0000000000202868                uart_isr_C_0
 .text.uart_isr_C_1
                0x0000000000202874        0xc ../../ecrobot/../ecrobot/libecrobot.a(uart.oram)
                0x0000000000202874                uart_isr_C_1
 .text.systick_low_priority_C
                0x0000000000202880       0x1c ../../ecrobot/../ecrobot/libecrobot.a(systick.oram)
                0x0000000000202880                systick_low_priority_C
 .text.systick_isr_C
                0x000000000020289c       0x24 ../../ecrobot/../ecrobot/libecrobot.a(systick.oram)
                0x000000000020289c                systick_isr_C
 .text.systick_get_ms
                0x00000000002028c0        0xc ../../ecrobot/../ecrobot/libecrobot.a(systick.oram)
                0x00000000002028c0                systick_get_ms
 .text.systick_wait_ms
                0x00000000002028cc       0x1c ../../ecrobot/../ecrobot/libecrobot.a(systick.oram)
                0x00000000002028cc                systick_wait_ms
 .text.systick_wait_ns
                0x00000000002028e8       0x1c ../../ecrobot/../ecrobot/libecrobot.a(systick.oram)
                0x00000000002028e8                systick_wait_ns
 .text.systick_init
                0x0000000000202904       0x58 ../../ecrobot/../ecrobot/libecrobot.a(systick.oram)
                0x0000000000202904                systick_init
 .text.systick_suspend
                0x000000000020295c        0xc ../../ecrobot/../ecrobot/libecrobot.a(systick.oram)
                0x000000000020295c                systick_suspend
 .text.systick_resume
                0x0000000000202968        0xc ../../ecrobot/../ecrobot/libecrobot.a(systick.oram)
                0x0000000000202968                systick_resume
 .text.byte_fifo_put
                0x0000000000202974       0x58 ../../ecrobot/../ecrobot/libecrobot.a(byte_fifo.oram)
                0x0000000000202974                byte_fifo_put
 .text.byte_fifo_get
                0x00000000002029cc       0x2c ../../ecrobot/../ecrobot/libecrobot.a(byte_fifo.oram)
                0x00000000002029cc                byte_fifo_get
 .text.aic_initialise
                0x00000000002029f8       0x5c ../../ecrobot/../ecrobot/libecrobot.a(aic.oram)
                0x00000000002029f8                aic_initialise
 .text.aic_set_vector
                0x0000000000202a54       0x30 ../../ecrobot/../ecrobot/libecrobot.a(aic.oram)
                0x0000000000202a54                aic_set_vector
 .text.aic_mask_on
                0x0000000000202a84       0x24 ../../ecrobot/../ecrobot/libecrobot.a(aic.oram)
                0x0000000000202a84                aic_mask_on
 .text.aic_mask_off
                0x0000000000202aa8       0x24 ../../ecrobot/../ecrobot/libecrobot.a(aic.oram)
                0x0000000000202aa8                aic_mask_off
 .text.aic_clear
                0x0000000000202acc       0x24 ../../ecrobot/../ecrobot/libecrobot.a(aic.oram)
                0x0000000000202acc                aic_clear
 .text.reset    0x0000000000202af0       0x4c ../../ecrobot/../ecrobot/libecrobot.a(udp.oram)
 .text.udp_send_null
                0x0000000000202b3c       0x2c ../../ecrobot/../ecrobot/libecrobot.a(udp.oram)
 .text.udp_send_stall
                0x0000000000202b68       0x2c ../../ecrobot/../ecrobot/libecrobot.a(udp.oram)
 .text.udp_send_control
                0x0000000000202b94       0x60 ../../ecrobot/../ecrobot/libecrobot.a(udp.oram)
 .text.udp_isr_C
                0x0000000000202bf4      0x7d0 ../../ecrobot/../ecrobot/libecrobot.a(udp.oram)
                0x0000000000202bf4                udp_isr_C
 .text.twi_status
                0x00000000002033c4       0x20 ../../ecrobot/../ecrobot/libecrobot.a(twi.oram)
                0x00000000002033c4                twi_status
 .text.twi_isr_C
                0x00000000002033e4       0xc4 ../../ecrobot/../ecrobot/libecrobot.a(twi.oram)
                0x00000000002033e4                twi_isr_C
 .text.twi_reset
                0x00000000002034a8       0xb4 ../../ecrobot/../ecrobot/libecrobot.a(twi.oram)
                0x00000000002034a8                twi_reset
 .text.twi_init
                0x000000000020355c       0x4c ../../ecrobot/../ecrobot/libecrobot.a(twi.oram)
                0x000000000020355c                twi_init
 .text.twi_start_read
                0x00000000002035a8       0x60 ../../ecrobot/../ecrobot/libecrobot.a(twi.oram)
                0x00000000002035a8                twi_start_read
 .text.twi_start_write
                0x0000000000203608       0x64 ../../ecrobot/../ecrobot/libecrobot.a(twi.oram)
                0x0000000000203608                twi_start_write
 .text.spi_set_mode
                0x000000000020366c       0x40 ../../ecrobot/../ecrobot/libecrobot.a(nxt_spi.oram)
 .text.spi_isr_C
                0x00000000002036ac       0x8c ../../ecrobot/../ecrobot/libecrobot.a(nxt_spi.oram)
                0x00000000002036ac                spi_isr_C
 .text.nxt_spi_init
                0x0000000000203738      0x12c ../../ecrobot/../ecrobot/libecrobot.a(nxt_spi.oram)
                0x0000000000203738                nxt_spi_init
 .text.nxt_spi_write
                0x0000000000203864       0x44 ../../ecrobot/../ecrobot/libecrobot.a(nxt_spi.oram)
                0x0000000000203864                nxt_spi_write
 .text.nxt_spi_set_display
                0x00000000002038a8       0x10 ../../ecrobot/../ecrobot/libecrobot.a(nxt_spi.oram)
                0x00000000002038a8                nxt_spi_set_display
 .text.nxt_spi_refresh
                0x00000000002038b8       0x24 ../../ecrobot/../ecrobot/libecrobot.a(nxt_spi.oram)
                0x00000000002038b8                nxt_spi_refresh
 .text.nxt_motor_get_count
                0x00000000002038dc       0x14 ../../ecrobot/../ecrobot/libecrobot.a(nxt_motors.oram)
                0x00000000002038dc                nxt_motor_get_count
 .text.nxt_motor_set_count
                0x00000000002038f0       0x10 ../../ecrobot/../ecrobot/libecrobot.a(nxt_motors.oram)
                0x00000000002038f0                nxt_motor_set_count
 .text.nxt_motor_set_speed
                0x0000000000203900       0x34 ../../ecrobot/../ecrobot/libecrobot.a(nxt_motors.oram)
                0x0000000000203900                nxt_motor_set_speed
 .text.nxt_motor_1kHz_process
                0x0000000000203934       0x28 ../../ecrobot/../ecrobot/libecrobot.a(nxt_motors.oram)
                0x0000000000203934                nxt_motor_1kHz_process
 .text.nxt_motor_quad_decode
                0x000000000020395c       0x30 ../../ecrobot/../ecrobot/libecrobot.a(nxt_motors.oram)
                0x000000000020395c                nxt_motor_quad_decode
 .text.nxt_motor_isr_C
                0x000000000020398c       0x88 ../../ecrobot/../ecrobot/libecrobot.a(nxt_motors.oram)
                0x000000000020398c                nxt_motor_isr_C
 .text.nxt_motor_init
                0x0000000000203a14       0x68 ../../ecrobot/../ecrobot/libecrobot.a(nxt_motors.oram)
                0x0000000000203a14                nxt_motor_init
 .text.data_abort_C
                0x0000000000203a7c       0x7c ../../ecrobot/../ecrobot/libecrobot.a(data_abort.oram)
                0x0000000000203a7c                data_abort_C
 .text.display_update
                0x0000000000203af8       0x14 ../../ecrobot/../ecrobot/libecrobot.a(display.oram)
                0x0000000000203af8                display_update
 .text.display_force_update
                0x0000000000203b0c        0xc ../../ecrobot/../ecrobot/libecrobot.a(display.oram)
                0x0000000000203b0c                display_force_update
 .text.display_clear
                0x0000000000203b18       0x24 ../../ecrobot/../ecrobot/libecrobot.a(display.oram)
                0x0000000000203b18                display_clear
 .text.display_goto_xy
                0x0000000000203b3c       0x14 ../../ecrobot/../ecrobot/libecrobot.a(display.oram)
                0x0000000000203b3c                display_goto_xy
 .text.display_char
                0x0000000000203b50       0x60 ../../ecrobot/../ecrobot/libecrobot.a(display.oram)
                0x0000000000203b50                display_char
 .text.display_string
                0x0000000000203bb0       0x3c ../../ecrobot/../ecrobot/libecrobot.a(display.oram)
                0x0000000000203bb0                display_string
 .text.display_hex
                0x0000000000203bec       0x50 ../../ecrobot/../ecrobot/libecrobot.a(display.oram)
                0x0000000000203bec                display_hex
 .text.display_unsigned_worker
                0x0000000000203c3c       0x70 ../../ecrobot/../ecrobot/libecrobot.a(display.oram)
 .text.display_unsigned
                0x0000000000203cac        0xc ../../ecrobot/../ecrobot/libecrobot.a(display.oram)
                0x0000000000203cac                display_unsigned
 .text.display_bitmap_copy
                0x0000000000203cb8       0x5c ../../ecrobot/../ecrobot/libecrobot.a(display.oram)
                0x0000000000203cb8                display_bitmap_copy
 .text.display_init
                0x0000000000203d14       0x50 ../../ecrobot/../ecrobot/libecrobot.a(display.oram)
                0x0000000000203d14                display_init
 .text.i2c_timer_isr_C
                0x0000000000203d64      0x314 ../../ecrobot/../ecrobot/libecrobot.a(i2c.oram)
                0x0000000000203d64                i2c_timer_isr_C
 .text.i2c_disable
                0x0000000000204078       0x20 ../../ecrobot/../ecrobot/libecrobot.a(i2c.oram)
                0x0000000000204078                i2c_disable
 .text.i2c_enable
                0x0000000000204098       0x40 ../../ecrobot/../ecrobot/libecrobot.a(i2c.oram)
                0x0000000000204098                i2c_enable
 .text.i2c_init
                0x00000000002040d8       0xa4 ../../ecrobot/../ecrobot/libecrobot.a(i2c.oram)
                0x00000000002040d8                i2c_init
 .text.i2c_busy
                0x000000000020417c       0x24 ../../ecrobot/../ecrobot/libecrobot.a(i2c.oram)
                0x000000000020417c                i2c_busy
 .text.i2c_start_transaction
                0x00000000002041a0      0x108 ../../ecrobot/../ecrobot/libecrobot.a(i2c.oram)
                0x00000000002041a0                i2c_start_transaction
 .text.sound_fill_sample_buffer
                0x00000000002042a8       0xe4 ../../ecrobot/../ecrobot/libecrobot.a(sound.oram)
                0x00000000002042a8                sound_fill_sample_buffer
 .text.sound_init
                0x000000000020438c       0xa0 ../../ecrobot/../ecrobot/libecrobot.a(sound.oram)
                0x000000000020438c                sound_init
 .text.sound_isr_C
                0x000000000020442c      0x144 ../../ecrobot/../ecrobot/libecrobot.a(sound.oram)
                0x000000000020442c                sound_isr_C
 .text.bt_init  0x0000000000204570      0x1c0 ../../ecrobot/../ecrobot/libecrobot.a(bt.oram)
                0x0000000000204570                bt_init
 .text.nxt_avr_power_down
                0x0000000000204730       0x10 ../../ecrobot/../ecrobot/libecrobot.a(nxt_avr.oram)
                0x0000000000204730                nxt_avr_power_down
 .text.nxt_avr_link_init
                0x0000000000204740       0x20 ../../ecrobot/../ecrobot/libecrobot.a(nxt_avr.oram)
                0x0000000000204740                nxt_avr_link_init
 .text.nxt_avr_init
                0x0000000000204760       0x6c ../../ecrobot/../ecrobot/libecrobot.a(nxt_avr.oram)
                0x0000000000204760                nxt_avr_init
 .text.nxt_avr_1kHz_update
                0x00000000002047cc      0x1cc ../../ecrobot/../ecrobot/libecrobot.a(nxt_avr.oram)
                0x00000000002047cc                nxt_avr_1kHz_update
 .text.buttons_get
                0x0000000000204998        0xc ../../ecrobot/../ecrobot/libecrobot.a(nxt_avr.oram)
                0x0000000000204998                buttons_get
 .text.battery_voltage
                0x00000000002049a4       0x28 ../../ecrobot/../ecrobot/libecrobot.a(nxt_avr.oram)
                0x00000000002049a4                battery_voltage
 .text.sensor_adc
                0x00000000002049cc       0x20 ../../ecrobot/../ecrobot/libecrobot.a(nxt_avr.oram)
                0x00000000002049cc                sensor_adc
 .text.nxt_avr_set_motor
                0x00000000002049ec       0x34 ../../ecrobot/../ecrobot/libecrobot.a(nxt_avr.oram)
                0x00000000002049ec                nxt_avr_set_motor
 .text.nxt_avr_set_input_power
                0x0000000000204a20       0x3c ../../ecrobot/../ecrobot/libecrobot.a(nxt_avr.oram)
                0x0000000000204a20                nxt_avr_set_input_power
 .text.unset_digi0
                0x0000000000204a5c       0x44 ../../ecrobot/../ecrobot/libecrobot.a(sensors.oram)
                0x0000000000204a5c                unset_digi0
 .text.unset_digi1
                0x0000000000204aa0       0x44 ../../ecrobot/../ecrobot/libecrobot.a(sensors.oram)
                0x0000000000204aa0                unset_digi1
 .text.init_sensors
                0x0000000000204ae4       0x4c ../../ecrobot/../ecrobot/libecrobot.a(sensors.oram)
                0x0000000000204ae4                init_sensors
 .text.set_digi0
                0x0000000000204b30       0x44 ../../ecrobot/../ecrobot/libecrobot.a(sensors.oram)
                0x0000000000204b30                set_digi0
 .text.nxt_lcd_command
                0x0000000000204b74       0x18 ../../ecrobot/../ecrobot/libecrobot.a(nxt_lcd.oram)
                0x0000000000204b74                nxt_lcd_command
 .text.nxt_lcd_set_col
                0x0000000000204b8c       0x24 ../../ecrobot/../ecrobot/libecrobot.a(nxt_lcd.oram)
                0x0000000000204b8c                nxt_lcd_set_col
 .text.nxt_lcd_set_multiplex_rate
                0x0000000000204bb0       0x18 ../../ecrobot/../ecrobot/libecrobot.a(nxt_lcd.oram)
                0x0000000000204bb0                nxt_lcd_set_multiplex_rate
 .text.nxt_lcd_set_page_address
                0x0000000000204bc8       0x18 ../../ecrobot/../ecrobot/libecrobot.a(nxt_lcd.oram)
                0x0000000000204bc8                nxt_lcd_set_page_address
 .text.nxt_lcd_set_pot
                0x0000000000204be0       0x1c ../../ecrobot/../ecrobot/libecrobot.a(nxt_lcd.oram)
                0x0000000000204be0                nxt_lcd_set_pot
 .text.nxt_lcd_set_ram_address_control
                0x0000000000204bfc       0x18 ../../ecrobot/../ecrobot/libecrobot.a(nxt_lcd.oram)
                0x0000000000204bfc                nxt_lcd_set_ram_address_control
 .text.nxt_lcd_enable
                0x0000000000204c14       0x14 ../../ecrobot/../ecrobot/libecrobot.a(nxt_lcd.oram)
                0x0000000000204c14                nxt_lcd_enable
 .text.nxt_lcd_set_map_control
                0x0000000000204c28       0x18 ../../ecrobot/../ecrobot/libecrobot.a(nxt_lcd.oram)
                0x0000000000204c28                nxt_lcd_set_map_control
 .text.nxt_lcd_reset
                0x0000000000204c40        0xc ../../ecrobot/../ecrobot/libecrobot.a(nxt_lcd.oram)
                0x0000000000204c40                nxt_lcd_reset
 .text.nxt_lcd_set_bias_ratio
                0x0000000000204c4c       0x18 ../../ecrobot/../ecrobot/libecrobot.a(nxt_lcd.oram)
                0x0000000000204c4c                nxt_lcd_set_bias_ratio
 .text.nxt_lcd_force_update
                0x0000000000204c64       0x30 ../../ecrobot/../ecrobot/libecrobot.a(nxt_lcd.oram)
                0x0000000000204c64                nxt_lcd_force_update
 .text.nxt_lcd_update
                0x0000000000204c94        0xc ../../ecrobot/../ecrobot/libecrobot.a(nxt_lcd.oram)
                0x0000000000204c94                nxt_lcd_update
 .text.nxt_lcd_power_up
                0x0000000000204ca0       0x48 ../../ecrobot/../ecrobot/libecrobot.a(nxt_lcd.oram)
                0x0000000000204ca0                nxt_lcd_power_up
 .text.nxt_lcd_power_down
                0x0000000000204ce8        0xc ../../ecrobot/../ecrobot/libecrobot.a(nxt_lcd.oram)
                0x0000000000204ce8                nxt_lcd_power_down
 .text.nxt_lcd_init
                0x0000000000204cf4       0x18 ../../ecrobot/../ecrobot/libecrobot.a(nxt_lcd.oram)
                0x0000000000204cf4                nxt_lcd_init
 .text.verify_flash_page
                0x0000000000204d0c       0x34 ../../ecrobot/../ecrobot/libecrobot.a(flash_loader.oram)
 .text.set_flash_request
                0x0000000000204d40       0x38 ../../ecrobot/../ecrobot/libecrobot.a(flash_loader.oram)
                0x0000000000204d40                set_flash_request
 .text.nxt_device_init
                0x0000000000204d78       0x38 ../../ecrobot/../ecrobot/libecrobot.a(flash_loader.oram)
                0x0000000000204d78                nxt_device_init
 .text          0x0000000000204db0       0x68 ../../ecrobot/../ecrobot/libecrobot.a(interrupts.oram)
                0x0000000000204db0                interrupts_get_and_disable
                0x0000000000204dd4                interrupts_enable
                0x0000000000204de4                fiq_get_and_disable
                0x0000000000204e08                fiq_enable
 .text.flash_write_page
                0x0000000000204e18       0xc0 ../../ecrobot/../ecrobot/libecrobot.a(flashprog.oram)
                0x0000000000204e18                flash_write_page
                0x0000000000204ee0                . = ALIGN (0x10)
 *fill*         0x0000000000204ed8        0x8 00
 *.oram(*.rodata *.rodata.*)
 .rodata.ld     0x0000000000204ee0        0x4 ../../ecrobot/../ecrobot/libecrobot.a(udp.oram)
 .rodata.cfd    0x0000000000204ee4       0x20 ../../ecrobot/../ecrobot/libecrobot.a(udp.oram)
 .rodata.dd     0x0000000000204f04       0x12 ../../ecrobot/../ecrobot/libecrobot.a(udp.oram)
 *fill*         0x0000000000204f16        0x2 00
 .rodata.str1.4
                0x0000000000204f18       0x22 ../../ecrobot/../ecrobot/libecrobot.a(data_abort.oram)
                                         0x24 (size before relaxing)
 .rodata.font   0x0000000000204f3a      0x280 ../../ecrobot/../ecrobot/libecrobot.a(display.oram)
 *fill*         0x00000000002051ba        0x2 00
 .rodata.str1.4
                0x00000000002051bc       0x76 ../../ecrobot/../ecrobot/libecrobot.a(display.oram)
                                         0x78 (size before relaxing)
 *fill*         0x0000000000205232        0x2 00
 .rodata.i2c_pin
                0x0000000000205234       0x20 ../../ecrobot/../ecrobot/libecrobot.a(i2c.oram)
 .rodata.i2c_timer_isr_C
                0x0000000000205254       0x38 ../../ecrobot/../ecrobot/libecrobot.a(i2c.oram)
 .rodata.silence
                0x000000000020528c       0x40 ../../ecrobot/../ecrobot/libecrobot.a(sound.oram)
                0x000000000020528c                silence
 .rodata.sample_pattern
                0x00000000002052cc       0x84 ../../ecrobot/../ecrobot/libecrobot.a(sound.oram)
                0x00000000002052cc                sample_pattern
 .rodata        0x0000000000205350        0xc ../../ecrobot/../ecrobot/libecrobot.a(sound.oram)
 .rodata.avr_brainwash_string
                0x000000000020535c       0x30 ../../ecrobot/../ecrobot/libecrobot.a(nxt_avr.oram)
                0x000000000020535c                avr_brainwash_string
 .rodata.nxt_avr_1kHz_update
                0x000000000020538c       0x14 ../../ecrobot/../ecrobot/libecrobot.a(nxt_avr.oram)
 .rodata.C.33.1823
                0x00000000002053a0       0x10 ../../ecrobot/../ecrobot/libecrobot.a(sensors.oram)
 .rodata.C.37.1857
                0x00000000002053b0       0x10 ../../ecrobot/../ecrobot/libecrobot.a(sensors.oram)
 .rodata.C.31.1806
                0x00000000002053c0       0x10 ../../ecrobot/../ecrobot/libecrobot.a(sensors.oram)
 .rodata.str1.4
                0x00000000002053d0       0x24 ../../ecrobot/../ecrobot/libecrobot.a(flash_loader.oram)
 *fill*         0x00000000002053f4        0x4 00
 .rodata.str1.4.stub
                0x00000000002053f8       0x10 linker stubs
                0x0000000000205410                . = ALIGN (0x10)
 *fill*         0x0000000000205408        0x8 00
                0x00000000002022c0                __ramtext_ram_start__ = ADDR (.ram_text)
                0x0000000000205410                __ramtext_ram_end__ = (ADDR (.ram_text) + SIZEOF (.ram_text))
                0x00000000002022c0                __ramtext_load_start__ = LOADADDR (.ram_text)
                0x0000000000205410                __ramtext_load_end__ = (__ramtext_load_start__ + SIZEOF (.ram_text))

.wav_data       0x0000000000205410        0x0
 *.owav(*.data *.data.*)
                0x0000000000205410                . = ALIGN (0x10)

.bmp_data       0x0000000000205410      0x440
 *.obmp(*.data *.data.*)
 .data          0x0000000000205410      0x43e ../../ecrobot/../ecrobot/libecrobot.a(nxtosek_splash.obmp)
                0x0000000000205410                nxtosek_splash_bmp_start
                0x000000000020584e                nxtosek_splash_bmp_end
                0x0000000000205850                . = ALIGN (0x10)
 *fill*         0x000000000020584e        0x2 00

.spr_data       0x0000000000205850        0x0
 *.ospr(*.data *.data.*)
                0x0000000000205850                . = ALIGN (0x10)

.data           0x0000000000205850       0x70
 *(*.data *.data.*)
 .data.distance_state
                0x0000000000205850       0x10 ../../ecrobot/../ecrobot/libecrobot.a(ecrobot_interface.o)
 .data.deviceStatus
                0x0000000000205860        0x1 ../../ecrobot/../ecrobot/libecrobot.a(ecrobot_interface.o)
 .bss.data.2530
                0x0000000000205861        0x4 ../../ecrobot/../ecrobot/libecrobot.a(ecrobot_interface.o)
 .data.named    0x0000000000205865       0x22 ../../ecrobot/../ecrobot/libecrobot.a(udp.oram)
 .data.snd      0x0000000000205887       0x1a ../../ecrobot/../ecrobot/libecrobot.a(udp.oram)
 *fill*         0x00000000002058a1        0x3 00
 .data.configured
                0x00000000002058a4        0x4 ../../ecrobot/../ecrobot/libecrobot.a(udp.oram)
 .data.mode     0x00000000002058a8        0x1 ../../ecrobot/../ecrobot/libecrobot.a(nxt_spi.oram)
                0x00000000002058a8                mode
 *fill*         0x00000000002058a9        0x3 00
 .bss.data      0x00000000002058ac        0x4 ../../ecrobot/../ecrobot/libecrobot.a(nxt_spi.oram)
                0x00000000002058ac                data
 .data.display_auto_update
                0x00000000002058b0        0x4 ../../ecrobot/../ecrobot/libecrobot.a(display.oram)
                0x00000000002058b0                display_auto_update
 .data.display_buffer
                0x00000000002058b4        0x4 ../../ecrobot/../ecrobot/libecrobot.a(display.oram)
                0x00000000002058c0                . = ALIGN (0x10)
 *fill*         0x00000000002058b8        0x8 00
                0x0000000000205850                __data_ram_start__ = ADDR (.data)
                0x00000000002058c0                __data_ram_end__ = (ADDR (.data) + SIZEOF (.data))
                0x0000000000205850                __data_load_start__ = LOADADDR (.data)
                0x00000000002058c0                __data_load_end__ = (__data_load_start__ + SIZEOF (.data))

.text           0x00000000002058c0     0x1340
                0x00000000002058c0                . = ALIGN (0x10)
 *(*.text *.text.* *.glue*)
 .glue_7        0x00000000002058c0       0x18 linker stubs
                0x00000000002058c0                __call_posttaskhook_from_arm
                0x00000000002058cc                __call_pretaskhook_from_arm
 .glue_7t       0x0000000000000000        0x0 linker stubs
 .text.enqueue_alarm
                0x00000000002058d8       0x94 build/kernel/alarm.o
 .text.alarm_initialize
                0x000000000020596c       0x98 build/kernel/alarm.o
                0x000000000020596c                alarm_initialize
 .text.unlock_cpu
                0x0000000000205a04        0xc build/kernel/alarm.o
 .text.lock_cpu
                0x0000000000205a10        0xc build/kernel/alarm.o
 .text.SignalCounter
                0x0000000000205a1c      0x128 build/kernel/alarm.o
                0x0000000000205a1c                SignalCounter
 .text.ShutdownOS
                0x0000000000205b44       0x4c build/kernel/osctl.o
                0x0000000000205b44                ShutdownOS
 .text.StartOS  0x0000000000205b90       0x58 build/kernel/osctl.o
                0x0000000000205b90                StartOS
 .text.call_pretaskhook
                0x0000000000205be8       0x24 build/kernel/osctl.o
                0x0000000000205be8                call_pretaskhook
 .text.call_posttaskhook
                0x0000000000205c0c       0x24 build/kernel/osctl.o
                0x0000000000205c0c                call_posttaskhook
 .text.call_errorhook
                0x0000000000205c30       0x78 build/kernel/osctl.o
                0x0000000000205c30                call_errorhook
 .text.make_runnable
                0x0000000000205ca8       0xa4 build/kernel/task.o
                0x0000000000205ca8                make_runnable
 .text.make_active
                0x0000000000205d4c       0x78 build/kernel/task.o
                0x0000000000205d4c                make_active
 .text.task_initialize
                0x0000000000205dc4       0x88 build/kernel/task.o
                0x0000000000205dc4                task_initialize
 .text.search_schedtsk
                0x0000000000205e4c       0x90 build/kernel/task.o
                0x0000000000205e4c                search_schedtsk
 .text.unlock_cpu
                0x0000000000205edc        0xc build/kernel/task_manage.o
 .text.lock_cpu
                0x0000000000205ee8        0xc build/kernel/task_manage.o
 .text.ActivateTask
                0x0000000000205ef4       0x8c build/kernel/task_manage.o
                0x0000000000205ef4                ActivateTask
 .text.TerminateTask
                0x0000000000205f80       0x74 build/kernel/task_manage.o
                0x0000000000205f80                TerminateTask
 .text.cpu_initialize
                0x0000000000205ff4        0x4 build/config/at91sam7s-gnu/cpu_config.o
                0x0000000000205ff4                cpu_initialize
 .text.cpu_terminate
                0x0000000000205ff8        0x4 build/config/at91sam7s-gnu/cpu_config.o
                0x0000000000205ff8                cpu_terminate
 .text.sys_initialize
                0x0000000000205ffc        0x4 build/config/at91sam7s-gnu/lego_nxt/sys_config.o
                0x0000000000205ffc                sys_initialize
 .text.sys_exit
                0x0000000000206000        0x4 build/config/at91sam7s-gnu/lego_nxt/sys_config.o
                0x0000000000206000                sys_exit
 .text._activate_alarm_DegPS_alarm
                0x0000000000206004        0xc build/./kernel_cfg.o
 .text._activate_alarm_cyclic_alarm2
                0x0000000000206010        0xc build/./kernel_cfg.o
 .text._activate_alarm_cyclic_alarm1
                0x000000000020601c        0xc build/./kernel_cfg.o
 .text.object_initialize
                0x0000000000206028       0x10 build/./kernel_cfg.o
                0x0000000000206028                object_initialize
 .text.init_OS_flag
                0x0000000000206038        0xc build/ecrobot_base.o
                0x0000000000206038                init_OS_flag
 .text.set_OS_flag
                0x0000000000206044        0xc build/ecrobot_base.o
                0x0000000000206044                set_OS_flag
 .text.get_OS_flag
                0x0000000000206050        0xc build/ecrobot_base.o
                0x0000000000206050                get_OS_flag
 .text.cpp_constructor
                0x000000000020605c       0x28 build/ecrobot_base.o
                0x000000000020605c                cpp_constructor
 .text.cpp_destructor
                0x0000000000206084       0x28 build/ecrobot_base.o
                0x0000000000206084                cpp_destructor
 .text.execution_mode
                0x00000000002060ac       0x14 build/ecrobot_base.o
                0x00000000002060ac                execution_mode
 .text.check_NXT_buttons
                0x00000000002060c0       0x7c build/ecrobot_base.o
                0x00000000002060c0                check_NXT_buttons
 .text.add_status_info
                0x000000000020613c       0x68 build/ecrobot_base.o
                0x000000000020613c                add_status_info
 .text.show_main_screen
                0x00000000002061a4       0x48 build/ecrobot_base.o
                0x00000000002061a4                show_main_screen
 .text.display_status_bar
                0x00000000002061ec       0x5c build/ecrobot_base.o
                0x00000000002061ec                display_status_bar
 .text.show_splash_screen
                0x0000000000206248       0x98 build/ecrobot_base.o
                0x0000000000206248                show_splash_screen
 .text.main     0x00000000002062e0      0x104 build/ecrobot.o
                0x00000000002062e0                main
 .text.getdegpscount
                0x00000000002063e4       0x28 build/sonartest.o
                0x00000000002063e4                getdegpscount
 .text.TaskMainDegPSCounter
                0x000000000020640c       0x38 build/sonartest.o
                0x000000000020640c                TaskMainDegPSCounter
 .text.TaskMainTask2
                0x0000000000206444       0x78 build/sonartest.o
                0x0000000000206444                TaskMainTask2
 .text.TaskMainTask1
                0x00000000002064bc       0x10 build/sonartest.o
                0x00000000002064bc                TaskMainTask1
 .text.user_1ms_isr_type2
                0x00000000002064cc       0x1c build/sonartest.o
                0x00000000002064cc                user_1ms_isr_type2
 .text.ecrobot_device_terminate
                0x00000000002064e8       0x30 build/sonartest.o
                0x00000000002064e8                ecrobot_device_terminate
 .text.ecrobot_device_initialize
                0x0000000000206518       0x14 build/sonartest.o
                0x0000000000206518                ecrobot_device_initialize
 .text.ecrobot_set_light_sensor_active
                0x000000000020652c       0x10 ../../ecrobot/../ecrobot/libecrobot.a(ecrobot_interface.o)
                0x000000000020652c                ecrobot_set_light_sensor_active
 .text.ecrobot_set_light_sensor_inactive
                0x000000000020653c       0x10 ../../ecrobot/../ecrobot/libecrobot.a(ecrobot_interface.o)
                0x000000000020653c                ecrobot_set_light_sensor_inactive
 .text.ecrobot_get_light_sensor
                0x000000000020654c       0x14 ../../ecrobot/../ecrobot/libecrobot.a(ecrobot_interface.o)
                0x000000000020654c                ecrobot_get_light_sensor
 .text.ecrobot_init_i2c
                0x0000000000206560       0x28 ../../ecrobot/../ecrobot/libecrobot.a(ecrobot_interface.o)
                0x0000000000206560                ecrobot_init_i2c
 .text.ecrobot_init_sonar_sensor
                0x0000000000206588       0x10 ../../ecrobot/../ecrobot/libecrobot.a(ecrobot_interface.o)
                0x0000000000206588                ecrobot_init_sonar_sensor
 .text.ecrobot_get_sonar_sensor
                0x0000000000206598       0x48 ../../ecrobot/../ecrobot/libecrobot.a(ecrobot_interface.o)
                0x0000000000206598                ecrobot_get_sonar_sensor
 .text.ecrobot_term_sonar_sensor
                0x00000000002065e0       0x20 ../../ecrobot/../ecrobot/libecrobot.a(ecrobot_interface.o)
                0x00000000002065e0                ecrobot_term_sonar_sensor
 .text.ecrobot_get_battery_voltage
                0x0000000000206600        0xc ../../ecrobot/../ecrobot/libecrobot.a(ecrobot_interface.o)
                0x0000000000206600                ecrobot_get_battery_voltage
 .text.ecrobot_get_button_state
                0x000000000020660c        0xc ../../ecrobot/../ecrobot/libecrobot.a(ecrobot_interface.o)
                0x000000000020660c                ecrobot_get_button_state
 .text.ecrobot_init_nxtstate
                0x0000000000206618       0x28 ../../ecrobot/../ecrobot/libecrobot.a(ecrobot_interface.o)
                0x0000000000206618                ecrobot_init_nxtstate
 .text.ecrobot_poll_nxtstate
                0x0000000000206640       0x64 ../../ecrobot/../ecrobot/libecrobot.a(ecrobot_interface.o)
                0x0000000000206640                ecrobot_poll_nxtstate
 .text.ecrobot_setDeviceInitialized
                0x00000000002066a4       0x14 ../../ecrobot/../ecrobot/libecrobot.a(ecrobot_interface.o)
                0x00000000002066a4                ecrobot_setDeviceInitialized
 .text.ecrobot_bmp2lcd
                0x00000000002066b8      0x1c8 ../../ecrobot/../ecrobot/libecrobot.a(ecrobot_interface.o)
                0x00000000002066b8                ecrobot_bmp2lcd
 .text.StartupHook
                0x0000000000206880        0x4 ../../ecrobot/../ecrobot/libecrobot.a(osek_hook.o)
                0x0000000000206880                StartupHook
 .text.PreTaskHook
                0x0000000000206884        0x4 ../../ecrobot/../ecrobot/libecrobot.a(osek_hook.o)
                0x0000000000206884                PreTaskHook
 .text.PostTaskHook
                0x0000000000206888        0x4 ../../ecrobot/../ecrobot/libecrobot.a(osek_hook.o)
                0x0000000000206888                PostTaskHook
 .text.ErrorHook
                0x000000000020688c        0x4 ../../ecrobot/../ecrobot/libecrobot.a(osek_hook.o)
                0x000000000020688c                ErrorHook
 .text.ShutdownHook
                0x0000000000206890        0x4 ../../ecrobot/../ecrobot/libecrobot.a(osek_hook.o)
                0x0000000000206890                ShutdownHook
 .text          0x0000000000206894       0x8c /home/jazzinghen/Tools/GNUarm/gnuarm/lib/gcc/arm-elf/4.4.2/thumb/interwork/libgcc.a(_udivsi3.o)
                0x0000000000206894                __udivsi3
                0x0000000000206894                __aeabi_uidiv
                0x0000000000206910                __aeabi_uidivmod
 .text          0x0000000000206920       0xc8 /home/jazzinghen/Tools/GNUarm/gnuarm/lib/gcc/arm-elf/4.4.2/thumb/interwork/libgcc.a(_umodsi3.o)
                0x0000000000206920                __umodsi3
 .text          0x00000000002069e8        0x4 /home/jazzinghen/Tools/GNUarm/gnuarm/lib/gcc/arm-elf/4.4.2/thumb/interwork/libgcc.a(_dvmd_tls.o)
                0x00000000002069e8                __aeabi_ldiv0
                0x00000000002069e8                __div0
                0x00000000002069e8                __aeabi_idiv0
 .text          0x00000000002069ec       0x98 /home/jazzinghen/Tools/GNUarm/gnuarm/lib/gcc/arm-elf/4.4.2/../../../../arm-elf/lib/thumb/interwork/libc.a(lib_a-memset.o)
                0x00000000002069ec                memset
 .text          0x0000000000206a84       0x10 /home/jazzinghen/Tools/GNUarm/gnuarm/lib/gcc/arm-elf/4.4.2/../../../../arm-elf/lib/thumb/interwork/libc.a(lib_a-strcpy.o)
                0x0000000000206a84                strcpy
 .text          0x0000000000206a94       0x10 /home/jazzinghen/Tools/GNUarm/gnuarm/lib/gcc/arm-elf/4.4.2/../../../../arm-elf/lib/thumb/interwork/libc.a(lib_a-strlen.o)
                0x0000000000206a94                strlen
                0x0000000000206ab0                . = ALIGN (0x10)
 *fill*         0x0000000000206aa4        0xc 00
 *(*.rodata *.rodata.*)
 .rodata.search_table.1033
                0x0000000000206ab0       0x10 build/kernel/task.o
 .rodata.alminib_cback
                0x0000000000206ac0        0xc build/./kernel_cfg.o
                0x0000000000206ac0                alminib_cback
 .rodata.tinib_maxact
                0x0000000000206acc        0x4 build/./kernel_cfg.o
                0x0000000000206acc                tinib_maxact
 .rodata.cntinib_tickbase
                0x0000000000206ad0        0x4 build/./kernel_cfg.o
                0x0000000000206ad0                cntinib_tickbase
 .rodata.alminib_cntid
                0x0000000000206ad4        0x4 build/./kernel_cfg.o
                0x0000000000206ad4                alminib_cntid
 .rodata.tnum_task
                0x0000000000206ad8        0x1 build/./kernel_cfg.o
                0x0000000000206ad8                tnum_task
 *fill*         0x0000000000206ad9        0x3 00
 .rodata.cntinib_maxval
                0x0000000000206adc        0x4 build/./kernel_cfg.o
                0x0000000000206adc                cntinib_maxval
 .rodata.alminib_almval
                0x0000000000206ae0        0xc build/./kernel_cfg.o
                0x0000000000206ae0                alminib_almval
 .rodata.tinib_stksz
                0x0000000000206aec        0x8 build/./kernel_cfg.o
                0x0000000000206aec                tinib_stksz
 .rodata.alminib_cycle
                0x0000000000206af4        0xc build/./kernel_cfg.o
                0x0000000000206af4                alminib_cycle
 .rodata.tinib_inipri
                0x0000000000206b00        0x4 build/./kernel_cfg.o
                0x0000000000206b00                tinib_inipri
 .rodata.tnum_counter
                0x0000000000206b04        0x1 build/./kernel_cfg.o
                0x0000000000206b04                tnum_counter
 *fill*         0x0000000000206b05        0x3 00
 .rodata.cntinib_maxval2
                0x0000000000206b08        0x4 build/./kernel_cfg.o
                0x0000000000206b08                cntinib_maxval2
 .rodata.tinib_stk
                0x0000000000206b0c        0xc build/./kernel_cfg.o
                0x0000000000206b0c                tinib_stk
 .rodata.tnum_exttask
                0x0000000000206b18        0x1 build/./kernel_cfg.o
                0x0000000000206b18                tnum_exttask
 *fill*         0x0000000000206b19        0x3 00
 .rodata.tinib_exepri
                0x0000000000206b1c        0x4 build/./kernel_cfg.o
                0x0000000000206b1c                tinib_exepri
 .rodata.tinib_autoact
                0x0000000000206b20        0x4 build/./kernel_cfg.o
                0x0000000000206b20                tinib_autoact
 .rodata.SysTimerCnt
                0x0000000000206b24        0x1 build/./kernel_cfg.o
                0x0000000000206b24                SysTimerCnt
 .rodata.tnum_alarm
                0x0000000000206b25        0x1 build/./kernel_cfg.o
                0x0000000000206b25                tnum_alarm
 *fill*         0x0000000000206b26        0x2 00
 .rodata.tinib_task
                0x0000000000206b28        0xc build/./kernel_cfg.o
                0x0000000000206b28                tinib_task
 .rodata.alminib_autosta
                0x0000000000206b34        0x4 build/./kernel_cfg.o
                0x0000000000206b34                alminib_autosta
 .rodata.str1.1
                0x0000000000206b38       0x6c build/ecrobot_base.o
 .rodata.exec_addr
                0x0000000000206ba4        0x4 build/ecrobot_base.o
                0x0000000000206ba4                exec_addr
 .rodata.str1.1
                0x0000000000206ba8       0x25 build/sonartest.o
 *fill*         0x0000000000206bcd        0x3 00
 .rodata.str1.1.stub
                0x0000000000206bd0       0x30 linker stubs
                0x0000000000206c00                . = ALIGN (0x10)
 *fill*         0x0000000000206c00        0x0 00
 *(*.gnu.linkonce.* .gcc_except_table)
                0x0000000000206c00                . = ALIGN (0x10)

.vfp11_veneer   0x00000000002058c0        0x0
 .vfp11_veneer  0x0000000000000000        0x0 linker stubs

.v4_bx          0x00000000002058c0        0x0
 .v4_bx         0x0000000000000000        0x0 linker stubs

.tors           0x0000000000206c00        0x0
                0x0000000000206c00                . = ALIGN (0x10)
                0x0000000000206c00                __ctor_begin = .
 *(*.ctors*)
                0x0000000000206c00                __ctor_end = .
                0x0000000000206c00                . = ALIGN (0x10)
                0x0000000000206c00                __dtor_begin = .
 *(*.dtors*)
                0x0000000000206c00                __dtor_end = .
                0x0000000000206c00                . = ALIGN (0x10)

.bss            0x0000000000206c00     0x23ec
 *(*.bss *.bss.*)
 .bss.ready_queue_first
                0x0000000000206c00       0x10 build/kernel/task.o
 .bss.ready_primap
                0x0000000000206c10        0x2 build/kernel/task.o
 *fill*         0x0000000000206c12        0x2 00
 .bss.ready_queue_last
                0x0000000000206c14       0x10 build/kernel/task.o
 .bss._stack_Task2
                0x0000000000206c24      0x200 build/./kernel_cfg.o
 .bss._stack_Task1
                0x0000000000206e24      0x200 build/./kernel_cfg.o
 .bss._stack_DegPSCounter
                0x0000000000207024      0x200 build/./kernel_cfg.o
 .bss.lcd.2565  0x0000000000207224      0x320 build/ecrobot_base.o
 .bss.last_act_time.2643
                0x0000000000207544        0x4 build/ecrobot_base.o
 .bss.status_bar_position
                0x0000000000207548        0x4 build/ecrobot_base.o
 .bss.status_bar
                0x000000000020754c       0x10 build/ecrobot_base.o
 .bss.OS_flag   0x000000000020755c        0x4 build/ecrobot_base.o
 .bss.i         0x0000000000207560        0x4 build/sonartest.o
                0x0000000000207560                i
 .bss.buttons_i
                0x0000000000207564        0x4 ../../ecrobot/../ecrobot/libecrobot.a(ecrobot_interface.o)
 .bss.buttons_states
                0x0000000000207568       0x14 ../../ecrobot/../ecrobot/libecrobot.a(ecrobot_interface.o)
 .bss.ecrobot_inputs
                0x000000000020757c        0x8 ../../ecrobot/../ecrobot/libecrobot.a(ecrobot_interface.o)
 .bss.systick_ms
                0x0000000000207584        0x4 ../../ecrobot/../ecrobot/libecrobot.a(systick.oram)
 .bss.delayedEnable
                0x0000000000207588        0x1 ../../ecrobot/../ecrobot/libecrobot.a(udp.oram)
 *fill*         0x0000000000207589        0x3 00
 .bss.outCnt    0x000000000020758c        0x4 ../../ecrobot/../ecrobot/libecrobot.a(udp.oram)
 .bss.outPtr    0x0000000000207590        0x4 ../../ecrobot/../ecrobot/libecrobot.a(udp.oram)
 .bss.newAddress
                0x0000000000207594        0x4 ../../ecrobot/../ecrobot/libecrobot.a(udp.oram)
 .bss.currentRxBank
                0x0000000000207598        0x4 ../../ecrobot/../ecrobot/libecrobot.a(udp.oram)
 .bss.currentFeatures
                0x000000000020759c        0x4 ../../ecrobot/../ecrobot/libecrobot.a(udp.oram)
 .bss.currentConfig
                0x00000000002075a0        0x1 ../../ecrobot/../ecrobot/libecrobot.a(udp.oram)
 *fill*         0x00000000002075a1        0x3 00
 .bss.twi_mask  0x00000000002075a4        0x4 ../../ecrobot/../ecrobot/libecrobot.a(twi.oram)
 .bss.twi_ptr   0x00000000002075a8        0x4 ../../ecrobot/../ecrobot/libecrobot.a(twi.oram)
 .bss.twi_pending
                0x00000000002075ac        0x4 ../../ecrobot/../ecrobot/libecrobot.a(twi.oram)
 .bss.twi_state
                0x00000000002075b0        0x4 ../../ecrobot/../ecrobot/libecrobot.a(twi.oram)
 .bss.page      0x00000000002075b4        0x1 ../../ecrobot/../ecrobot/libecrobot.a(nxt_spi.oram)
                0x00000000002075b4                page
 .bss.dirty     0x00000000002075b5        0x1 ../../ecrobot/../ecrobot/libecrobot.a(nxt_spi.oram)
                0x00000000002075b5                dirty
 *fill*         0x00000000002075b6        0x2 00
 .bss.display   0x00000000002075b8        0x4 ../../ecrobot/../ecrobot/libecrobot.a(nxt_spi.oram)
                0x00000000002075b8                display
 .bss.interrupts_this_period
                0x00000000002075bc        0x4 ../../ecrobot/../ecrobot/libecrobot.a(nxt_motors.oram)
 .bss.nxt_motor_initialised
                0x00000000002075c0        0x4 ../../ecrobot/../ecrobot/libecrobot.a(nxt_motors.oram)
 .bss.motor     0x00000000002075c4       0x30 ../../ecrobot/../ecrobot/libecrobot.a(nxt_motors.oram)
 .bss.display_tick
                0x00000000002075f4        0x4 ../../ecrobot/../ecrobot/libecrobot.a(display.oram)
                0x00000000002075f4                display_tick
 .bss.display_array
                0x00000000002075f8      0x388 ../../ecrobot/../ecrobot/libecrobot.a(display.oram)
 .bss.i2c_int_count
                0x0000000000207980        0x4 ../../ecrobot/../ecrobot/libecrobot.a(i2c.oram)
 .bss.i2c_port  0x0000000000207984      0x170 ../../ecrobot/../ecrobot/libecrobot.a(i2c.oram)
 .bss.sound_mode
                0x0000000000207af4        0x1 ../../ecrobot/../ecrobot/libecrobot.a(sound.oram)
                0x0000000000207af4                sound_mode
 *fill*         0x0000000000207af5        0x3 00
 .bss.in_buf_idx
                0x0000000000207af8        0x4 ../../ecrobot/../ecrobot/libecrobot.a(bt.oram)
 .bss.buf_ptr   0x0000000000207afc        0x4 ../../ecrobot/../ecrobot/libecrobot.a(bt.oram)
 .bss.out_buf_ptr
                0x0000000000207b00        0x1 ../../ecrobot/../ecrobot/libecrobot.a(bt.oram)
 .bss.in_buf_in_ptr
                0x0000000000207b01        0x1 ../../ecrobot/../ecrobot/libecrobot.a(bt.oram)
 .bss.in_buf    0x0000000000207b02      0x100 ../../ecrobot/../ecrobot/libecrobot.a(bt.oram)
 *fill*         0x0000000000207c02        0x2 00
 .bss.link_state
                0x0000000000207c04        0x4 ../../ecrobot/../ecrobot/libecrobot.a(nxt_avr.oram)
 .bss.update_count
                0x0000000000207c08        0x4 ../../ecrobot/../ecrobot/libecrobot.a(nxt_avr.oram)
 .bss.nxt_avr_stats
                0x0000000000207c0c       0x14 ../../ecrobot/../ecrobot/libecrobot.a(nxt_avr.oram)
 .bss.debounce_cnt
                0x0000000000207c20        0x2 ../../ecrobot/../ecrobot/libecrobot.a(nxt_avr.oram)
 .bss.debounce_state
                0x0000000000207c22        0x2 ../../ecrobot/../ecrobot/libecrobot.a(nxt_avr.oram)
 .bss.button_state
                0x0000000000207c24        0x2 ../../ecrobot/../ecrobot/libecrobot.a(nxt_avr.oram)
 .bss.prev_buttons
                0x0000000000207c26        0x2 ../../ecrobot/../ecrobot/libecrobot.a(nxt_avr.oram)
 .bss.from_buf  0x0000000000207c28        0x4 ../../ecrobot/../ecrobot/libecrobot.a(nxt_avr.oram)
 .bss.io_from_avr
                0x0000000000207c2c        0x4 ../../ecrobot/../ecrobot/libecrobot.a(nxt_avr.oram)
 .bss.data_from_avr
                0x0000000000207c30       0x1a ../../ecrobot/../ecrobot/libecrobot.a(nxt_avr.oram)
 .bss.data_to_avr
                0x0000000000207c4a        0x9 ../../ecrobot/../ecrobot/libecrobot.a(nxt_avr.oram)
 .bss.io_to_avr
                0x0000000000207c53        0x8 ../../ecrobot/../ecrobot/libecrobot.a(nxt_avr.oram)
 *fill*         0x0000000000207c5b        0x1 00
 .bss.display   0x0000000000207c5c        0x4 ../../ecrobot/../ecrobot/libecrobot.a(nxt_lcd.oram)
                0x0000000000207c60                . = ALIGN (0x10)
                0x0000000000207c60                __bss_end__ = .
 COMMON         0x0000000000207c60        0x2 build/kernel/interrupt.o
                0x0000000000207c60                runisr
                0x0000000000207c61                sus_all_cnt
 *fill*         0x0000000000207c62        0x2 00
 COMMON         0x0000000000207c64       0x10 build/kernel/osctl.o
                0x0000000000207c64                callevel
                0x0000000000207c65                _errorhook_svcid
                0x0000000000207c66                appmode
                0x0000000000207c68                _errorhook_par1
                0x0000000000207c6c                _errorhook_par3
                0x0000000000207c70                _errorhook_par2
 COMMON         0x0000000000207c74        0x3 build/kernel/task.o
                0x0000000000207c74                runtsk
                0x0000000000207c75                schedtsk
                0x0000000000207c76                nextpri
 *fill*         0x0000000000207c77        0x1 00
 COMMON         0x0000000000207c78       0x68 build/./kernel_cfg.o
                0x0000000000207c78                tcb_waievt
                0x0000000000207c7c                rescb_prevpri
                0x0000000000207c80                almcb_prev
                0x0000000000207c84                tcb_lastres
                0x0000000000207c88                almcb_almval
                0x0000000000207c94                tcxb_pc
                0x0000000000207ca0                tcb_next
                0x0000000000207ca4                tcb_curpri
                0x0000000000207ca8                tcb_tstat
                0x0000000000207cac                isrcb_lastres
                0x0000000000207cb0                cntcb_almque
                0x0000000000207cb4                rescb_prevres
                0x0000000000207cb8                tcb_actcnt
                0x0000000000207cbc                tcb_curevt
                0x0000000000207cc0                almcb_cycle
                0x0000000000207ccc                tcxb_sp
                0x0000000000207cd8                almcb_next
                0x0000000000207cdc                cntcb_curval
 COMMON         0x0000000000207ce0      0xfa0 build/sonartest.o
                0x0000000000207ce0                degpsreadings
 COMMON         0x0000000000208c80       0x44 ../../ecrobot/../ecrobot/libecrobot.a(uart.oram)
                0x0000000000208c80                uart
 COMMON         0x0000000000208cc4        0x4 ../../ecrobot/../ecrobot/libecrobot.a(data_abort.oram)
                0x0000000000208cc4                data_abort_pc
 COMMON         0x0000000000208cc8        0x8 ../../ecrobot/../ecrobot/libecrobot.a(display.oram)
                0x0000000000208cc8                display_x
                0x0000000000208ccc                display_y
 COMMON         0x0000000000208cd0      0x31c ../../ecrobot/../ecrobot/libecrobot.a(sound.oram)
                0x0000000000208cd0                sample
                0x0000000000206c00                __bss_start__ = ADDR (.bss)
                0x0000000000208fec                __bss_end__ = (ADDR (.bss) + SIZEOF (.bss))
                0x0000000000208fec                PROVIDE (end, .)

.heap_area      0x0000000000208fec     0x6b8c
                0x000000000020fb78                . = (. + (0x20fb78 - end))
 *fill*         0x0000000000208fec     0x6b8c 00

.stack          0x000000000020fb78      0x488
                0x000000000020fbf8                . = (. + 0x80)
 *fill*         0x000000000020fb78       0x80 00
                0x000000000020fc00                . = ALIGN (0x10)
 *fill*         0x000000000020fbf8        0x8 00
                0x000000000020fc00                __irq_stack__ = .
                0x000000000020fc00                __system_stack_bottom__ = .
                0x0000000000210000                . = (. + 0x400)
 *fill*         0x000000000020fc00      0x400 00
                0x0000000000210000                . = ALIGN (0x10)
                0x0000000000210000                __system_stack__ = .
                0x0000000000210000                __system_stack_top__ = .
                0x000000000020fb78                __stack_start__ = ADDR (.stack)
                0x0000000000210000                __stack_end__ = (ADDR (.stack) + SIZEOF (.stack))
OUTPUT(SonarTest_ram.elf elf32-littlearm)

.comment        0x0000000000000000      0x18b
 .comment       0x0000000000000000       0x11 build/kernel/alarm.o
                                         0x12 (size before relaxing)
 .comment       0x0000000000000000       0x12 build/kernel/event.o
 .comment       0x0000000000000000       0x12 build/kernel/interrupt.o
 .comment       0x0000000000000000       0x12 build/kernel/osctl.o
 .comment       0x0000000000000000       0x12 build/kernel/resource.o
 .comment       0x0000000000000000       0x12 build/kernel/task.o
 .comment       0x0000000000000000       0x12 build/kernel/task_manage.o
 .comment       0x0000000000000000       0x12 build/config/at91sam7s-gnu/cpu_config.o
 .comment       0x0000000000000000       0x12 build/config/at91sam7s-gnu/lego_nxt/sys_config.o
 .comment       0x0000000000000000       0x12 build/./kernel_cfg.o
 .comment       0x0000000000000000       0x12 build/syscalls.o
 .comment       0x0000000000000000       0x12 build/ecrobot_bluetooth.o
 .comment       0x0000000000000000       0x12 build/ecrobot_base.o
 .comment       0x0000000000000000       0x12 build/ecrobot.o
 .comment       0x0000000000000000       0x12 build/sonartest.o
 .comment       0x0000000000000000       0x12 build/syslib/at91sam7s-gnu/lego_nxt/hw_sys_timer.oram
 .comment       0x0000000000000011       0x12 ../../ecrobot/../ecrobot/libecrobot.a(ecrobot_interface.o)
 .comment       0x0000000000000023       0x12 ../../ecrobot/../ecrobot/libecrobot.a(osek_hook.o)
 .comment       0x0000000000000035       0x12 ../../ecrobot/../ecrobot/libecrobot.a(uart.oram)
 .comment       0x0000000000000047       0x12 ../../ecrobot/../ecrobot/libecrobot.a(systick.oram)
 .comment       0x0000000000000059       0x12 ../../ecrobot/../ecrobot/libecrobot.a(byte_fifo.oram)
 .comment       0x000000000000006b       0x12 ../../ecrobot/../ecrobot/libecrobot.a(aic.oram)
 .comment       0x000000000000007d       0x12 ../../ecrobot/../ecrobot/libecrobot.a(udp.oram)
 .comment       0x000000000000008f       0x12 ../../ecrobot/../ecrobot/libecrobot.a(twi.oram)
 .comment       0x00000000000000a1       0x12 ../../ecrobot/../ecrobot/libecrobot.a(nxt_spi.oram)
 .comment       0x00000000000000b3       0x12 ../../ecrobot/../ecrobot/libecrobot.a(nxt_motors.oram)
 .comment       0x00000000000000c5       0x12 ../../ecrobot/../ecrobot/libecrobot.a(data_abort.oram)
 .comment       0x00000000000000d7       0x12 ../../ecrobot/../ecrobot/libecrobot.a(display.oram)
 .comment       0x00000000000000e9       0x12 ../../ecrobot/../ecrobot/libecrobot.a(i2c.oram)
 .comment       0x00000000000000fb       0x12 ../../ecrobot/../ecrobot/libecrobot.a(sound.oram)
 .comment       0x000000000000010d       0x12 ../../ecrobot/../ecrobot/libecrobot.a(bt.oram)
 .comment       0x000000000000011f       0x12 ../../ecrobot/../ecrobot/libecrobot.a(nxt_avr.oram)
 .comment       0x0000000000000131       0x12 ../../ecrobot/../ecrobot/libecrobot.a(sensors.oram)
 .comment       0x0000000000000143       0x12 ../../ecrobot/../ecrobot/libecrobot.a(nxt_lcd.oram)
 .comment       0x0000000000000155       0x12 ../../ecrobot/../ecrobot/libecrobot.a(flash_loader.oram)
 .comment       0x0000000000000167       0x12 ../../ecrobot/../ecrobot/libecrobot.a(ecrobot_usb.o)
 .comment       0x0000000000000179       0x12 ../../ecrobot/../ecrobot/libecrobot.a(flashprog.oram)
 .comment       0x0000000000000000       0x12 /home/jazzinghen/Tools/GNUarm/gnuarm/lib/gcc/arm-elf/4.4.2/thumb/interwork/libgcc.a(_muldi3.o)
 .comment       0x0000000000000000       0x12 /home/jazzinghen/Tools/GNUarm/gnuarm/lib/gcc/arm-elf/4.4.2/thumb/interwork/libgcc.a(_divdi3.o)
 .comment       0x0000000000000000       0x12 /home/jazzinghen/Tools/GNUarm/gnuarm/lib/gcc/arm-elf/4.4.2/../../../../arm-elf/lib/thumb/interwork/libc.a(lib_a-memcpy.o)
 .comment       0x0000000000000000       0x12 /home/jazzinghen/Tools/GNUarm/gnuarm/lib/gcc/arm-elf/4.4.2/../../../../arm-elf/lib/thumb/interwork/libc.a(lib_a-memset.o)
 .comment       0x0000000000000000       0x12 /home/jazzinghen/Tools/GNUarm/gnuarm/lib/gcc/arm-elf/4.4.2/../../../../arm-elf/lib/thumb/interwork/libc.a(lib_a-strcmp.o)
 .comment       0x0000000000000000       0x12 /home/jazzinghen/Tools/GNUarm/gnuarm/lib/gcc/arm-elf/4.4.2/../../../../arm-elf/lib/thumb/interwork/libc.a(lib_a-strcpy.o)
 .comment       0x0000000000000000       0x12 /home/jazzinghen/Tools/GNUarm/gnuarm/lib/gcc/arm-elf/4.4.2/../../../../arm-elf/lib/thumb/interwork/libc.a(lib_a-strlen.o)
 .comment       0x0000000000000000       0x12 /home/jazzinghen/Tools/GNUarm/gnuarm/lib/gcc/arm-elf/4.4.2/../../../../arm-elf/lib/thumb/interwork/libc.a(lib_a-strncpy.o)

.ARM.attributes
                0x0000000000000000       0x10
 .ARM.attributes
                0x0000000000000000       0x10 build/kernel/alarm.o
 .ARM.attributes
                0x0000000000000010       0x10 build/kernel/event.o
 .ARM.attributes
                0x0000000000000020       0x10 build/kernel/interrupt.o
 .ARM.attributes
                0x0000000000000030       0x10 build/kernel/osctl.o
 .ARM.attributes
                0x0000000000000040       0x10 build/kernel/resource.o
 .ARM.attributes
                0x0000000000000050       0x10 build/kernel/task.o
 .ARM.attributes
                0x0000000000000060       0x10 build/kernel/task_manage.o
 .ARM.attributes
                0x0000000000000070       0x10 build/config/at91sam7s-gnu/cpu_config.o
 .ARM.attributes
                0x0000000000000080       0x10 build/config/at91sam7s-gnu/lego_nxt/sys_config.o
 .ARM.attributes
                0x0000000000000090       0x10 build/./kernel_cfg.o
 .ARM.attributes
                0x00000000000000a0       0x10 build/syscalls.o
 .ARM.attributes
                0x00000000000000b0       0x10 build/ecrobot_bluetooth.o
 .ARM.attributes
                0x00000000000000c0       0x10 build/ecrobot_base.o
 .ARM.attributes
                0x00000000000000d0       0x10 build/ecrobot.o
 .ARM.attributes
                0x00000000000000e0       0x10 build/sonartest.o
 .ARM.attributes
                0x00000000000000f0       0x10 build/syslib/at91sam7s-gnu/lego_nxt/hw_sys_timer.oram
 .ARM.attributes
                0x0000000000000100       0x10 build/nxtvm/platform/nxt/vectors.o
 .ARM.attributes
                0x0000000000000110       0x10 build/config/at91sam7s-gnu/debug.o
 .ARM.attributes
                0x0000000000000120       0x10 build/config/at91sam7s-gnu/lego_nxt/sys_support.o
 .ARM.attributes
                0x0000000000000130       0x10 build/nxt_binary_header.o
 .ARM.attributes
                0x0000000000000140       0x10 build/nxt_entry_point.o
 .ARM.attributes
                0x0000000000000150       0x10 build/ecrobot_init.o
 .ARM.attributes
                0x0000000000000160       0x10 build/config/at91sam7s-gnu/cpu_support.oram
 .ARM.attributes
                0x0000000000000170       0x10 build/config/at91sam7s-gnu/irq.oram
 .ARM.attributes
                0x0000000000000180       0x10 /home/jazzinghen/Tools/GNUarm/gnuarm/lib/gcc/arm-elf/4.4.2/thumb/interwork/libgcc.a(_udivsi3.o)
 .ARM.attributes
                0x0000000000000190       0x10 /home/jazzinghen/Tools/GNUarm/gnuarm/lib/gcc/arm-elf/4.4.2/thumb/interwork/libgcc.a(_divsi3.o)
 .ARM.attributes
                0x00000000000001a0       0x10 /home/jazzinghen/Tools/GNUarm/gnuarm/lib/gcc/arm-elf/4.4.2/thumb/interwork/libgcc.a(_umodsi3.o)
 .ARM.attributes
                0x00000000000001b0       0x10 /home/jazzinghen/Tools/GNUarm/gnuarm/lib/gcc/arm-elf/4.4.2/thumb/interwork/libgcc.a(_modsi3.o)
 .ARM.attributes
                0x00000000000001c0       0x10 /home/jazzinghen/Tools/GNUarm/gnuarm/lib/gcc/arm-elf/4.4.2/thumb/interwork/libgcc.a(_dvmd_tls.o)
 .ARM.attributes
                0x00000000000001d0       0x10 /home/jazzinghen/Tools/GNUarm/gnuarm/lib/gcc/arm-elf/4.4.2/thumb/interwork/libgcc.a(_muldi3.o)
 .ARM.attributes
                0x00000000000001e0       0x10 /home/jazzinghen/Tools/GNUarm/gnuarm/lib/gcc/arm-elf/4.4.2/thumb/interwork/libgcc.a(_divdi3.o)
 .ARM.attributes
                0x00000000000001f0       0x10 /home/jazzinghen/Tools/GNUarm/gnuarm/lib/gcc/arm-elf/4.4.2/thumb/interwork/libgcc.a(_clzsi2.o)
 .ARM.attributes
                0x0000000000000200       0x10 /home/jazzinghen/Tools/GNUarm/gnuarm/lib/gcc/arm-elf/4.4.2/../../../../arm-elf/lib/thumb/interwork/libc.a(lib_a-memcpy.o)
 .ARM.attributes
                0x0000000000000210       0x10 /home/jazzinghen/Tools/GNUarm/gnuarm/lib/gcc/arm-elf/4.4.2/../../../../arm-elf/lib/thumb/interwork/libc.a(lib_a-memset.o)
 .ARM.attributes
                0x0000000000000220       0x10 /home/jazzinghen/Tools/GNUarm/gnuarm/lib/gcc/arm-elf/4.4.2/../../../../arm-elf/lib/thumb/interwork/libc.a(lib_a-strcmp.o)
 .ARM.attributes
                0x0000000000000230       0x10 /home/jazzinghen/Tools/GNUarm/gnuarm/lib/gcc/arm-elf/4.4.2/../../../../arm-elf/lib/thumb/interwork/libc.a(lib_a-strcpy.o)
 .ARM.attributes
                0x0000000000000240       0x10 /home/jazzinghen/Tools/GNUarm/gnuarm/lib/gcc/arm-elf/4.4.2/../../../../arm-elf/lib/thumb/interwork/libc.a(lib_a-strlen.o)
 .ARM.attributes
                0x0000000000000250       0x10 /home/jazzinghen/Tools/GNUarm/gnuarm/lib/gcc/arm-elf/4.4.2/../../../../arm-elf/lib/thumb/interwork/libc.a(lib_a-strncpy.o)
 .ARM.attributes
                0x0000000000000260       0x10 build/nxtvm/platform/nxt/vectors.o

.debug_frame    0x0000000000000000       0xa0
 .debug_frame   0x0000000000000000       0x28 /home/jazzinghen/Tools/GNUarm/gnuarm/lib/gcc/arm-elf/4.4.2/thumb/interwork/libgcc.a(_udivsi3.o)
 .debug_frame   0x0000000000000028       0x28 /home/jazzinghen/Tools/GNUarm/gnuarm/lib/gcc/arm-elf/4.4.2/thumb/interwork/libgcc.a(_divsi3.o)
 .debug_frame   0x0000000000000050       0x28 /home/jazzinghen/Tools/GNUarm/gnuarm/lib/gcc/arm-elf/4.4.2/thumb/interwork/libgcc.a(_umodsi3.o)
 .debug_frame   0x0000000000000078       0x28 /home/jazzinghen/Tools/GNUarm/gnuarm/lib/gcc/arm-elf/4.4.2/thumb/interwork/libgcc.a(_modsi3.o)

.debug_line     0x0000000000000000      0xbb4
 .debug_line    0x0000000000000000       0x99 /home/jazzinghen/Tools/GNUarm/gnuarm/lib/gcc/arm-elf/4.4.2/thumb/interwork/libgcc.a(_udivsi3.o)
 .debug_line    0x0000000000000099       0xa5 /home/jazzinghen/Tools/GNUarm/gnuarm/lib/gcc/arm-elf/4.4.2/thumb/interwork/libgcc.a(_divsi3.o)
 .debug_line    0x000000000000013e       0x91 /home/jazzinghen/Tools/GNUarm/gnuarm/lib/gcc/arm-elf/4.4.2/thumb/interwork/libgcc.a(_umodsi3.o)
 .debug_line    0x00000000000001cf       0x9a /home/jazzinghen/Tools/GNUarm/gnuarm/lib/gcc/arm-elf/4.4.2/thumb/interwork/libgcc.a(_modsi3.o)
 .debug_line    0x0000000000000269       0x83 /home/jazzinghen/Tools/GNUarm/gnuarm/lib/gcc/arm-elf/4.4.2/thumb/interwork/libgcc.a(_dvmd_tls.o)
 .debug_line    0x00000000000002ec       0x8e /home/jazzinghen/Tools/GNUarm/gnuarm/lib/gcc/arm-elf/4.4.2/thumb/interwork/libgcc.a(_muldi3.o)
 .debug_line    0x000000000000037a       0xef /home/jazzinghen/Tools/GNUarm/gnuarm/lib/gcc/arm-elf/4.4.2/thumb/interwork/libgcc.a(_divdi3.o)
 .debug_line    0x0000000000000469       0x90 /home/jazzinghen/Tools/GNUarm/gnuarm/lib/gcc/arm-elf/4.4.2/thumb/interwork/libgcc.a(_clzsi2.o)
 .debug_line    0x00000000000004f9      0x162 /home/jazzinghen/Tools/GNUarm/gnuarm/lib/gcc/arm-elf/4.4.2/../../../../arm-elf/lib/thumb/interwork/libc.a(lib_a-memcpy.o)
 .debug_line    0x000000000000065b      0x15d /home/jazzinghen/Tools/GNUarm/gnuarm/lib/gcc/arm-elf/4.4.2/../../../../arm-elf/lib/thumb/interwork/libc.a(lib_a-memset.o)
 .debug_line    0x00000000000007b8       0xd1 /home/jazzinghen/Tools/GNUarm/gnuarm/lib/gcc/arm-elf/4.4.2/../../../../arm-elf/lib/thumb/interwork/libc.a(lib_a-strcmp.o)
 .debug_line    0x0000000000000889       0xd1 /home/jazzinghen/Tools/GNUarm/gnuarm/lib/gcc/arm-elf/4.4.2/../../../../arm-elf/lib/thumb/interwork/libc.a(lib_a-strcpy.o)
 .debug_line    0x000000000000095a      0x123 /home/jazzinghen/Tools/GNUarm/gnuarm/lib/gcc/arm-elf/4.4.2/../../../../arm-elf/lib/thumb/interwork/libc.a(lib_a-strlen.o)
 .debug_line    0x0000000000000a7d      0x137 /home/jazzinghen/Tools/GNUarm/gnuarm/lib/gcc/arm-elf/4.4.2/../../../../arm-elf/lib/thumb/interwork/libc.a(lib_a-strncpy.o)

.debug_info     0x0000000000000000     0x12bf
 .debug_info    0x0000000000000000       0xc6 /home/jazzinghen/Tools/GNUarm/gnuarm/lib/gcc/arm-elf/4.4.2/thumb/interwork/libgcc.a(_udivsi3.o)
 .debug_info    0x00000000000000c6       0xc6 /home/jazzinghen/Tools/GNUarm/gnuarm/lib/gcc/arm-elf/4.4.2/thumb/interwork/libgcc.a(_divsi3.o)
 .debug_info    0x000000000000018c       0xc6 /home/jazzinghen/Tools/GNUarm/gnuarm/lib/gcc/arm-elf/4.4.2/thumb/interwork/libgcc.a(_umodsi3.o)
 .debug_info    0x0000000000000252       0xc6 /home/jazzinghen/Tools/GNUarm/gnuarm/lib/gcc/arm-elf/4.4.2/thumb/interwork/libgcc.a(_modsi3.o)
 .debug_info    0x0000000000000318       0xc6 /home/jazzinghen/Tools/GNUarm/gnuarm/lib/gcc/arm-elf/4.4.2/thumb/interwork/libgcc.a(_dvmd_tls.o)
 .debug_info    0x00000000000003de      0x20e /home/jazzinghen/Tools/GNUarm/gnuarm/lib/gcc/arm-elf/4.4.2/thumb/interwork/libgcc.a(_muldi3.o)
 .debug_info    0x00000000000005ec      0x669 /home/jazzinghen/Tools/GNUarm/gnuarm/lib/gcc/arm-elf/4.4.2/thumb/interwork/libgcc.a(_divdi3.o)
 .debug_info    0x0000000000000c55       0xc6 /home/jazzinghen/Tools/GNUarm/gnuarm/lib/gcc/arm-elf/4.4.2/thumb/interwork/libgcc.a(_clzsi2.o)
 .debug_info    0x0000000000000d1b      0x13e /home/jazzinghen/Tools/GNUarm/gnuarm/lib/gcc/arm-elf/4.4.2/../../../../arm-elf/lib/thumb/interwork/libc.a(lib_a-memcpy.o)
 .debug_info    0x0000000000000e59      0x111 /home/jazzinghen/Tools/GNUarm/gnuarm/lib/gcc/arm-elf/4.4.2/../../../../arm-elf/lib/thumb/interwork/libc.a(lib_a-memset.o)
 .debug_info    0x0000000000000f6a       0xaf /home/jazzinghen/Tools/GNUarm/gnuarm/lib/gcc/arm-elf/4.4.2/../../../../arm-elf/lib/thumb/interwork/libc.a(lib_a-strcmp.o)
 .debug_info    0x0000000000001019       0xb7 /home/jazzinghen/Tools/GNUarm/gnuarm/lib/gcc/arm-elf/4.4.2/../../../../arm-elf/lib/thumb/interwork/libc.a(lib_a-strcpy.o)
 .debug_info    0x00000000000010d0       0xcb /home/jazzinghen/Tools/GNUarm/gnuarm/lib/gcc/arm-elf/4.4.2/../../../../arm-elf/lib/thumb/interwork/libc.a(lib_a-strlen.o)
 .debug_info    0x000000000000119b      0x124 /home/jazzinghen/Tools/GNUarm/gnuarm/lib/gcc/arm-elf/4.4.2/../../../../arm-elf/lib/thumb/interwork/libc.a(lib_a-strncpy.o)

.debug_abbrev   0x0000000000000000      0x638
 .debug_abbrev  0x0000000000000000       0x14 /home/jazzinghen/Tools/GNUarm/gnuarm/lib/gcc/arm-elf/4.4.2/thumb/interwork/libgcc.a(_udivsi3.o)
 .debug_abbrev  0x0000000000000014       0x14 /home/jazzinghen/Tools/GNUarm/gnuarm/lib/gcc/arm-elf/4.4.2/thumb/interwork/libgcc.a(_divsi3.o)
 .debug_abbrev  0x0000000000000028       0x14 /home/jazzinghen/Tools/GNUarm/gnuarm/lib/gcc/arm-elf/4.4.2/thumb/interwork/libgcc.a(_umodsi3.o)
 .debug_abbrev  0x000000000000003c       0x14 /home/jazzinghen/Tools/GNUarm/gnuarm/lib/gcc/arm-elf/4.4.2/thumb/interwork/libgcc.a(_modsi3.o)
 .debug_abbrev  0x0000000000000050       0x14 /home/jazzinghen/Tools/GNUarm/gnuarm/lib/gcc/arm-elf/4.4.2/thumb/interwork/libgcc.a(_dvmd_tls.o)
 .debug_abbrev  0x0000000000000064       0xf5 /home/jazzinghen/Tools/GNUarm/gnuarm/lib/gcc/arm-elf/4.4.2/thumb/interwork/libgcc.a(_muldi3.o)
 .debug_abbrev  0x0000000000000159      0x169 /home/jazzinghen/Tools/GNUarm/gnuarm/lib/gcc/arm-elf/4.4.2/thumb/interwork/libgcc.a(_divdi3.o)
 .debug_abbrev  0x00000000000002c2       0x14 /home/jazzinghen/Tools/GNUarm/gnuarm/lib/gcc/arm-elf/4.4.2/thumb/interwork/libgcc.a(_clzsi2.o)
 .debug_abbrev  0x00000000000002d6       0xa0 /home/jazzinghen/Tools/GNUarm/gnuarm/lib/gcc/arm-elf/4.4.2/../../../../arm-elf/lib/thumb/interwork/libc.a(lib_a-memcpy.o)
 .debug_abbrev  0x0000000000000376       0xa1 /home/jazzinghen/Tools/GNUarm/gnuarm/lib/gcc/arm-elf/4.4.2/../../../../arm-elf/lib/thumb/interwork/libc.a(lib_a-memset.o)
 .debug_abbrev  0x0000000000000417       0x76 /home/jazzinghen/Tools/GNUarm/gnuarm/lib/gcc/arm-elf/4.4.2/../../../../arm-elf/lib/thumb/interwork/libc.a(lib_a-strcmp.o)
 .debug_abbrev  0x000000000000048d       0x76 /home/jazzinghen/Tools/GNUarm/gnuarm/lib/gcc/arm-elf/4.4.2/../../../../arm-elf/lib/thumb/interwork/libc.a(lib_a-strcpy.o)
 .debug_abbrev  0x0000000000000503       0x92 /home/jazzinghen/Tools/GNUarm/gnuarm/lib/gcc/arm-elf/4.4.2/../../../../arm-elf/lib/thumb/interwork/libc.a(lib_a-strlen.o)
 .debug_abbrev  0x0000000000000595       0xa3 /home/jazzinghen/Tools/GNUarm/gnuarm/lib/gcc/arm-elf/4.4.2/../../../../arm-elf/lib/thumb/interwork/libc.a(lib_a-strncpy.o)

.debug_aranges  0x0000000000000000      0x1c0
 .debug_aranges
                0x0000000000000000       0x20 /home/jazzinghen/Tools/GNUarm/gnuarm/lib/gcc/arm-elf/4.4.2/thumb/interwork/libgcc.a(_udivsi3.o)
 .debug_aranges
                0x0000000000000020       0x20 /home/jazzinghen/Tools/GNUarm/gnuarm/lib/gcc/arm-elf/4.4.2/thumb/interwork/libgcc.a(_divsi3.o)
 .debug_aranges
                0x0000000000000040       0x20 /home/jazzinghen/Tools/GNUarm/gnuarm/lib/gcc/arm-elf/4.4.2/thumb/interwork/libgcc.a(_umodsi3.o)
 .debug_aranges
                0x0000000000000060       0x20 /home/jazzinghen/Tools/GNUarm/gnuarm/lib/gcc/arm-elf/4.4.2/thumb/interwork/libgcc.a(_modsi3.o)
 .debug_aranges
                0x0000000000000080       0x20 /home/jazzinghen/Tools/GNUarm/gnuarm/lib/gcc/arm-elf/4.4.2/thumb/interwork/libgcc.a(_dvmd_tls.o)
 .debug_aranges
                0x00000000000000a0       0x20 /home/jazzinghen/Tools/GNUarm/gnuarm/lib/gcc/arm-elf/4.4.2/thumb/interwork/libgcc.a(_muldi3.o)
 .debug_aranges
                0x00000000000000c0       0x20 /home/jazzinghen/Tools/GNUarm/gnuarm/lib/gcc/arm-elf/4.4.2/thumb/interwork/libgcc.a(_divdi3.o)
 .debug_aranges
                0x00000000000000e0       0x20 /home/jazzinghen/Tools/GNUarm/gnuarm/lib/gcc/arm-elf/4.4.2/thumb/interwork/libgcc.a(_clzsi2.o)
 .debug_aranges
                0x0000000000000100       0x20 /home/jazzinghen/Tools/GNUarm/gnuarm/lib/gcc/arm-elf/4.4.2/../../../../arm-elf/lib/thumb/interwork/libc.a(lib_a-memcpy.o)
 .debug_aranges
                0x0000000000000120       0x20 /home/jazzinghen/Tools/GNUarm/gnuarm/lib/gcc/arm-elf/4.4.2/../../../../arm-elf/lib/thumb/interwork/libc.a(lib_a-memset.o)
 .debug_aranges
                0x0000000000000140       0x20 /home/jazzinghen/Tools/GNUarm/gnuarm/lib/gcc/arm-elf/4.4.2/../../../../arm-elf/lib/thumb/interwork/libc.a(lib_a-strcmp.o)
 .debug_aranges
                0x0000000000000160       0x20 /home/jazzinghen/Tools/GNUarm/gnuarm/lib/gcc/arm-elf/4.4.2/../../../../arm-elf/lib/thumb/interwork/libc.a(lib_a-strcpy.o)
 .debug_aranges
                0x0000000000000180       0x20 /home/jazzinghen/Tools/GNUarm/gnuarm/lib/gcc/arm-elf/4.4.2/../../../../arm-elf/lib/thumb/interwork/libc.a(lib_a-strlen.o)
 .debug_aranges
                0x00000000000001a0       0x20 /home/jazzinghen/Tools/GNUarm/gnuarm/lib/gcc/arm-elf/4.4.2/../../../../arm-elf/lib/thumb/interwork/libc.a(lib_a-strncpy.o)

.debug_loc      0x0000000000000000      0xcd8
 .debug_loc     0x0000000000000000      0x156 /home/jazzinghen/Tools/GNUarm/gnuarm/lib/gcc/arm-elf/4.4.2/thumb/interwork/libgcc.a(_muldi3.o)
 .debug_loc     0x0000000000000156      0x800 /home/jazzinghen/Tools/GNUarm/gnuarm/lib/gcc/arm-elf/4.4.2/thumb/interwork/libgcc.a(_divdi3.o)
 .debug_loc     0x0000000000000956      0x13b /home/jazzinghen/Tools/GNUarm/gnuarm/lib/gcc/arm-elf/4.4.2/../../../../arm-elf/lib/thumb/interwork/libc.a(lib_a-memcpy.o)
 .debug_loc     0x0000000000000a91       0xfc /home/jazzinghen/Tools/GNUarm/gnuarm/lib/gcc/arm-elf/4.4.2/../../../../arm-elf/lib/thumb/interwork/libc.a(lib_a-memset.o)
 .debug_loc     0x0000000000000b8d       0x13 /home/jazzinghen/Tools/GNUarm/gnuarm/lib/gcc/arm-elf/4.4.2/../../../../arm-elf/lib/thumb/interwork/libc.a(lib_a-strcmp.o)
 .debug_loc     0x0000000000000ba0       0x13 /home/jazzinghen/Tools/GNUarm/gnuarm/lib/gcc/arm-elf/4.4.2/../../../../arm-elf/lib/thumb/interwork/libc.a(lib_a-strcpy.o)
 .debug_loc     0x0000000000000bb3       0x26 /home/jazzinghen/Tools/GNUarm/gnuarm/lib/gcc/arm-elf/4.4.2/../../../../arm-elf/lib/thumb/interwork/libc.a(lib_a-strlen.o)
 .debug_loc     0x0000000000000bd9       0xff /home/jazzinghen/Tools/GNUarm/gnuarm/lib/gcc/arm-elf/4.4.2/../../../../arm-elf/lib/thumb/interwork/libc.a(lib_a-strncpy.o)

.debug_pubnames
                0x0000000000000000       0xed
 .debug_pubnames
                0x0000000000000000       0x1f /home/jazzinghen/Tools/GNUarm/gnuarm/lib/gcc/arm-elf/4.4.2/thumb/interwork/libgcc.a(_muldi3.o)
 .debug_pubnames
                0x000000000000001f       0x1f /home/jazzinghen/Tools/GNUarm/gnuarm/lib/gcc/arm-elf/4.4.2/thumb/interwork/libgcc.a(_divdi3.o)
 .debug_pubnames
                0x000000000000003e       0x1d /home/jazzinghen/Tools/GNUarm/gnuarm/lib/gcc/arm-elf/4.4.2/../../../../arm-elf/lib/thumb/interwork/libc.a(lib_a-memcpy.o)
 .debug_pubnames
                0x000000000000005b       0x1d /home/jazzinghen/Tools/GNUarm/gnuarm/lib/gcc/arm-elf/4.4.2/../../../../arm-elf/lib/thumb/interwork/libc.a(lib_a-memset.o)
 .debug_pubnames
                0x0000000000000078       0x1d /home/jazzinghen/Tools/GNUarm/gnuarm/lib/gcc/arm-elf/4.4.2/../../../../arm-elf/lib/thumb/interwork/libc.a(lib_a-strcmp.o)
 .debug_pubnames
                0x0000000000000095       0x1d /home/jazzinghen/Tools/GNUarm/gnuarm/lib/gcc/arm-elf/4.4.2/../../../../arm-elf/lib/thumb/interwork/libc.a(lib_a-strcpy.o)
 .debug_pubnames
                0x00000000000000b2       0x1d /home/jazzinghen/Tools/GNUarm/gnuarm/lib/gcc/arm-elf/4.4.2/../../../../arm-elf/lib/thumb/interwork/libc.a(lib_a-strlen.o)
 .debug_pubnames
                0x00000000000000cf       0x1e /home/jazzinghen/Tools/GNUarm/gnuarm/lib/gcc/arm-elf/4.4.2/../../../../arm-elf/lib/thumb/interwork/libc.a(lib_a-strncpy.o)

.debug_ranges   0x0000000000000000      0x120
 .debug_ranges  0x0000000000000000       0x40 /home/jazzinghen/Tools/GNUarm/gnuarm/lib/gcc/arm-elf/4.4.2/thumb/interwork/libgcc.a(_muldi3.o)
 .debug_ranges  0x0000000000000040       0xe0 /home/jazzinghen/Tools/GNUarm/gnuarm/lib/gcc/arm-elf/4.4.2/thumb/interwork/libgcc.a(_divdi3.o)

.debug_str      0x0000000000000000      0x3e8
 .debug_str     0x0000000000000000      0x159 /home/jazzinghen/Tools/GNUarm/gnuarm/lib/gcc/arm-elf/4.4.2/thumb/interwork/libgcc.a(_muldi3.o)
                                        0x1ad (size before relaxing)
 .debug_str     0x0000000000000159       0x3c /home/jazzinghen/Tools/GNUarm/gnuarm/lib/gcc/arm-elf/4.4.2/thumb/interwork/libgcc.a(_divdi3.o)
                                        0x1e0 (size before relaxing)
 .debug_str     0x0000000000000195       0x81 /home/jazzinghen/Tools/GNUarm/gnuarm/lib/gcc/arm-elf/4.4.2/../../../../arm-elf/lib/thumb/interwork/libc.a(lib_a-memcpy.o)
                                        0x116 (size before relaxing)
 .debug_str     0x0000000000000216       0x67 /home/jazzinghen/Tools/GNUarm/gnuarm/lib/gcc/arm-elf/4.4.2/../../../../arm-elf/lib/thumb/interwork/libc.a(lib_a-memset.o)
                                        0x103 (size before relaxing)
 .debug_str     0x000000000000027d       0x58 /home/jazzinghen/Tools/GNUarm/gnuarm/lib/gcc/arm-elf/4.4.2/../../../../arm-elf/lib/thumb/interwork/libc.a(lib_a-strcmp.o)
                                         0xed (size before relaxing)
 .debug_str     0x00000000000002d5       0x58 /home/jazzinghen/Tools/GNUarm/gnuarm/lib/gcc/arm-elf/4.4.2/../../../../arm-elf/lib/thumb/interwork/libc.a(lib_a-strcpy.o)
                                         0xed (size before relaxing)
 .debug_str     0x000000000000032d       0x60 /home/jazzinghen/Tools/GNUarm/gnuarm/lib/gcc/arm-elf/4.4.2/../../../../arm-elf/lib/thumb/interwork/libc.a(lib_a-strlen.o)
                                         0xfc (size before relaxing)
 .debug_str     0x000000000000038d       0x5b /home/jazzinghen/Tools/GNUarm/gnuarm/lib/gcc/arm-elf/4.4.2/../../../../arm-elf/lib/thumb/interwork/libc.a(lib_a-strncpy.o)
                                        0x119 (size before relaxing)

Cross Reference Table

Symbol                                            File
ActivateTask                                      build/kernel/task_manage.o
                                                  build/./kernel_cfg.o
CancelAlarm                                       build/kernel/alarm.o
ChainTask                                         build/kernel/task_manage.o
ClearEvent                                        build/kernel/event.o
DegPSCounter                                      build/./kernel_cfg.o
DegPS_alarm                                       build/./kernel_cfg.o
DisableAllInterrupts                              build/kernel/interrupt.o
EnableAllInterrupts                               build/kernel/interrupt.o
ErrorHook                                         ../../ecrobot/../ecrobot/libecrobot.a(osek_hook.o)
                                                  build/kernel/osctl.o
GetActiveApplicationMode                          build/kernel/osctl.o
GetAlarm                                          build/kernel/alarm.o
GetAlarmBase                                      build/kernel/alarm.o
GetEvent                                          build/kernel/event.o
GetResource                                       build/kernel/resource.o
GetTaskID                                         build/kernel/task_manage.o
GetTaskState                                      build/kernel/task_manage.o
NXT_Entry_Point                                   build/nxt_entry_point.o
                                                  build/nxt_binary_header.o
PostTaskHook                                      ../../ecrobot/../ecrobot/libecrobot.a(osek_hook.o)
                                                  build/config/at91sam7s-gnu/cpu_support.oram
                                                  build/kernel/osctl.o
PreTaskHook                                       ../../ecrobot/../ecrobot/libecrobot.a(osek_hook.o)
                                                  build/config/at91sam7s-gnu/cpu_support.oram
                                                  build/kernel/osctl.o
ReleaseResource                                   build/kernel/resource.o
ResumeAllInterrupts                               build/kernel/interrupt.o
ResumeOSInterrupts                                build/kernel/interrupt.o
Schedule                                          build/kernel/task_manage.o
SetAbsAlarm                                       build/kernel/alarm.o
SetEvent                                          build/kernel/event.o
SetRelAlarm                                       build/kernel/alarm.o
ShutdownHook                                      ../../ecrobot/../ecrobot/libecrobot.a(osek_hook.o)
                                                  build/kernel/osctl.o
ShutdownOS                                        build/kernel/osctl.o
                                                  build/sonartest.o
SignalCounter                                     build/kernel/alarm.o
                                                  build/sonartest.o
StartOS                                           build/kernel/osctl.o
                                                  build/ecrobot.o
StartupHook                                       ../../ecrobot/../ecrobot/libecrobot.a(osek_hook.o)
                                                  build/kernel/osctl.o
SuspendAllInterrupts                              build/kernel/interrupt.o
SuspendOSInterrupts                               build/kernel/interrupt.o
SysTimerCnt                                       build/./kernel_cfg.o
                                                  build/sonartest.o
Task1                                             build/./kernel_cfg.o
Task2                                             build/./kernel_cfg.o
TaskMainDegPSCounter                              build/sonartest.o
                                                  build/./kernel_cfg.o
TaskMainTask1                                     build/sonartest.o
                                                  build/./kernel_cfg.o
TaskMainTask2                                     build/sonartest.o
                                                  build/./kernel_cfg.o
TerminateTask                                     build/kernel/task_manage.o
                                                  build/sonartest.o
WaitEvent                                         build/kernel/event.o
__aeabi_idiv                                      /home/jazzinghen/Tools/GNUarm/gnuarm/lib/gcc/arm-elf/4.4.2/thumb/interwork/libgcc.a(_divsi3.o)
__aeabi_idiv0                                     /home/jazzinghen/Tools/GNUarm/gnuarm/lib/gcc/arm-elf/4.4.2/thumb/interwork/libgcc.a(_dvmd_tls.o)
__aeabi_idivmod                                   /home/jazzinghen/Tools/GNUarm/gnuarm/lib/gcc/arm-elf/4.4.2/thumb/interwork/libgcc.a(_divsi3.o)
__aeabi_ldiv0                                     /home/jazzinghen/Tools/GNUarm/gnuarm/lib/gcc/arm-elf/4.4.2/thumb/interwork/libgcc.a(_dvmd_tls.o)
__aeabi_uidiv                                     /home/jazzinghen/Tools/GNUarm/gnuarm/lib/gcc/arm-elf/4.4.2/thumb/interwork/libgcc.a(_udivsi3.o)
__aeabi_uidivmod                                  /home/jazzinghen/Tools/GNUarm/gnuarm/lib/gcc/arm-elf/4.4.2/thumb/interwork/libgcc.a(_udivsi3.o)
__bss_end__                                       build/ecrobot_init.o
__bss_start__                                     build/ecrobot_init.o
__call_posttaskhook_from_arm                      linker stubs
__call_pretaskhook_from_arm                       linker stubs
__clzsi2                                          /home/jazzinghen/Tools/GNUarm/gnuarm/lib/gcc/arm-elf/4.4.2/thumb/interwork/libgcc.a(_clzsi2.o)
                                                  /home/jazzinghen/Tools/GNUarm/gnuarm/lib/gcc/arm-elf/4.4.2/thumb/interwork/libgcc.a(_divdi3.o)
__ctor_begin                                      build/ecrobot_base.o
__ctor_end                                        build/ecrobot_base.o
__data_load_end__                                 build/ecrobot_init.o
__data_load_start__                               build/ecrobot_init.o
__data_ram_start__                                build/ecrobot_init.o
__div0                                            /home/jazzinghen/Tools/GNUarm/gnuarm/lib/gcc/arm-elf/4.4.2/thumb/interwork/libgcc.a(_dvmd_tls.o)
                                                  /home/jazzinghen/Tools/GNUarm/gnuarm/lib/gcc/arm-elf/4.4.2/thumb/interwork/libgcc.a(_modsi3.o)
                                                  /home/jazzinghen/Tools/GNUarm/gnuarm/lib/gcc/arm-elf/4.4.2/thumb/interwork/libgcc.a(_umodsi3.o)
                                                  /home/jazzinghen/Tools/GNUarm/gnuarm/lib/gcc/arm-elf/4.4.2/thumb/interwork/libgcc.a(_divsi3.o)
                                                  /home/jazzinghen/Tools/GNUarm/gnuarm/lib/gcc/arm-elf/4.4.2/thumb/interwork/libgcc.a(_udivsi3.o)
__divdi3                                          /home/jazzinghen/Tools/GNUarm/gnuarm/lib/gcc/arm-elf/4.4.2/thumb/interwork/libgcc.a(_divdi3.o)
                                                  ../../ecrobot/../ecrobot/libecrobot.a(sound.oram)
__divsi3                                          /home/jazzinghen/Tools/GNUarm/gnuarm/lib/gcc/arm-elf/4.4.2/thumb/interwork/libgcc.a(_divsi3.o)
                                                  ../../ecrobot/../ecrobot/libecrobot.a(sound.oram)
                                                  ../../ecrobot/../ecrobot/libecrobot.a(uart.oram)
__dtor_begin                                      build/ecrobot_base.o
__dtor_end                                        build/ecrobot_base.o
__irq_stack__                                     build/ecrobot_init.o
__modsi3                                          /home/jazzinghen/Tools/GNUarm/gnuarm/lib/gcc/arm-elf/4.4.2/thumb/interwork/libgcc.a(_modsi3.o)
                                                  ../../ecrobot/../ecrobot/libecrobot.a(sound.oram)
__muldi3                                          /home/jazzinghen/Tools/GNUarm/gnuarm/lib/gcc/arm-elf/4.4.2/thumb/interwork/libgcc.a(_muldi3.o)
                                                  ../../ecrobot/../ecrobot/libecrobot.a(sound.oram)
__ramtext_load_end__                              build/ecrobot_init.o
__ramtext_load_start__                            build/ecrobot_init.o
__ramtext_ram_start__                             build/ecrobot_init.o
__stack_end__                                     build/ecrobot_init.o
__stack_start__                                   build/ecrobot_init.o
__system_stack__                                  build/config/at91sam7s-gnu/cpu_support.oram
                                                  build/ecrobot_init.o
__udivsi3                                         /home/jazzinghen/Tools/GNUarm/gnuarm/lib/gcc/arm-elf/4.4.2/thumb/interwork/libgcc.a(_udivsi3.o)
                                                  /home/jazzinghen/Tools/GNUarm/gnuarm/lib/gcc/arm-elf/4.4.2/thumb/interwork/libgcc.a(_divdi3.o)
                                                  ../../ecrobot/../ecrobot/libecrobot.a(sound.oram)
                                                  ../../ecrobot/../ecrobot/libecrobot.a(display.oram)
                                                  ../../ecrobot/../ecrobot/libecrobot.a(ecrobot_interface.o)
                                                  build/sonartest.o
                                                  build/ecrobot_base.o
__umodsi3                                         /home/jazzinghen/Tools/GNUarm/gnuarm/lib/gcc/arm-elf/4.4.2/thumb/interwork/libgcc.a(_umodsi3.o)
                                                  /home/jazzinghen/Tools/GNUarm/gnuarm/lib/gcc/arm-elf/4.4.2/thumb/interwork/libgcc.a(_divdi3.o)
                                                  ../../ecrobot/../ecrobot/libecrobot.a(display.oram)
__vectors_load_end__                              build/ecrobot_init.o
__vectors_load_start__                            build/ecrobot_init.o
__vectors_ram_start__                             build/ecrobot_init.o
_errorhook_par1                                   build/kernel/task_manage.o
                                                  build/kernel/resource.o
                                                  build/kernel/osctl.o
                                                  build/kernel/event.o
                                                  build/kernel/alarm.o
_errorhook_par2                                   build/kernel/task_manage.o
                                                  build/kernel/osctl.o
                                                  build/kernel/event.o
                                                  build/kernel/alarm.o
_errorhook_par3                                   build/kernel/osctl.o
                                                  build/kernel/alarm.o
_errorhook_svcid                                  build/kernel/osctl.o
_interrupt                                        build/config/at91sam7s-gnu/cpu_support.oram
                                                  build/config/at91sam7s-gnu/irq.oram
_sbrk_r                                           build/syscalls.o
activate_r                                        build/config/at91sam7s-gnu/cpu_support.oram
                                                  build/kernel/task.o
add_status_info                                   build/ecrobot_base.o
                                                  build/ecrobot.o
                                                  build/ecrobot_bluetooth.o
aic_clear                                         ../../ecrobot/../ecrobot/libecrobot.a(aic.oram)
                                                  ../../ecrobot/../ecrobot/libecrobot.a(bt.oram)
                                                  ../../ecrobot/../ecrobot/libecrobot.a(sound.oram)
aic_initialise                                    ../../ecrobot/../ecrobot/libecrobot.a(aic.oram)
                                                  ../../ecrobot/../ecrobot/libecrobot.a(flash_loader.oram)
aic_mask_off                                      ../../ecrobot/../ecrobot/libecrobot.a(aic.oram)
                                                  ../../ecrobot/../ecrobot/libecrobot.a(bt.oram)
                                                  ../../ecrobot/../ecrobot/libecrobot.a(i2c.oram)
                                                  ../../ecrobot/../ecrobot/libecrobot.a(nxt_motors.oram)
                                                  ../../ecrobot/../ecrobot/libecrobot.a(nxt_spi.oram)
                                                  ../../ecrobot/../ecrobot/libecrobot.a(twi.oram)
                                                  ../../ecrobot/../ecrobot/libecrobot.a(udp.oram)
                                                  ../../ecrobot/../ecrobot/libecrobot.a(systick.oram)
                                                  ../../ecrobot/../ecrobot/libecrobot.a(uart.oram)
aic_mask_on                                       ../../ecrobot/../ecrobot/libecrobot.a(aic.oram)
                                                  ../../ecrobot/../ecrobot/libecrobot.a(sound.oram)
                                                  ../../ecrobot/../ecrobot/libecrobot.a(i2c.oram)
                                                  ../../ecrobot/../ecrobot/libecrobot.a(nxt_motors.oram)
                                                  ../../ecrobot/../ecrobot/libecrobot.a(nxt_spi.oram)
                                                  ../../ecrobot/../ecrobot/libecrobot.a(twi.oram)
                                                  ../../ecrobot/../ecrobot/libecrobot.a(udp.oram)
                                                  ../../ecrobot/../ecrobot/libecrobot.a(systick.oram)
                                                  ../../ecrobot/../ecrobot/libecrobot.a(uart.oram)