Archive member included because of file (symbol)

../ecrobot/../ecrobot/libecrobot.a(ecrobot_interface.o)
                              build/ada.o (ecrobot_set_light_sensor_active)
../ecrobot/../ecrobot/libecrobot.a(osek_hook.o)
                              build/kernel/osctl.o (StartupHook)
../ecrobot/../ecrobot/libecrobot.a(uart.oram)
                              build/config/at91sam7s-gnu/irq.oram (uart_isr_C_0)
../ecrobot/../ecrobot/libecrobot.a(systick.oram)
                              build/syslib/at91sam7s-gnu/lego_nxt/hw_sys_timer.oram (systick_low_priority_C)
../ecrobot/../ecrobot/libecrobot.a(byte_fifo.oram)
                              ../ecrobot/../ecrobot/libecrobot.a(uart.oram) (byte_fifo_put)
../ecrobot/../ecrobot/libecrobot.a(aic.oram)
                              ../ecrobot/../ecrobot/libecrobot.a(uart.oram) (aic_set_vector)
../ecrobot/../ecrobot/libecrobot.a(udp.oram)
                              build/config/at91sam7s-gnu/irq.oram (udp_isr_C)
../ecrobot/../ecrobot/libecrobot.a(twi.oram)
                              build/config/at91sam7s-gnu/irq.oram (twi_isr_C)
../ecrobot/../ecrobot/libecrobot.a(nxt_spi.oram)
                              build/config/at91sam7s-gnu/irq.oram (spi_isr_C)
../ecrobot/../ecrobot/libecrobot.a(nxt_motors.oram)
                              build/ada.o (nxt_motor_get_count)
../ecrobot/../ecrobot/libecrobot.a(data_abort.oram)
                              build/ecrobot_init.o (data_abort_C)
../ecrobot/../ecrobot/libecrobot.a(display.oram)
                              build/ecrobot_base.o (display_update)
../ecrobot/../ecrobot/libecrobot.a(i2c.oram)
                              build/config/at91sam7s-gnu/irq.oram (i2c_timer_isr_C)
../ecrobot/../ecrobot/libecrobot.a(sound.oram)
                              ../ecrobot/../ecrobot/libecrobot.a(ecrobot_interface.o) (sound_get_time)
../ecrobot/../ecrobot/libecrobot.a(bt.oram)
                              build/ecrobot_bluetooth.o (bt_send)
../ecrobot/../ecrobot/libecrobot.a(nxt_avr.oram)
                              build/ecrobot_base.o (nxt_avr_power_down)
../ecrobot/../ecrobot/libecrobot.a(sensors.oram)
                              ../ecrobot/../ecrobot/libecrobot.a(ecrobot_interface.o) (unset_digi0)
../ecrobot/../ecrobot/libecrobot.a(nxt_lcd.oram)
                              ../ecrobot/../ecrobot/libecrobot.a(display.oram) (nxt_lcd_force_update)
../ecrobot/../ecrobot/libecrobot.a(flash_loader.oram)
                              build/ecrobot.o (set_flash_request)
../ecrobot/../ecrobot/libecrobot.a(interrupts.oram)
                              ../ecrobot/../ecrobot/libecrobot.a(uart.oram) (interrupts_get_and_disable)
../ecrobot/../ecrobot/libecrobot.a(nxtosek_splash.obmp)
                              build/ecrobot_base.o (nxtosek_splash_bmp_start)
../ecrobot/../ecrobot/libecrobot.a(ecrobot_usb.o)
                              ../ecrobot/../ecrobot/libecrobot.a(flash_loader.oram) (ecrobot_init_usb)
../ecrobot/../ecrobot/libecrobot.a(flashprog.oram)
                              ../ecrobot/../ecrobot/libecrobot.a(flash_loader.oram) (flash_write_page)
/home/jazzinghen/Tools/GNUarm/gnuarm/lib/gcc/arm-elf/4.4.2/thumb/interwork/libgcc.a(_udivsi3.o)
                              build/ecrobot_base.o (__udivsi3)
/home/jazzinghen/Tools/GNUarm/gnuarm/lib/gcc/arm-elf/4.4.2/thumb/interwork/libgcc.a(_divsi3.o)
                              ../ecrobot/../ecrobot/libecrobot.a(uart.oram) (__divsi3)
/home/jazzinghen/Tools/GNUarm/gnuarm/lib/gcc/arm-elf/4.4.2/thumb/interwork/libgcc.a(_umodsi3.o)
                              ../ecrobot/../ecrobot/libecrobot.a(display.oram) (__umodsi3)
/home/jazzinghen/Tools/GNUarm/gnuarm/lib/gcc/arm-elf/4.4.2/thumb/interwork/libgcc.a(_modsi3.o)
                              ../ecrobot/../ecrobot/libecrobot.a(sound.oram) (__modsi3)
/home/jazzinghen/Tools/GNUarm/gnuarm/lib/gcc/arm-elf/4.4.2/thumb/interwork/libgcc.a(_dvmd_tls.o)
                              /home/jazzinghen/Tools/GNUarm/gnuarm/lib/gcc/arm-elf/4.4.2/thumb/interwork/libgcc.a(_udivsi3.o) (__div0)
/home/jazzinghen/Tools/GNUarm/gnuarm/lib/gcc/arm-elf/4.4.2/thumb/interwork/libgcc.a(_arm_addsubdf3.o)
                              build/ada.o (__subdf3)
/home/jazzinghen/Tools/GNUarm/gnuarm/lib/gcc/arm-elf/4.4.2/thumb/interwork/libgcc.a(_arm_muldivdf3.o)
                              build/ada.o (__muldf3)
/home/jazzinghen/Tools/GNUarm/gnuarm/lib/gcc/arm-elf/4.4.2/thumb/interwork/libgcc.a(_arm_truncdfsf2.o)
                              build/ada.o (__truncdfsf2)
/home/jazzinghen/Tools/GNUarm/gnuarm/lib/gcc/arm-elf/4.4.2/thumb/interwork/libgcc.a(_arm_fixunssfsi.o)
                              build/ada.o (__fixunssfsi)
/home/jazzinghen/Tools/GNUarm/gnuarm/lib/gcc/arm-elf/4.4.2/thumb/interwork/libgcc.a(_muldi3.o)
                              ../ecrobot/../ecrobot/libecrobot.a(sound.oram) (__muldi3)
/home/jazzinghen/Tools/GNUarm/gnuarm/lib/gcc/arm-elf/4.4.2/thumb/interwork/libgcc.a(_divdi3.o)
[...]
Memory Configuration

Name             Origin             Length             Attributes
rom              0x0000000000108000 0x0000000000038000
vector_ram       0x0000000000200000 0x0000000000000040
ram              0x0000000000200040 0x000000000000ffc0
*default*        0x0000000000000000 0xffffffffffffffff

Linker script and memory map

LOAD build/kernel/alarm.o
LOAD build/kernel/event.o
LOAD build/kernel/interrupt.o
LOAD build/kernel/osctl.o
LOAD build/kernel/resource.o
LOAD build/kernel/task.o
LOAD build/kernel/task_manage.o
LOAD build/config/at91sam7s-gnu/cpu_config.o
LOAD build/config/at91sam7s-gnu/lego_nxt/sys_config.o
LOAD build/./kernel_cfg.o
LOAD build/syscalls.o
LOAD build/ecrobot_bluetooth.o
LOAD build/ecrobot_base.o
LOAD build/ecrobot.o
LOAD build/ada.o
LOAD build/syslib/at91sam7s-gnu/lego_nxt/hw_sys_timer.oram
LOAD build/nxtvm/platform/nxt/vectors.o
LOAD build/config/at91sam7s-gnu/debug.o
LOAD build/config/at91sam7s-gnu/lego_nxt/sys_support.o
LOAD build/nxt_binary_header.o
LOAD build/nxt_entry_point.o
LOAD build/ecrobot_init.o
LOAD build/config/at91sam7s-gnu/cpu_support.oram
LOAD build/config/at91sam7s-gnu/irq.oram
LOAD ../ecrobot/../c++/liblejososek.a
LOAD ../ecrobot/../ecrobot/libecrobot.a
LOAD /home/jazzinghen/Tools/GNUarm/gnuarm/lib/gcc/arm-elf/4.4.2/../../../../arm-elf/lib/thumb/interwork/libstdc++.a
LOAD /home/jazzinghen/Tools/GNUarm/gnuarm/lib/gcc/arm-elf/4.4.2/../../../../arm-elf/lib/thumb/interwork/libm.a
START GROUP
LOAD /home/jazzinghen/Tools/GNUarm/gnuarm/lib/gcc/arm-elf/4.4.2/thumb/interwork/libgcc.a
LOAD /home/jazzinghen/Tools/GNUarm/gnuarm/lib/gcc/arm-elf/4.4.2/../../../../arm-elf/lib/thumb/interwork/libc.a
END GROUP
                0x0000000000108000                ROM_BASE = 0x108000
                0x0000000000038000                ROM_SIZE = 0x38000
                0x0000000000200000                RAM_BASE = 0x200000
                0x0000000000010000                RAM_SIZE = 0x10000

.vectors        0x0000000000200000       0x40 load address 0x0000000000108000
 vectors.o(*.text *.text.*)
 .text          0x0000000000200000       0x38 build/nxtvm/platform/nxt/vectors.o
                0x0000000000200040                . = ALIGN (0x10)
 *fill*         0x0000000000200038        0x8 00
                0x0000000000200000                __vectors_ram_start__ = ADDR (.vectors)
                0x0000000000200040                __vectors_ram_end__ = (ADDR (.vectors) + SIZEOF (.vectors))
                0x0000000000108000                __vectors_load_start__ = LOADADDR (.vectors)
                0x0000000000108040                __vectors_load_end__ = (LOADADDR (.vectors) + SIZEOF (.vectors))

.init           0x0000000000108040      0x280
 *ecrobot_init.o(*.text *.text.*)
 .text          0x0000000000108040      0x280 build/ecrobot_init.o
                0x0000000000108040                start
                0x00000000001081ac                undef_handler
                0x00000000001081b0                swi_handler
                0x00000000001081b4                prefetch_abort_handler
                0x00000000001081b8                data_abort_handler
                0x00000000001081d4                reserved_handler
                0x00000000001082c0                . = ALIGN (0x10)

.ram_text       0x0000000000200040     0x3150 load address 0x00000000001082c0
                0x0000000000200040                . = ALIGN (0x10)
 *.oram(*.text *.text.* *.glue*)
 .text.systick_isr_C1
                0x0000000000200040       0x28 build/syslib/at91sam7s-gnu/lego_nxt/hw_sys_timer.oram
                0x0000000000200040                systick_isr_C1
 *fill*         0x0000000000200068        0x8 00
 .text          0x0000000000200070      0x230 build/config/at91sam7s-gnu/cpu_support.oram
                0x0000000000200070                dispatch
                0x00000000002000b0                activate_r
                0x00000000002000e0                exit_and_dispatch
                0x00000000002000f0                start_dispatch
                0x00000000002001ac                _interrupt
                0x000000000020021c                int_return
                0x0000000000200248                disable_int
                0x0000000000200250                enable_int
                0x0000000000200258                nop
 .text          0x00000000002002a0      0x2c0 build/config/at91sam7s-gnu/irq.oram
                0x00000000002002a0                default_isr
                0x00000000002002a0                default_fiq
                0x00000000002002a0                spurious_isr
                0x00000000002002a4                systick_isr_entry
                0x00000000002002ec                systick_low_priority_entry
                0x000000000020032c                udp_isr_entry
                0x000000000020036c                spi_isr_entry
                0x00000000002003ac                twi_isr_entry
                0x00000000002003ec                sound_isr_entry
                0x000000000020042c                uart_isr_entry_0
                0x000000000020046c                uart_isr_entry_1
                0x00000000002004ac                nxt_motor_isr_entry
                0x00000000002004ec                i2c_timer_isr_entry
 .text.uart_process_isr
                0x0000000000200560       0x88 ../ecrobot/../ecrobot/libecrobot.a(uart.oram)
 .text.uart_isr_C_0
                0x00000000002005e8        0xc ../ecrobot/../ecrobot/libecrobot.a(uart.oram)
                0x00000000002005e8                uart_isr_C_0
 .text.uart_isr_C_1
                0x00000000002005f4        0xc ../ecrobot/../ecrobot/libecrobot.a(uart.oram)
                0x00000000002005f4                uart_isr_C_1
 .text.systick_low_priority_C
                0x0000000000200600       0x1c ../ecrobot/../ecrobot/libecrobot.a(systick.oram)
                0x0000000000200600                systick_low_priority_C
 .text.systick_isr_C
                0x000000000020061c       0x24 ../ecrobot/../ecrobot/libecrobot.a(systick.oram)
                0x000000000020061c                systick_isr_C
 .text.systick_get_ms
                0x0000000000200640        0xc ../ecrobot/../ecrobot/libecrobot.a(systick.oram)
                0x0000000000200640                systick_get_ms
 .text.systick_wait_ms
                0x000000000020064c       0x1c ../ecrobot/../ecrobot/libecrobot.a(systick.oram)
                0x000000000020064c                systick_wait_ms
 .text.systick_wait_ns
                0x0000000000200668       0x1c ../ecrobot/../ecrobot/libecrobot.a(systick.oram)
                0x0000000000200668                systick_wait_ns
 .text.systick_init
                0x0000000000200684       0x58 ../ecrobot/../ecrobot/libecrobot.a(systick.oram)
                0x0000000000200684                systick_init
 .text.systick_suspend
                0x00000000002006dc        0xc ../ecrobot/../ecrobot/libecrobot.a(systick.oram)
                0x00000000002006dc                systick_suspend
 .text.systick_resume
                0x00000000002006e8        0xc ../ecrobot/../ecrobot/libecrobot.a(systick.oram)
                0x00000000002006e8                systick_resume
 .text.byte_fifo_put
                0x00000000002006f4       0x58 ../ecrobot/../ecrobot/libecrobot.a(byte_fifo.oram)
                0x00000000002006f4                byte_fifo_put
 .text.byte_fifo_get
                0x000000000020074c       0x2c ../ecrobot/../ecrobot/libecrobot.a(byte_fifo.oram)
                0x000000000020074c                byte_fifo_get
 .text.aic_initialise
                0x0000000000200778       0x5c ../ecrobot/../ecrobot/libecrobot.a(aic.oram)
                0x0000000000200778                aic_initialise
 .text.aic_set_vector
                0x00000000002007d4       0x30 ../ecrobot/../ecrobot/libecrobot.a(aic.oram)
                0x00000000002007d4                aic_set_vector
 .text.aic_mask_on
                0x0000000000200804       0x24 ../ecrobot/../ecrobot/libecrobot.a(aic.oram)
                0x0000000000200804                aic_mask_on
 .text.aic_mask_off
                0x0000000000200828       0x24 ../ecrobot/../ecrobot/libecrobot.a(aic.oram)
                0x0000000000200828                aic_mask_off
 .text.aic_clear
                0x000000000020084c       0x24 ../ecrobot/../ecrobot/libecrobot.a(aic.oram)
                0x000000000020084c                aic_clear
 .text.reset    0x0000000000200870       0x4c ../ecrobot/../ecrobot/libecrobot.a(udp.oram)
 .text.udp_send_null
                0x00000000002008bc       0x2c ../ecrobot/../ecrobot/libecrobot.a(udp.oram)
 .text.udp_send_stall
                0x00000000002008e8       0x2c ../ecrobot/../ecrobot/libecrobot.a(udp.oram)
 .text.udp_send_control
                0x0000000000200914       0x60 ../ecrobot/../ecrobot/libecrobot.a(udp.oram)
 .text.udp_isr_C
                0x0000000000200974      0x7d0 ../ecrobot/../ecrobot/libecrobot.a(udp.oram)
                0x0000000000200974                udp_isr_C
 .text.twi_status
                0x0000000000201144       0x20 ../ecrobot/../ecrobot/libecrobot.a(twi.oram)
                0x0000000000201144                twi_status
 .text.twi_isr_C
                0x0000000000201164       0xc4 ../ecrobot/../ecrobot/libecrobot.a(twi.oram)
                0x0000000000201164                twi_isr_C
 .text.twi_reset
                0x0000000000201228       0xb4 ../ecrobot/../ecrobot/libecrobot.a(twi.oram)
                0x0000000000201228                twi_reset
 .text.twi_init
                0x00000000002012dc       0x4c ../ecrobot/../ecrobot/libecrobot.a(twi.oram)
                0x00000000002012dc                twi_init
 .text.twi_start_read
                0x0000000000201328       0x60 ../ecrobot/../ecrobot/libecrobot.a(twi.oram)
                0x0000000000201328                twi_start_read
 .text.twi_start_write
                0x0000000000201388       0x64 ../ecrobot/../ecrobot/libecrobot.a(twi.oram)
                0x0000000000201388                twi_start_write
 .text.spi_set_mode
                0x00000000002013ec       0x40 ../ecrobot/../ecrobot/libecrobot.a(nxt_spi.oram)
 .text.spi_isr_C
                0x000000000020142c       0x8c ../ecrobot/../ecrobot/libecrobot.a(nxt_spi.oram)
                0x000000000020142c                spi_isr_C
 .text.nxt_spi_init
                0x00000000002014b8      0x12c ../ecrobot/../ecrobot/libecrobot.a(nxt_spi.oram)
                0x00000000002014b8                nxt_spi_init
 .text.nxt_spi_write
                0x00000000002015e4       0x44 ../ecrobot/../ecrobot/libecrobot.a(nxt_spi.oram)
                0x00000000002015e4                nxt_spi_write
 .text.nxt_spi_set_display
                0x0000000000201628       0x10 ../ecrobot/../ecrobot/libecrobot.a(nxt_spi.oram)
                0x0000000000201628                nxt_spi_set_display
 .text.nxt_spi_refresh
                0x0000000000201638       0x24 ../ecrobot/../ecrobot/libecrobot.a(nxt_spi.oram)
                0x0000000000201638                nxt_spi_refresh
 .text.nxt_motor_get_count
                0x000000000020165c       0x14 ../ecrobot/../ecrobot/libecrobot.a(nxt_motors.oram)
                0x000000000020165c                nxt_motor_get_count
 .text.nxt_motor_set_count
                0x0000000000201670       0x10 ../ecrobot/../ecrobot/libecrobot.a(nxt_motors.oram)
                0x0000000000201670                nxt_motor_set_count
 .text.nxt_motor_set_speed
                0x0000000000201680       0x34 ../ecrobot/../ecrobot/libecrobot.a(nxt_motors.oram)
                0x0000000000201680                nxt_motor_set_speed
 .text.nxt_motor_1kHz_process
                0x00000000002016b4       0x28 ../ecrobot/../ecrobot/libecrobot.a(nxt_motors.oram)
                0x00000000002016b4                nxt_motor_1kHz_process
 .text.nxt_motor_quad_decode
                0x00000000002016dc       0x30 ../ecrobot/../ecrobot/libecrobot.a(nxt_motors.oram)
                0x00000000002016dc                nxt_motor_quad_decode
 .text.nxt_motor_isr_C
                0x000000000020170c       0x88 ../ecrobot/../ecrobot/libecrobot.a(nxt_motors.oram)
                0x000000000020170c                nxt_motor_isr_C
 .text.nxt_motor_init
                0x0000000000201794       0x68 ../ecrobot/../ecrobot/libecrobot.a(nxt_motors.oram)
                0x0000000000201794                nxt_motor_init
 .text.data_abort_C
                0x00000000002017fc       0x7c ../ecrobot/../ecrobot/libecrobot.a(data_abort.oram)
                0x00000000002017fc                data_abort_C
 .text.display_update
                0x0000000000201878       0x14 ../ecrobot/../ecrobot/libecrobot.a(display.oram)
                0x0000000000201878                display_update
 .text.display_force_update
                0x000000000020188c        0xc ../ecrobot/../ecrobot/libecrobot.a(display.oram)
                0x000000000020188c                display_force_update
 .text.display_clear
                0x0000000000201898       0x24 ../ecrobot/../ecrobot/libecrobot.a(display.oram)
                0x0000000000201898                display_clear
 .text.display_goto_xy
                0x00000000002018bc       0x14 ../ecrobot/../ecrobot/libecrobot.a(display.oram)
                0x00000000002018bc                display_goto_xy
 .text.display_char
                0x00000000002018d0       0x60 ../ecrobot/../ecrobot/libecrobot.a(display.oram)
                0x00000000002018d0                display_char
 .text.display_string
                0x0000000000201930       0x3c ../ecrobot/../ecrobot/libecrobot.a(display.oram)
                0x0000000000201930                display_string
 .text.display_hex
                0x000000000020196c       0x50 ../ecrobot/../ecrobot/libecrobot.a(display.oram)
                0x000000000020196c                display_hex
 .text.display_unsigned_worker
                0x00000000002019bc       0x70 ../ecrobot/../ecrobot/libecrobot.a(display.oram)
 .text.display_unsigned
                0x0000000000201a2c        0xc ../ecrobot/../ecrobot/libecrobot.a(display.oram)
                0x0000000000201a2c                display_unsigned
 .text.display_bitmap_copy
                0x0000000000201a38       0x5c ../ecrobot/../ecrobot/libecrobot.a(display.oram)
                0x0000000000201a38                display_bitmap_copy
 .text.display_init
                0x0000000000201a94       0x50 ../ecrobot/../ecrobot/libecrobot.a(display.oram)
                0x0000000000201a94                display_init
 .text.i2c_timer_isr_C
                0x0000000000201ae4      0x314 ../ecrobot/../ecrobot/libecrobot.a(i2c.oram)
                0x0000000000201ae4                i2c_timer_isr_C
 .text.i2c_disable
                0x0000000000201df8       0x20 ../ecrobot/../ecrobot/libecrobot.a(i2c.oram)
                0x0000000000201df8                i2c_disable
 .text.i2c_enable
                0x0000000000201e18       0x40 ../ecrobot/../ecrobot/libecrobot.a(i2c.oram)
                0x0000000000201e18                i2c_enable
 .text.i2c_init
                0x0000000000201e58       0xa4 ../ecrobot/../ecrobot/libecrobot.a(i2c.oram)
                0x0000000000201e58                i2c_init
 .text.i2c_busy
                0x0000000000201efc       0x24 ../ecrobot/../ecrobot/libecrobot.a(i2c.oram)
                0x0000000000201efc                i2c_busy
 .text.i2c_start_transaction
                0x0000000000201f20      0x108 ../ecrobot/../ecrobot/libecrobot.a(i2c.oram)
                0x0000000000201f20                i2c_start_transaction
 .text.sound_fill_sample_buffer
                0x0000000000202028       0xe4 ../ecrobot/../ecrobot/libecrobot.a(sound.oram)
                0x0000000000202028                sound_fill_sample_buffer
 .text.sound_init
                0x000000000020210c       0xa0 ../ecrobot/../ecrobot/libecrobot.a(sound.oram)
                0x000000000020210c                sound_init
 .text.sound_isr_C
                0x00000000002021ac      0x144 ../ecrobot/../ecrobot/libecrobot.a(sound.oram)
                0x00000000002021ac                sound_isr_C
 .text.bt_init  0x00000000002022f0      0x1c0 ../ecrobot/../ecrobot/libecrobot.a(bt.oram)
                0x00000000002022f0                bt_init
 .text.nxt_avr_power_down
                0x00000000002024b0       0x10 ../ecrobot/../ecrobot/libecrobot.a(nxt_avr.oram)
                0x00000000002024b0                nxt_avr_power_down
 .text.nxt_avr_link_init
                0x00000000002024c0       0x20 ../ecrobot/../ecrobot/libecrobot.a(nxt_avr.oram)
                0x00000000002024c0                nxt_avr_link_init
 .text.nxt_avr_init
                0x00000000002024e0       0x6c ../ecrobot/../ecrobot/libecrobot.a(nxt_avr.oram)
                0x00000000002024e0                nxt_avr_init
 .text.nxt_avr_1kHz_update
                0x000000000020254c      0x1cc ../ecrobot/../ecrobot/libecrobot.a(nxt_avr.oram)
                0x000000000020254c                nxt_avr_1kHz_update
 .text.buttons_get
                0x0000000000202718        0xc ../ecrobot/../ecrobot/libecrobot.a(nxt_avr.oram)
                0x0000000000202718                buttons_get
 .text.battery_voltage
                0x0000000000202724       0x28 ../ecrobot/../ecrobot/libecrobot.a(nxt_avr.oram)
                0x0000000000202724                battery_voltage
 .text.sensor_adc
                0x000000000020274c       0x20 ../ecrobot/../ecrobot/libecrobot.a(nxt_avr.oram)
                0x000000000020274c                sensor_adc
 .text.nxt_avr_set_motor
                0x000000000020276c       0x34 ../ecrobot/../ecrobot/libecrobot.a(nxt_avr.oram)
                0x000000000020276c                nxt_avr_set_motor
 .text.nxt_avr_set_input_power
                0x00000000002027a0       0x3c ../ecrobot/../ecrobot/libecrobot.a(nxt_avr.oram)
                0x00000000002027a0                nxt_avr_set_input_power
 .text.unset_digi0
                0x00000000002027dc       0x44 ../ecrobot/../ecrobot/libecrobot.a(sensors.oram)
                0x00000000002027dc                unset_digi0
 .text.unset_digi1
                0x0000000000202820       0x44 ../ecrobot/../ecrobot/libecrobot.a(sensors.oram)
                0x0000000000202820                unset_digi1
 .text.init_sensors
                0x0000000000202864       0x4c ../ecrobot/../ecrobot/libecrobot.a(sensors.oram)
                0x0000000000202864                init_sensors
 .text.set_digi0
                0x00000000002028b0       0x44 ../ecrobot/../ecrobot/libecrobot.a(sensors.oram)
                0x00000000002028b0                set_digi0
 .text.nxt_lcd_command
                0x00000000002028f4       0x18 ../ecrobot/../ecrobot/libecrobot.a(nxt_lcd.oram)
                0x00000000002028f4                nxt_lcd_command
 .text.nxt_lcd_set_col
                0x000000000020290c       0x24 ../ecrobot/../ecrobot/libecrobot.a(nxt_lcd.oram)
                0x000000000020290c                nxt_lcd_set_col
 .text.nxt_lcd_set_multiplex_rate
                0x0000000000202930       0x18 ../ecrobot/../ecrobot/libecrobot.a(nxt_lcd.oram)
                0x0000000000202930                nxt_lcd_set_multiplex_rate
 .text.nxt_lcd_set_page_address
                0x0000000000202948       0x18 ../ecrobot/../ecrobot/libecrobot.a(nxt_lcd.oram)
                0x0000000000202948                nxt_lcd_set_page_address
 .text.nxt_lcd_set_pot
                0x0000000000202960       0x1c ../ecrobot/../ecrobot/libecrobot.a(nxt_lcd.oram)
                0x0000000000202960                nxt_lcd_set_pot
 .text.nxt_lcd_set_ram_address_control
                0x000000000020297c       0x18 ../ecrobot/../ecrobot/libecrobot.a(nxt_lcd.oram)
                0x000000000020297c                nxt_lcd_set_ram_address_control
 .text.nxt_lcd_enable
                0x0000000000202994       0x14 ../ecrobot/../ecrobot/libecrobot.a(nxt_lcd.oram)
                0x0000000000202994                nxt_lcd_enable
 .text.nxt_lcd_set_map_control
                0x00000000002029a8       0x18 ../ecrobot/../ecrobot/libecrobot.a(nxt_lcd.oram)
                0x00000000002029a8                nxt_lcd_set_map_control
 .text.nxt_lcd_reset
                0x00000000002029c0        0xc ../ecrobot/../ecrobot/libecrobot.a(nxt_lcd.oram)
                0x00000000002029c0                nxt_lcd_reset
 .text.nxt_lcd_set_bias_ratio
                0x00000000002029cc       0x18 ../ecrobot/../ecrobot/libecrobot.a(nxt_lcd.oram)
                0x00000000002029cc                nxt_lcd_set_bias_ratio
 .text.nxt_lcd_force_update
                0x00000000002029e4       0x30 ../ecrobot/../ecrobot/libecrobot.a(nxt_lcd.oram)
                0x00000000002029e4                nxt_lcd_force_update
 .text.nxt_lcd_update
                0x0000000000202a14        0xc ../ecrobot/../ecrobot/libecrobot.a(nxt_lcd.oram)
                0x0000000000202a14                nxt_lcd_update
 .text.nxt_lcd_power_up
                0x0000000000202a20       0x48 ../ecrobot/../ecrobot/libecrobot.a(nxt_lcd.oram)
                0x0000000000202a20                nxt_lcd_power_up
 .text.nxt_lcd_power_down
                0x0000000000202a68        0xc ../ecrobot/../ecrobot/libecrobot.a(nxt_lcd.oram)
                0x0000000000202a68                nxt_lcd_power_down
 .text.nxt_lcd_init
                0x0000000000202a74       0x18 ../ecrobot/../ecrobot/libecrobot.a(nxt_lcd.oram)
                0x0000000000202a74                nxt_lcd_init
 .text.verify_flash_page
                0x0000000000202a8c       0x34 ../ecrobot/../ecrobot/libecrobot.a(flash_loader.oram)
 .text.set_flash_request
                0x0000000000202ac0       0x38 ../ecrobot/../ecrobot/libecrobot.a(flash_loader.oram)
                0x0000000000202ac0                set_flash_request
 .text.nxt_device_init
                0x0000000000202af8       0x38 ../ecrobot/../ecrobot/libecrobot.a(flash_loader.oram)
                0x0000000000202af8                nxt_device_init
 .text          0x0000000000202b30       0x68 ../ecrobot/../ecrobot/libecrobot.a(interrupts.oram)
                0x0000000000202b30                interrupts_get_and_disable
                0x0000000000202b54                interrupts_enable
                0x0000000000202b64                fiq_get_and_disable
                0x0000000000202b88                fiq_enable
 .text.flash_write_page
                0x0000000000202b98       0xc0 ../ecrobot/../ecrobot/libecrobot.a(flashprog.oram)
                0x0000000000202b98                flash_write_page
                0x0000000000202c60                . = ALIGN (0x10)
 *fill*         0x0000000000202c58        0x8 00
 *.oram(*.rodata *.rodata.*)
 .rodata.ld     0x0000000000202c60        0x4 ../ecrobot/../ecrobot/libecrobot.a(udp.oram)
 .rodata.cfd    0x0000000000202c64       0x20 ../ecrobot/../ecrobot/libecrobot.a(udp.oram)
 .rodata.dd     0x0000000000202c84       0x12 ../ecrobot/../ecrobot/libecrobot.a(udp.oram)
 *fill*         0x0000000000202c96        0x2 00
 .rodata.str1.4
                0x0000000000202c98       0x22 ../ecrobot/../ecrobot/libecrobot.a(data_abort.oram)
                                         0x24 (size before relaxing)
 .rodata.font   0x0000000000202cba      0x280 ../ecrobot/../ecrobot/libecrobot.a(display.oram)
 *fill*         0x0000000000202f3a        0x2 00
 .rodata.str1.4
                0x0000000000202f3c       0x76 ../ecrobot/../ecrobot/libecrobot.a(display.oram)
                                         0x78 (size before relaxing)
 *fill*         0x0000000000202fb2        0x2 00
 .rodata.i2c_pin
                0x0000000000202fb4       0x20 ../ecrobot/../ecrobot/libecrobot.a(i2c.oram)
 .rodata.i2c_timer_isr_C
                0x0000000000202fd4       0x38 ../ecrobot/../ecrobot/libecrobot.a(i2c.oram)
 .rodata.silence
                0x000000000020300c       0x40 ../ecrobot/../ecrobot/libecrobot.a(sound.oram)
                0x000000000020300c                silence
 .rodata.sample_pattern
                0x000000000020304c       0x84 ../ecrobot/../ecrobot/libecrobot.a(sound.oram)
                0x000000000020304c                sample_pattern
 .rodata        0x00000000002030d0        0xc ../ecrobot/../ecrobot/libecrobot.a(sound.oram)
 .rodata.avr_brainwash_string
                0x00000000002030dc       0x30 ../ecrobot/../ecrobot/libecrobot.a(nxt_avr.oram)
                0x00000000002030dc                avr_brainwash_string
 .rodata.nxt_avr_1kHz_update
                0x000000000020310c       0x14 ../ecrobot/../ecrobot/libecrobot.a(nxt_avr.oram)
 .rodata.C.33.1823
                0x0000000000203120       0x10 ../ecrobot/../ecrobot/libecrobot.a(sensors.oram)
 .rodata.C.37.1857
                0x0000000000203130       0x10 ../ecrobot/../ecrobot/libecrobot.a(sensors.oram)
 .rodata.C.31.1806
                0x0000000000203140       0x10 ../ecrobot/../ecrobot/libecrobot.a(sensors.oram)
 .rodata.str1.4
                0x0000000000203150       0x24 ../ecrobot/../ecrobot/libecrobot.a(flash_loader.oram)
 *fill*         0x0000000000203174        0x4 00
 .rodata.str1.4.stub
                0x0000000000203178       0x10 linker stubs
                0x0000000000203190                . = ALIGN (0x10)
 *fill*         0x0000000000203188        0x8 00
                0x0000000000200040                __ramtext_ram_start__ = ADDR (.ram_text)
                0x0000000000203190                __ramtext_ram_end__ = (ADDR (.ram_text) + SIZEOF (.ram_text))
                0x00000000001082c0                __ramtext_load_start__ = LOADADDR (.ram_text)
                0x000000000010b410                __ramtext_load_end__ = (__ramtext_load_start__ + SIZEOF (.ram_text))

.wav_data       0x000000000010b410        0x0
 *.owav(*.data *.data.*)
                0x000000000010b410                . = ALIGN (0x10)

.bmp_data       0x000000000010b410      0x440
 *.obmp(*.data *.data.*)
 .data          0x000000000010b410      0x43e ../ecrobot/../ecrobot/libecrobot.a(nxtosek_splash.obmp)
                0x000000000010b410                nxtosek_splash_bmp_start
                0x000000000010b84e                nxtosek_splash_bmp_end
                0x000000000010b850                . = ALIGN (0x10)
 *fill*         0x000000000010b84e        0x2 00

.spr_data       0x000000000010b850        0x0
 *.ospr(*.data *.data.*)
                0x000000000010b850                . = ALIGN (0x10)

.data           0x0000000000203190       0x70 load address 0x000000000010b850
 *(*.data *.data.*)
 .data.VTEC     0x0000000000203190        0x4 build/ada.o
                0x0000000000203190                VTEC
 .data.distance_state
                0x0000000000203194       0x10 ../ecrobot/../ecrobot/libecrobot.a(ecrobot_interface.o)
 .data.deviceStatus
                0x00000000002031a4        0x1 ../ecrobot/../ecrobot/libecrobot.a(ecrobot_interface.o)
 .bss.data.2530
                0x00000000002031a5        0x4 ../ecrobot/../ecrobot/libecrobot.a(ecrobot_interface.o)
 .data.named    0x00000000002031a9       0x22 ../ecrobot/../ecrobot/libecrobot.a(udp.oram)
 .data.snd      0x00000000002031cb       0x1a ../ecrobot/../ecrobot/libecrobot.a(udp.oram)
 *fill*         0x00000000002031e5        0x3 00
 .data.configured
                0x00000000002031e8        0x4 ../ecrobot/../ecrobot/libecrobot.a(udp.oram)
 .data.mode     0x00000000002031ec        0x1 ../ecrobot/../ecrobot/libecrobot.a(nxt_spi.oram)
                0x00000000002031ec                mode
 *fill*         0x00000000002031ed        0x3 00
 .bss.data      0x00000000002031f0        0x4 ../ecrobot/../ecrobot/libecrobot.a(nxt_spi.oram)
                0x00000000002031f0                data
 .data.display_auto_update
                0x00000000002031f4        0x4 ../ecrobot/../ecrobot/libecrobot.a(display.oram)
                0x00000000002031f4                display_auto_update
 .data.display_buffer
                0x00000000002031f8        0x4 ../ecrobot/../ecrobot/libecrobot.a(display.oram)
                0x0000000000203200                . = ALIGN (0x10)
 *fill*         0x00000000002031fc        0x4 00
                0x0000000000203190                __data_ram_start__ = ADDR (.data)
                0x0000000000203200                __data_ram_end__ = (ADDR (.data) + SIZEOF (.data))
                0x000000000010b850                __data_load_start__ = LOADADDR (.data)
                0x000000000010b8c0                __data_load_end__ = (__data_load_start__ + SIZEOF (.data))

.text           0x000000000010b8c0     0x1e00
                0x000000000010b8c0                . = ALIGN (0x10)
 *(*.text *.text.* *.glue*)
 .glue_7        0x000000000010b8c0       0x18 linker stubs
                0x000000000010b8c0                __call_posttaskhook_from_arm
                0x000000000010b8cc                __call_pretaskhook_from_arm
 .glue_7t       0x0000000000000000        0x0 linker stubs
 .text.enqueue_alarm
                0x000000000010b8d8       0x94 build/kernel/alarm.o
 .text.alarm_initialize
                0x000000000010b96c       0x98 build/kernel/alarm.o
                0x000000000010b96c                alarm_initialize
 .text.unlock_cpu
                0x000000000010ba04        0xc build/kernel/alarm.o
 .text.lock_cpu
                0x000000000010ba10        0xc build/kernel/alarm.o
 .text.SignalCounter
                0x000000000010ba1c      0x128 build/kernel/alarm.o
                0x000000000010ba1c                SignalCounter
 .text.ShutdownOS
                0x000000000010bb44       0x4c build/kernel/osctl.o
                0x000000000010bb44                ShutdownOS
 .text.StartOS  0x000000000010bb90       0x58 build/kernel/osctl.o
                0x000000000010bb90                StartOS
 .text.call_pretaskhook
                0x000000000010bbe8       0x24 build/kernel/osctl.o
                0x000000000010bbe8                call_pretaskhook
 .text.call_posttaskhook
                0x000000000010bc0c       0x24 build/kernel/osctl.o
                0x000000000010bc0c                call_posttaskhook
 .text.call_errorhook
                0x000000000010bc30       0x78 build/kernel/osctl.o
                0x000000000010bc30                call_errorhook
 .text.make_runnable
                0x000000000010bca8       0xa4 build/kernel/task.o
                0x000000000010bca8                make_runnable
 .text.make_active
                0x000000000010bd4c       0x78 build/kernel/task.o
                0x000000000010bd4c                make_active
 .text.task_initialize
                0x000000000010bdc4       0x88 build/kernel/task.o
                0x000000000010bdc4                task_initialize
 .text.search_schedtsk
                0x000000000010be4c       0x90 build/kernel/task.o
                0x000000000010be4c                search_schedtsk
 .text.unlock_cpu
                0x000000000010bedc        0xc build/kernel/task_manage.o
 .text.lock_cpu
                0x000000000010bee8        0xc build/kernel/task_manage.o
 .text.ActivateTask
                0x000000000010bef4       0x8c build/kernel/task_manage.o
                0x000000000010bef4                ActivateTask
 .text.TerminateTask
                0x000000000010bf80       0x74 build/kernel/task_manage.o
                0x000000000010bf80                TerminateTask
 .text.cpu_initialize
                0x000000000010bff4        0x4 build/config/at91sam7s-gnu/cpu_config.o
                0x000000000010bff4                cpu_initialize
 .text.cpu_terminate
                0x000000000010bff8        0x4 build/config/at91sam7s-gnu/cpu_config.o
                0x000000000010bff8                cpu_terminate
 .text.sys_initialize
                0x000000000010bffc        0x4 build/config/at91sam7s-gnu/lego_nxt/sys_config.o
                0x000000000010bffc                sys_initialize
 .text.sys_exit
                0x000000000010c000        0x4 build/config/at91sam7s-gnu/lego_nxt/sys_config.o
                0x000000000010c000                sys_exit
 .text._activate_alarm_DPID_alarm
                0x000000000010c004        0xc build/./kernel_cfg.o
 .text._activate_alarm_LCD_alarm
                0x000000000010c010        0xc build/./kernel_cfg.o
 .text._activate_alarm_Sonar_alarm
                0x000000000010c01c        0xc build/./kernel_cfg.o
 .text.object_initialize
                0x000000000010c028       0x10 build/./kernel_cfg.o
                0x000000000010c028                object_initialize
 .text.init_OS_flag
                0x000000000010c038        0xc build/ecrobot_base.o
                0x000000000010c038                init_OS_flag
 .text.set_OS_flag
                0x000000000010c044        0xc build/ecrobot_base.o
                0x000000000010c044                set_OS_flag
 .text.get_OS_flag
                0x000000000010c050        0xc build/ecrobot_base.o
                0x000000000010c050                get_OS_flag
 .text.cpp_constructor
                0x000000000010c05c       0x28 build/ecrobot_base.o
                0x000000000010c05c                cpp_constructor
 .text.cpp_destructor
                0x000000000010c084       0x28 build/ecrobot_base.o
                0x000000000010c084                cpp_destructor
 .text.execution_mode
                0x000000000010c0ac       0x14 build/ecrobot_base.o
                0x000000000010c0ac                execution_mode
 .text.check_NXT_buttons
                0x000000000010c0c0       0x7c build/ecrobot_base.o
                0x000000000010c0c0                check_NXT_buttons
 .text.add_status_info
                0x000000000010c13c       0x68 build/ecrobot_base.o
                0x000000000010c13c                add_status_info
 .text.show_main_screen
                0x000000000010c1a4       0x48 build/ecrobot_base.o
                0x000000000010c1a4                show_main_screen
 .text.display_status_bar
                0x000000000010c1ec       0x5c build/ecrobot_base.o
                0x000000000010c1ec                display_status_bar
 .text.show_splash_screen
                0x000000000010c248       0x98 build/ecrobot_base.o
                0x000000000010c248                show_splash_screen
 .text.main     0x000000000010c2e0      0x104 build/ecrobot.o
                0x000000000010c2e0                main
 .text.TaskMainDPID_Controller
                0x000000000010c3e4      0x114 build/ada.o
                0x000000000010c3e4                TaskMainDPID_Controller
 .text.TaskMainSonar_Check
                0x000000000010c4f8       0x10 build/ada.o
                0x000000000010c4f8                TaskMainSonar_Check
 .text.TaskMainLCD_Update
                0x000000000010c508       0x84 build/ada.o
                0x000000000010c508                TaskMainLCD_Update
 .text.user_1ms_isr_type2
                0x000000000010c58c       0x1c build/ada.o
                0x000000000010c58c                user_1ms_isr_type2
 .text.ecrobot_device_terminate
                0x000000000010c5a8       0x44 build/ada.o
                0x000000000010c5a8                ecrobot_device_terminate
 .text.ecrobot_device_initialize
                0x000000000010c5ec       0x14 build/ada.o
                0x000000000010c5ec                ecrobot_device_initialize
 .text.ecrobot_set_light_sensor_active
                0x000000000010c600       0x10 ../ecrobot/../ecrobot/libecrobot.a(ecrobot_interface.o)
                0x000000000010c600                ecrobot_set_light_sensor_active
 .text.ecrobot_set_light_sensor_inactive
                0x000000000010c610       0x10 ../ecrobot/../ecrobot/libecrobot.a(ecrobot_interface.o)
                0x000000000010c610                ecrobot_set_light_sensor_inactive
 .text.ecrobot_get_light_sensor
                0x000000000010c620       0x14 ../ecrobot/../ecrobot/libecrobot.a(ecrobot_interface.o)
                0x000000000010c620                ecrobot_get_light_sensor
 .text.ecrobot_init_i2c
                0x000000000010c634       0x28 ../ecrobot/../ecrobot/libecrobot.a(ecrobot_interface.o)
                0x000000000010c634                ecrobot_init_i2c
 .text.ecrobot_init_sonar_sensor
                0x000000000010c65c       0x10 ../ecrobot/../ecrobot/libecrobot.a(ecrobot_interface.o)
                0x000000000010c65c                ecrobot_init_sonar_sensor
 .text.ecrobot_get_sonar_sensor
                0x000000000010c66c       0x48 ../ecrobot/../ecrobot/libecrobot.a(ecrobot_interface.o)
                0x000000000010c66c                ecrobot_get_sonar_sensor
 .text.ecrobot_term_sonar_sensor
                0x000000000010c6b4       0x20 ../ecrobot/../ecrobot/libecrobot.a(ecrobot_interface.o)
                0x000000000010c6b4                ecrobot_term_sonar_sensor
 .text.ecrobot_get_battery_voltage
                0x000000000010c6d4        0xc ../ecrobot/../ecrobot/libecrobot.a(ecrobot_interface.o)
                0x000000000010c6d4                ecrobot_get_battery_voltage
 .text.ecrobot_get_button_state
                0x000000000010c6e0        0xc ../ecrobot/../ecrobot/libecrobot.a(ecrobot_interface.o)
                0x000000000010c6e0                ecrobot_get_button_state
 .text.ecrobot_init_nxtstate
                0x000000000010c6ec       0x28 ../ecrobot/../ecrobot/libecrobot.a(ecrobot_interface.o)
                0x000000000010c6ec                ecrobot_init_nxtstate
 .text.ecrobot_poll_nxtstate
                0x000000000010c714       0x64 ../ecrobot/../ecrobot/libecrobot.a(ecrobot_interface.o)
                0x000000000010c714                ecrobot_poll_nxtstate
 .text.ecrobot_setDeviceInitialized
                0x000000000010c778       0x14 ../ecrobot/../ecrobot/libecrobot.a(ecrobot_interface.o)
                0x000000000010c778                ecrobot_setDeviceInitialized
 .text.ecrobot_bmp2lcd
                0x000000000010c78c      0x1c8 ../ecrobot/../ecrobot/libecrobot.a(ecrobot_interface.o)
                0x000000000010c78c                ecrobot_bmp2lcd
 .text.StartupHook
                0x000000000010c954        0x4 ../ecrobot/../ecrobot/libecrobot.a(osek_hook.o)
                0x000000000010c954                StartupHook
 .text.PreTaskHook
                0x000000000010c958        0x4 ../ecrobot/../ecrobot/libecrobot.a(osek_hook.o)
                0x000000000010c958                PreTaskHook
 .text.PostTaskHook
                0x000000000010c95c        0x4 ../ecrobot/../ecrobot/libecrobot.a(osek_hook.o)
                0x000000000010c95c                PostTaskHook
 .text.ErrorHook
                0x000000000010c960        0x4 ../ecrobot/../ecrobot/libecrobot.a(osek_hook.o)
                0x000000000010c960                ErrorHook
 .text.ShutdownHook
                0x000000000010c964        0x4 ../ecrobot/../ecrobot/libecrobot.a(osek_hook.o)
                0x000000000010c964                ShutdownHook
 .text          0x000000000010c968       0x8c /home/jazzinghen/Tools/GNUarm/gnuarm/lib/gcc/arm-elf/4.4.2/thumb/interwork/libgcc.a(_udivsi3.o)
                0x000000000010c968                __udivsi3
                0x000000000010c968                __aeabi_uidiv
                0x000000000010c9e4                __aeabi_uidivmod
 .text          0x000000000010c9f4       0xc8 /home/jazzinghen/Tools/GNUarm/gnuarm/lib/gcc/arm-elf/4.4.2/thumb/interwork/libgcc.a(_umodsi3.o)
                0x000000000010c9f4                __umodsi3
 .text          0x000000000010cabc        0x4 /home/jazzinghen/Tools/GNUarm/gnuarm/lib/gcc/arm-elf/4.4.2/thumb/interwork/libgcc.a(_dvmd_tls.o)
                0x000000000010cabc                __aeabi_ldiv0
                0x000000000010cabc                __div0
                0x000000000010cabc                __aeabi_idiv0
 .text          0x000000000010cac0      0x430 /home/jazzinghen/Tools/GNUarm/gnuarm/lib/gcc/arm-elf/4.4.2/thumb/interwork/libgcc.a(_arm_addsubdf3.o)
                0x000000000010cac0                __aeabi_drsub
                0x000000000010cac8                __aeabi_dsub
                0x000000000010cac8                __subdf3
                0x000000000010cacc                __adddf3
                0x000000000010cacc                __aeabi_dadd
                0x000000000010cddc                __aeabi_ui2d
                0x000000000010cddc                __floatunsidf
                0x000000000010ce04                __floatsidf
                0x000000000010ce04                __aeabi_i2d
                0x000000000010ce30                __extendsfdf2
                0x000000000010ce30                __aeabi_f2d
                0x000000000010ce70                __aeabi_ul2d
                0x000000000010ce70                __floatundidf
                0x000000000010ce84                __floatdidf
                0x000000000010ce84                __aeabi_l2d
 .text          0x000000000010cef0      0x49c /home/jazzinghen/Tools/GNUarm/gnuarm/lib/gcc/arm-elf/4.4.2/thumb/interwork/libgcc.a(_arm_muldivdf3.o)
                0x000000000010cef0                __aeabi_dmul
                0x000000000010cef0                __muldf3
                0x000000000010d180                __aeabi_ddiv
                0x000000000010d180                __divdf3
 .text          0x000000000010d38c       0xa0 /home/jazzinghen/Tools/GNUarm/gnuarm/lib/gcc/arm-elf/4.4.2/thumb/interwork/libgcc.a(_arm_truncdfsf2.o)
                0x000000000010d38c                __aeabi_d2f
                0x000000000010d38c                __truncdfsf2
 .text          0x000000000010d42c       0x54 /home/jazzinghen/Tools/GNUarm/gnuarm/lib/gcc/arm-elf/4.4.2/thumb/interwork/libgcc.a(_arm_fixunssfsi.o)
                0x000000000010d42c                __aeabi_f2uiz
                0x000000000010d42c                __fixunssfsi
 .text          0x000000000010d480       0x98 /home/jazzinghen/Tools/GNUarm/gnuarm/lib/gcc/arm-elf/4.4.2/../../../../arm-elf/lib/thumb/interwork/libc.a(lib_a-memset.o)
                0x000000000010d480                memset
 .text          0x000000000010d518       0x10 /home/jazzinghen/Tools/GNUarm/gnuarm/lib/gcc/arm-elf/4.4.2/../../../../arm-elf/lib/thumb/interwork/libc.a(lib_a-strcpy.o)
                0x000000000010d518                strcpy
 .text          0x000000000010d528       0x10 /home/jazzinghen/Tools/GNUarm/gnuarm/lib/gcc/arm-elf/4.4.2/../../../../arm-elf/lib/thumb/interwork/libc.a(lib_a-strlen.o)
                0x000000000010d528                strlen
                0x000000000010d540                . = ALIGN (0x10)
 *fill*         0x000000000010d538        0x8 00
 *(*.rodata *.rodata.*)
 .rodata.search_table.1033
                0x000000000010d540       0x10 build/kernel/task.o
 .rodata.alminib_cback
                0x000000000010d550        0xc build/./kernel_cfg.o
                0x000000000010d550                alminib_cback
 .rodata.tinib_maxact
                0x000000000010d55c        0x4 build/./kernel_cfg.o
                0x000000000010d55c                tinib_maxact
 .rodata.alminib_autosta
                0x000000000010d560        0x4 build/./kernel_cfg.o
                0x000000000010d560                alminib_autosta
 .rodata.cntinib_tickbase
                0x000000000010d564        0x4 build/./kernel_cfg.o
                0x000000000010d564                cntinib_tickbase
 .rodata.alminib_cntid
                0x000000000010d568        0x4 build/./kernel_cfg.o
                0x000000000010d568                alminib_cntid
 .rodata.tnum_task
                0x000000000010d56c        0x1 build/./kernel_cfg.o
                0x000000000010d56c                tnum_task
 *fill*         0x000000000010d56d        0x3 00
 .rodata.cntinib_maxval
                0x000000000010d570        0x4 build/./kernel_cfg.o
                0x000000000010d570                cntinib_maxval
 .rodata.alminib_almval
                0x000000000010d574        0xc build/./kernel_cfg.o
                0x000000000010d574                alminib_almval
 .rodata.tinib_stksz
                0x000000000010d580        0x8 build/./kernel_cfg.o
                0x000000000010d580                tinib_stksz
 .rodata.alminib_cycle
                0x000000000010d588        0xc build/./kernel_cfg.o
                0x000000000010d588                alminib_cycle
 .rodata.tinib_inipri
                0x000000000010d594        0x4 build/./kernel_cfg.o
                0x000000000010d594                tinib_inipri
 .rodata.cntinib_maxval2
                0x000000000010d598        0x4 build/./kernel_cfg.o
                0x000000000010d598                cntinib_maxval2
 .rodata.tinib_stk
                0x000000000010d59c        0xc build/./kernel_cfg.o
                0x000000000010d59c                tinib_stk
 .rodata.tnum_exttask
                0x000000000010d5a8        0x1 build/./kernel_cfg.o
                0x000000000010d5a8                tnum_exttask
 .rodata.tnum_counter
                0x000000000010d5a9        0x1 build/./kernel_cfg.o
                0x000000000010d5a9                tnum_counter
 *fill*         0x000000000010d5aa        0x2 00
 .rodata.tinib_exepri
                0x000000000010d5ac        0x4 build/./kernel_cfg.o
                0x000000000010d5ac                tinib_exepri
 .rodata.tinib_autoact
                0x000000000010d5b0        0x4 build/./kernel_cfg.o
                0x000000000010d5b0                tinib_autoact
 .rodata.SysTimerCnt
                0x000000000010d5b4        0x1 build/./kernel_cfg.o
                0x000000000010d5b4                SysTimerCnt
 .rodata.tnum_alarm
                0x000000000010d5b5        0x1 build/./kernel_cfg.o
                0x000000000010d5b5                tnum_alarm
 *fill*         0x000000000010d5b6        0x2 00
 .rodata.tinib_task
                0x000000000010d5b8        0xc build/./kernel_cfg.o
                0x000000000010d5b8                tinib_task
 .rodata.str1.1
                0x000000000010d5c4       0x6c build/ecrobot_base.o
 .rodata.exec_addr
                0x000000000010d630        0x4 build/ecrobot_base.o
                0x000000000010d630                exec_addr
 .rodata.str1.1
                0x000000000010d634       0x25 build/ada.o
 *fill*         0x000000000010d659        0x7 00
 .rodata.str1.1.stub
                0x000000000010d660       0x60 linker stubs
                0x000000000010d6c0                . = ALIGN (0x10)
 *fill*         0x000000000010d6c0        0x0 00
 *(*.gnu.linkonce.* .gcc_except_table)
                0x000000000010d6c0                . = ALIGN (0x10)

.vfp11_veneer   0x0000000000203200        0x0
 .vfp11_veneer  0x0000000000000000        0x0 linker stubs

.v4_bx          0x0000000000203200        0x0
 .v4_bx         0x0000000000000000        0x0 linker stubs

.tors           0x000000000010d6c0        0x0
                0x000000000010d6c0                . = ALIGN (0x10)
                0x000000000010d6c0                __ctor_begin = .
 *(*.ctors*)
                0x000000000010d6c0                __ctor_end = .
                0x000000000010d6c0                . = ALIGN (0x10)
                0x000000000010d6c0                __dtor_begin = .
 *(*.dtors*)
                0x000000000010d6c0                __dtor_end = .
                0x000000000010d6c0                . = ALIGN (0x10)
                0x000000000010d6c0                __rom_end__ = __dtor_end

.bss            0x0000000000203200     0x1490
 *(*.bss *.bss.*)
 .bss.ready_queue_first
                0x0000000000203200       0x10 build/kernel/task.o
 .bss.ready_primap
                0x0000000000203210        0x2 build/kernel/task.o
 *fill*         0x0000000000203212        0x2 00
 .bss.ready_queue_last
                0x0000000000203214       0x10 build/kernel/task.o
 .bss._stack_LCD_Update
                0x0000000000203224      0x200 build/./kernel_cfg.o
 .bss._stack_DPID_Controller
                0x0000000000203424      0x200 build/./kernel_cfg.o
 .bss._stack_Sonar_Check
                0x0000000000203624      0x200 build/./kernel_cfg.o
 .bss.lcd.2565  0x0000000000203824      0x320 build/ecrobot_base.o
 .bss.last_act_time.2643
                0x0000000000203b44        0x4 build/ecrobot_base.o
 .bss.status_bar_position
                0x0000000000203b48        0x4 build/ecrobot_base.o
 .bss.status_bar
                0x0000000000203b4c       0x10 build/ecrobot_base.o
 .bss.OS_flag   0x0000000000203b5c        0x4 build/ecrobot_base.o
 .bss.average_slot
                0x0000000000203b60        0x4 build/ada.o
                0x0000000000203b60                average_slot
 .bss.motor_power
                0x0000000000203b64        0x4 build/ada.o
                0x0000000000203b64                motor_power
 .bss.last_reading
                0x0000000000203b68        0x4 build/ada.o
                0x0000000000203b68                last_reading
 .bss.buttons_i
                0x0000000000203b6c        0x4 ../ecrobot/../ecrobot/libecrobot.a(ecrobot_interface.o)
 .bss.buttons_states
                0x0000000000203b70       0x14 ../ecrobot/../ecrobot/libecrobot.a(ecrobot_interface.o)
 .bss.ecrobot_inputs
                0x0000000000203b84        0x8 ../ecrobot/../ecrobot/libecrobot.a(ecrobot_interface.o)
 .bss.systick_ms
                0x0000000000203b8c        0x4 ../ecrobot/../ecrobot/libecrobot.a(systick.oram)
 .bss.delayedEnable
                0x0000000000203b90        0x1 ../ecrobot/../ecrobot/libecrobot.a(udp.oram)
 *fill*         0x0000000000203b91        0x3 00
 .bss.outCnt    0x0000000000203b94        0x4 ../ecrobot/../ecrobot/libecrobot.a(udp.oram)
 .bss.outPtr    0x0000000000203b98        0x4 ../ecrobot/../ecrobot/libecrobot.a(udp.oram)
 .bss.newAddress
                0x0000000000203b9c        0x4 ../ecrobot/../ecrobot/libecrobot.a(udp.oram)
 .bss.currentRxBank
                0x0000000000203ba0        0x4 ../ecrobot/../ecrobot/libecrobot.a(udp.oram)
 .bss.currentFeatures
                0x0000000000203ba4        0x4 ../ecrobot/../ecrobot/libecrobot.a(udp.oram)
 .bss.currentConfig
                0x0000000000203ba8        0x1 ../ecrobot/../ecrobot/libecrobot.a(udp.oram)
 *fill*         0x0000000000203ba9        0x3 00
 .bss.twi_mask  0x0000000000203bac        0x4 ../ecrobot/../ecrobot/libecrobot.a(twi.oram)
 .bss.twi_ptr   0x0000000000203bb0        0x4 ../ecrobot/../ecrobot/libecrobot.a(twi.oram)
 .bss.twi_pending
                0x0000000000203bb4        0x4 ../ecrobot/../ecrobot/libecrobot.a(twi.oram)
 .bss.twi_state
                0x0000000000203bb8        0x4 ../ecrobot/../ecrobot/libecrobot.a(twi.oram)
 .bss.page      0x0000000000203bbc        0x1 ../ecrobot/../ecrobot/libecrobot.a(nxt_spi.oram)
                0x0000000000203bbc                page
 .bss.dirty     0x0000000000203bbd        0x1 ../ecrobot/../ecrobot/libecrobot.a(nxt_spi.oram)
                0x0000000000203bbd                dirty
 *fill*         0x0000000000203bbe        0x2 00
 .bss.display   0x0000000000203bc0        0x4 ../ecrobot/../ecrobot/libecrobot.a(nxt_spi.oram)
                0x0000000000203bc0                display
 .bss.interrupts_this_period
                0x0000000000203bc4        0x4 ../ecrobot/../ecrobot/libecrobot.a(nxt_motors.oram)
 .bss.nxt_motor_initialised
                0x0000000000203bc8        0x4 ../ecrobot/../ecrobot/libecrobot.a(nxt_motors.oram)
 .bss.motor     0x0000000000203bcc       0x30 ../ecrobot/../ecrobot/libecrobot.a(nxt_motors.oram)
 .bss.display_tick
                0x0000000000203bfc        0x4 ../ecrobot/../ecrobot/libecrobot.a(display.oram)
                0x0000000000203bfc                display_tick
 .bss.display_array
                0x0000000000203c00      0x388 ../ecrobot/../ecrobot/libecrobot.a(display.oram)
 .bss.i2c_int_count
                0x0000000000203f88        0x4 ../ecrobot/../ecrobot/libecrobot.a(i2c.oram)
 .bss.i2c_port  0x0000000000203f8c      0x170 ../ecrobot/../ecrobot/libecrobot.a(i2c.oram)
 .bss.sound_mode
                0x00000000002040fc        0x1 ../ecrobot/../ecrobot/libecrobot.a(sound.oram)
                0x00000000002040fc                sound_mode
 *fill*         0x00000000002040fd        0x3 00
 .bss.in_buf_idx
                0x0000000000204100        0x4 ../ecrobot/../ecrobot/libecrobot.a(bt.oram)
 .bss.buf_ptr   0x0000000000204104        0x4 ../ecrobot/../ecrobot/libecrobot.a(bt.oram)
 .bss.out_buf_ptr
                0x0000000000204108        0x1 ../ecrobot/../ecrobot/libecrobot.a(bt.oram)
 .bss.in_buf_in_ptr
                0x0000000000204109        0x1 ../ecrobot/../ecrobot/libecrobot.a(bt.oram)
 .bss.in_buf    0x000000000020410a      0x100 ../ecrobot/../ecrobot/libecrobot.a(bt.oram)
 *fill*         0x000000000020420a        0x2 00
 .bss.link_state
                0x000000000020420c        0x4 ../ecrobot/../ecrobot/libecrobot.a(nxt_avr.oram)
 .bss.update_count
                0x0000000000204210        0x4 ../ecrobot/../ecrobot/libecrobot.a(nxt_avr.oram)
 .bss.nxt_avr_stats
                0x0000000000204214       0x14 ../ecrobot/../ecrobot/libecrobot.a(nxt_avr.oram)
 .bss.debounce_cnt
                0x0000000000204228        0x2 ../ecrobot/../ecrobot/libecrobot.a(nxt_avr.oram)
 .bss.debounce_state
                0x000000000020422a        0x2 ../ecrobot/../ecrobot/libecrobot.a(nxt_avr.oram)
 .bss.button_state
                0x000000000020422c        0x2 ../ecrobot/../ecrobot/libecrobot.a(nxt_avr.oram)
 .bss.prev_buttons
                0x000000000020422e        0x2 ../ecrobot/../ecrobot/libecrobot.a(nxt_avr.oram)
 .bss.from_buf  0x0000000000204230        0x4 ../ecrobot/../ecrobot/libecrobot.a(nxt_avr.oram)
 .bss.io_from_avr
                0x0000000000204234        0x4 ../ecrobot/../ecrobot/libecrobot.a(nxt_avr.oram)
 .bss.data_from_avr
                0x0000000000204238       0x1a ../ecrobot/../ecrobot/libecrobot.a(nxt_avr.oram)
 .bss.data_to_avr
                0x0000000000204252        0x9 ../ecrobot/../ecrobot/libecrobot.a(nxt_avr.oram)
 .bss.io_to_avr
                0x000000000020425b        0x8 ../ecrobot/../ecrobot/libecrobot.a(nxt_avr.oram)
 *fill*         0x0000000000204263        0x1 00
 .bss.display   0x0000000000204264        0x4 ../ecrobot/../ecrobot/libecrobot.a(nxt_lcd.oram)
                0x0000000000204270                . = ALIGN (0x10)
 *fill*         0x0000000000204268        0x8 00
                0x0000000000204270                __bss_end__ = .
 COMMON         0x0000000000204270        0x2 build/kernel/interrupt.o
                0x0000000000204270                runisr
                0x0000000000204271                sus_all_cnt
 *fill*         0x0000000000204272        0x2 00
 COMMON         0x0000000000204274       0x10 build/kernel/osctl.o
                0x0000000000204274                callevel
                0x0000000000204275                _errorhook_svcid
                0x0000000000204276                appmode
                0x0000000000204278                _errorhook_par1
                0x000000000020427c                _errorhook_par3
                0x0000000000204280                _errorhook_par2
 COMMON         0x0000000000204284        0x3 build/kernel/task.o
                0x0000000000204284                runtsk
                0x0000000000204285                schedtsk
                0x0000000000204286                nextpri
 *fill*         0x0000000000204287        0x1 00
 COMMON         0x0000000000204288       0x68 build/./kernel_cfg.o
                0x0000000000204288                tcb_waievt
                0x000000000020428c                rescb_prevpri
                0x0000000000204290                almcb_prev
                0x0000000000204294                tcb_lastres
                0x0000000000204298                almcb_almval
                0x00000000002042a4                tcxb_pc
                0x00000000002042b0                tcb_next
                0x00000000002042b4                tcb_curpri
                0x00000000002042b8                tcb_tstat
                0x00000000002042bc                isrcb_lastres
                0x00000000002042c0                cntcb_almque
                0x00000000002042c4                rescb_prevres
                0x00000000002042c8                tcb_actcnt
                0x00000000002042cc                tcb_curevt
                0x00000000002042d0                almcb_cycle
                0x00000000002042dc                tcxb_sp
                0x00000000002042e8                almcb_next
                0x00000000002042ec                cntcb_curval
 COMMON         0x00000000002042f0       0x34 build/ada.o
                0x00000000002042f0                speeds
                0x00000000002042fc                degpsreadings
 COMMON         0x0000000000204324       0x44 ../ecrobot/../ecrobot/libecrobot.a(uart.oram)
                0x0000000000204324                uart
 COMMON         0x0000000000204368        0x4 ../ecrobot/../ecrobot/libecrobot.a(data_abort.oram)
                0x0000000000204368                data_abort_pc
 COMMON         0x000000000020436c        0x8 ../ecrobot/../ecrobot/libecrobot.a(display.oram)
                0x000000000020436c                display_x
                0x0000000000204370                display_y
 COMMON         0x0000000000204374      0x31c ../ecrobot/../ecrobot/libecrobot.a(sound.oram)
                0x0000000000204374                sample
                0x0000000000203200                __bss_start__ = ADDR (.bss)
                0x0000000000204690                __bss_end__ = (ADDR (.bss) + SIZEOF (.bss))
                0x0000000000204690                PROVIDE (end, .)

.heap_area      0x0000000000204690     0xb4e8
                0x000000000020fb78                . = (. + (0x20fb78 - end))
 *fill*         0x0000000000204690     0xb4e8 00

.stack          0x000000000020fb78      0x488
                0x000000000020fbf8                . = (. + 0x80)
 *fill*         0x000000000020fb78       0x80 00
                0x000000000020fc00                . = ALIGN (0x10)
 *fill*         0x000000000020fbf8        0x8 00
                0x000000000020fc00                __irq_stack__ = .
                0x000000000020fc00                __system_stack_bottom__ = .
                0x0000000000210000                . = (. + 0x400)
 *fill*         0x000000000020fc00      0x400 00
                0x0000000000210000                . = ALIGN (0x10)
                0x0000000000210000                __system_stack__ = .
                0x0000000000210000                __system_stack_top__ = .
                0x000000000020fb78                __stack_start__ = ADDR (.stack)
                0x0000000000210000                __stack_end__ = (ADDR (.stack) + SIZEOF (.stack))
OUTPUT(spamADA_rom.elf elf32-littlearm)

.comment        0x0000000000000000      0x18b
 .comment       0x0000000000000000       0x11 build/kernel/alarm.o
                                         0x12 (size before relaxing)
 .comment       0x0000000000000000       0x12 build/kernel/event.o
 .comment       0x0000000000000000       0x12 build/kernel/interrupt.o
 .comment       0x0000000000000000       0x12 build/kernel/osctl.o
 .comment       0x0000000000000000       0x12 build/kernel/resource.o
 .comment       0x0000000000000000       0x12 build/kernel/task.o
 .comment       0x0000000000000000       0x12 build/kernel/task_manage.o
 .comment       0x0000000000000000       0x12 build/config/at91sam7s-gnu/cpu_config.o
 .comment       0x0000000000000000       0x12 build/config/at91sam7s-gnu/lego_nxt/sys_config.o
 .comment       0x0000000000000000       0x12 build/./kernel_cfg.o
 .comment       0x0000000000000000       0x12 build/syscalls.o
 .comment       0x0000000000000000       0x12 build/ecrobot_bluetooth.o
 .comment       0x0000000000000000       0x12 build/ecrobot_base.o
 .comment       0x0000000000000000       0x12 build/ecrobot.o
 .comment       0x0000000000000000       0x12 build/ada.o
 .comment       0x0000000000000000       0x12 build/syslib/at91sam7s-gnu/lego_nxt/hw_sys_timer.oram
 .comment       0x0000000000000011       0x12 ../ecrobot/../ecrobot/libecrobot.a(ecrobot_interface.o)
 .comment       0x0000000000000023       0x12 ../ecrobot/../ecrobot/libecrobot.a(osek_hook.o)
 .comment       0x0000000000000035       0x12 ../ecrobot/../ecrobot/libecrobot.a(uart.oram)
 .comment       0x0000000000000047       0x12 ../ecrobot/../ecrobot/libecrobot.a(systick.oram)
 .comment       0x0000000000000059       0x12 ../ecrobot/../ecrobot/libecrobot.a(byte_fifo.oram)
 .comment       0x000000000000006b       0x12 ../ecrobot/../ecrobot/libecrobot.a(aic.oram)
 .comment       0x000000000000007d       0x12 ../ecrobot/../ecrobot/libecrobot.a(udp.oram)
 .comment       0x000000000000008f       0x12 ../ecrobot/../ecrobot/libecrobot.a(twi.oram)
 .comment       0x00000000000000a1       0x12 ../ecrobot/../ecrobot/libecrobot.a(nxt_spi.oram)
 .comment       0x00000000000000b3       0x12 ../ecrobot/../ecrobot/libecrobot.a(nxt_motors.oram)
 .comment       0x00000000000000c5       0x12 ../ecrobot/../ecrobot/libecrobot.a(data_abort.oram)
 .comment       0x00000000000000d7       0x12 ../ecrobot/../ecrobot/libecrobot.a(display.oram)
 .comment       0x00000000000000e9       0x12 ../ecrobot/../ecrobot/libecrobot.a(i2c.oram)
 .comment       0x00000000000000fb       0x12 ../ecrobot/../ecrobot/libecrobot.a(sound.oram)
 .comment       0x000000000000010d       0x12 ../ecrobot/../ecrobot/libecrobot.a(bt.oram)
 .comment       0x000000000000011f       0x12 ../ecrobot/../ecrobot/libecrobot.a(nxt_avr.oram)
 .comment       0x0000000000000131       0x12 ../ecrobot/../ecrobot/libecrobot.a(sensors.oram)
 .comment       0x0000000000000143       0x12 ../ecrobot/../ecrobot/libecrobot.a(nxt_lcd.oram)
 .comment       0x0000000000000155       0x12 ../ecrobot/../ecrobot/libecrobot.a(flash_loader.oram)
 .comment       0x0000000000000167       0x12 ../ecrobot/../ecrobot/libecrobot.a(ecrobot_usb.o)
 .comment       0x0000000000000179       0x12 ../ecrobot/../ecrobot/libecrobot.a(flashprog.oram)
 .comment       0x0000000000000000       0x12 /home/jazzinghen/Tools/GNUarm/gnuarm/lib/gcc/arm-elf/4.4.2/thumb/interwork/libgcc.a(_muldi3.o)
 .comment       0x0000000000000000       0x12 /home/jazzinghen/Tools/GNUarm/gnuarm/lib/gcc/arm-elf/4.4.2/thumb/interwork/libgcc.a(_divdi3.o)
 .comment       0x0000000000000000       0x12 /home/jazzinghen/Tools/GNUarm/gnuarm/lib/gcc/arm-elf/4.4.2/../../../../arm-elf/lib/thumb/interwork/libc.a(lib_a-memcpy.o)
 .comment       0x0000000000000000       0x12 /home/jazzinghen/Tools/GNUarm/gnuarm/lib/gcc/arm-elf/4.4.2/../../../../arm-elf/lib/thumb/interwork/libc.a(lib_a-memset.o)
 .comment       0x0000000000000000       0x12 /home/jazzinghen/Tools/GNUarm/gnuarm/lib/gcc/arm-elf/4.4.2/../../../../arm-elf/lib/thumb/interwork/libc.a(lib_a-strcmp.o)
 .comment       0x0000000000000000       0x12 /home/jazzinghen/Tools/GNUarm/gnuarm/lib/gcc/arm-elf/4.4.2/../../../../arm-elf/lib/thumb/interwork/libc.a(lib_a-strcpy.o)
 .comment       0x0000000000000000       0x12 /home/jazzinghen/Tools/GNUarm/gnuarm/lib/gcc/arm-elf/4.4.2/../../../../arm-elf/lib/thumb/interwork/libc.a(lib_a-strlen.o)
 .comment       0x0000000000000000       0x12 /home/jazzinghen/Tools/GNUarm/gnuarm/lib/gcc/arm-elf/4.4.2/../../../../arm-elf/lib/thumb/interwork/libc.a(lib_a-strncpy.o)

.ARM.attributes
                0x0000000000000000       0x10
 .ARM.attributes
                0x0000000000000000       0x10 build/kernel/alarm.o
 .ARM.attributes
                0x0000000000000010       0x10 build/kernel/event.o
 .ARM.attributes
                0x0000000000000020       0x10 build/kernel/interrupt.o
 .ARM.attributes
                0x0000000000000030       0x10 build/kernel/osctl.o
 .ARM.attributes
                0x0000000000000040       0x10 build/kernel/resource.o
 .ARM.attributes
                0x0000000000000050       0x10 build/kernel/task.o
 .ARM.attributes
                0x0000000000000060       0x10 build/kernel/task_manage.o
 .ARM.attributes
                0x0000000000000070       0x10 build/config/at91sam7s-gnu/cpu_config.o
 .ARM.attributes
                0x0000000000000080       0x10 build/config/at91sam7s-gnu/lego_nxt/sys_config.o
 .ARM.attributes
                0x0000000000000090       0x10 build/./kernel_cfg.o
 .ARM.attributes
                0x00000000000000a0       0x10 build/syscalls.o
 .ARM.attributes
                0x00000000000000b0       0x10 build/ecrobot_bluetooth.o
 .ARM.attributes
                0x00000000000000c0       0x10 build/ecrobot_base.o
 .ARM.attributes
                0x00000000000000d0       0x10 build/ecrobot.o
 .ARM.attributes
                0x00000000000000e0       0x10 build/ada.o
 .ARM.attributes
                0x00000000000000f0       0x10 build/syslib/at91sam7s-gnu/lego_nxt/hw_sys_timer.oram
 .ARM.attributes
                0x0000000000000100       0x10 build/nxtvm/platform/nxt/vectors.o
 .ARM.attributes
                0x0000000000000110       0x10 build/config/at91sam7s-gnu/debug.o
 .ARM.attributes
                0x0000000000000120       0x10 build/config/at91sam7s-gnu/lego_nxt/sys_support.o
 .ARM.attributes
                0x0000000000000130       0x10 build/nxt_binary_header.o
 .ARM.attributes
                0x0000000000000140       0x10 build/nxt_entry_point.o
 .ARM.attributes
                0x0000000000000150       0x10 build/ecrobot_init.o
 .ARM.attributes
                0x0000000000000160       0x10 build/config/at91sam7s-gnu/cpu_support.oram
 .ARM.attributes
                0x0000000000000170       0x10 build/config/at91sam7s-gnu/irq.oram
 .ARM.attributes
                0x0000000000000180       0x10 /home/jazzinghen/Tools/GNUarm/gnuarm/lib/gcc/arm-elf/4.4.2/thumb/interwork/libgcc.a(_udivsi3.o)
 .ARM.attributes
                0x0000000000000190       0x10 /home/jazzinghen/Tools/GNUarm/gnuarm/lib/gcc/arm-elf/4.4.2/thumb/interwork/libgcc.a(_divsi3.o)
 .ARM.attributes
                0x00000000000001a0       0x10 /home/jazzinghen/Tools/GNUarm/gnuarm/lib/gcc/arm-elf/4.4.2/thumb/interwork/libgcc.a(_umodsi3.o)
 .ARM.attributes
                0x00000000000001b0       0x10 /home/jazzinghen/Tools/GNUarm/gnuarm/lib/gcc/arm-elf/4.4.2/thumb/interwork/libgcc.a(_modsi3.o)
 .ARM.attributes
                0x00000000000001c0       0x10 /home/jazzinghen/Tools/GNUarm/gnuarm/lib/gcc/arm-elf/4.4.2/thumb/interwork/libgcc.a(_dvmd_tls.o)
 .ARM.attributes
                0x00000000000001d0       0x10 /home/jazzinghen/Tools/GNUarm/gnuarm/lib/gcc/arm-elf/4.4.2/thumb/interwork/libgcc.a(_arm_addsubdf3.o)
 .ARM.attributes
                0x00000000000001e0       0x10 /home/jazzinghen/Tools/GNUarm/gnuarm/lib/gcc/arm-elf/4.4.2/thumb/interwork/libgcc.a(_arm_muldivdf3.o)
 .ARM.attributes
                0x00000000000001f0       0x10 /home/jazzinghen/Tools/GNUarm/gnuarm/lib/gcc/arm-elf/4.4.2/thumb/interwork/libgcc.a(_arm_truncdfsf2.o)
 .ARM.attributes
                0x0000000000000200       0x10 /home/jazzinghen/Tools/GNUarm/gnuarm/lib/gcc/arm-elf/4.4.2/thumb/interwork/libgcc.a(_arm_fixunssfsi.o)
 .ARM.attributes
                0x0000000000000210       0x10 /home/jazzinghen/Tools/GNUarm/gnuarm/lib/gcc/arm-elf/4.4.2/thumb/interwork/libgcc.a(_muldi3.o)
 .ARM.attributes
                0x0000000000000220       0x10 /home/jazzinghen/Tools/GNUarm/gnuarm/lib/gcc/arm-elf/4.4.2/thumb/interwork/libgcc.a(_divdi3.o)
 .ARM.attributes
                0x0000000000000230       0x10 /home/jazzinghen/Tools/GNUarm/gnuarm/lib/gcc/arm-elf/4.4.2/thumb/interwork/libgcc.a(_clzsi2.o)
 .ARM.attributes
                0x0000000000000240       0x10 /home/jazzinghen/Tools/GNUarm/gnuarm/lib/gcc/arm-elf/4.4.2/../../../../arm-elf/lib/thumb/interwork/libc.a(lib_a-memcpy.o)
 .ARM.attributes
                0x0000000000000250       0x10 /home/jazzinghen/Tools/GNUarm/gnuarm/lib/gcc/arm-elf/4.4.2/../../../../arm-elf/lib/thumb/interwork/libc.a(lib_a-memset.o)
 .ARM.attributes
                0x0000000000000260       0x10 /home/jazzinghen/Tools/GNUarm/gnuarm/lib/gcc/arm-elf/4.4.2/../../../../arm-elf/lib/thumb/interwork/libc.a(lib_a-strcmp.o)
 .ARM.attributes
                0x0000000000000270       0x10 /home/jazzinghen/Tools/GNUarm/gnuarm/lib/gcc/arm-elf/4.4.2/../../../../arm-elf/lib/thumb/interwork/libc.a(lib_a-strcpy.o)
 .ARM.attributes
                0x0000000000000280       0x10 /home/jazzinghen/Tools/GNUarm/gnuarm/lib/gcc/arm-elf/4.4.2/../../../../arm-elf/lib/thumb/interwork/libc.a(lib_a-strlen.o)
 .ARM.attributes
                0x0000000000000290       0x10 /home/jazzinghen/Tools/GNUarm/gnuarm/lib/gcc/arm-elf/4.4.2/../../../../arm-elf/lib/thumb/interwork/libc.a(lib_a-strncpy.o)
 .ARM.attributes
                0x00000000000002a0       0x10 build/nxtvm/platform/nxt/vectors.o

.debug_frame    0x0000000000000000       0xa0
 .debug_frame   0x0000000000000000       0x28 /home/jazzinghen/Tools/GNUarm/gnuarm/lib/gcc/arm-elf/4.4.2/thumb/interwork/libgcc.a(_udivsi3.o)
 .debug_frame   0x0000000000000028       0x28 /home/jazzinghen/Tools/GNUarm/gnuarm/lib/gcc/arm-elf/4.4.2/thumb/interwork/libgcc.a(_divsi3.o)
 .debug_frame   0x0000000000000050       0x28 /home/jazzinghen/Tools/GNUarm/gnuarm/lib/gcc/arm-elf/4.4.2/thumb/interwork/libgcc.a(_umodsi3.o)
 .debug_frame   0x0000000000000078       0x28 /home/jazzinghen/Tools/GNUarm/gnuarm/lib/gcc/arm-elf/4.4.2/thumb/interwork/libgcc.a(_modsi3.o)

.debug_line     0x0000000000000000     0x101e
 .debug_line    0x0000000000000000       0x99 /home/jazzinghen/Tools/GNUarm/gnuarm/lib/gcc/arm-elf/4.4.2/thumb/interwork/libgcc.a(_udivsi3.o)
 .debug_line    0x0000000000000099       0xa5 /home/jazzinghen/Tools/GNUarm/gnuarm/lib/gcc/arm-elf/4.4.2/thumb/interwork/libgcc.a(_divsi3.o)
 .debug_line    0x000000000000013e       0x91 /home/jazzinghen/Tools/GNUarm/gnuarm/lib/gcc/arm-elf/4.4.2/thumb/interwork/libgcc.a(_umodsi3.o)
 .debug_line    0x00000000000001cf       0x9a /home/jazzinghen/Tools/GNUarm/gnuarm/lib/gcc/arm-elf/4.4.2/thumb/interwork/libgcc.a(_modsi3.o)
 .debug_line    0x0000000000000269       0x83 /home/jazzinghen/Tools/GNUarm/gnuarm/lib/gcc/arm-elf/4.4.2/thumb/interwork/libgcc.a(_dvmd_tls.o)
 .debug_line    0x00000000000002ec      0x18b /home/jazzinghen/Tools/GNUarm/gnuarm/lib/gcc/arm-elf/4.4.2/thumb/interwork/libgcc.a(_arm_addsubdf3.o)
 .debug_line    0x0000000000000477      0x1a0 /home/jazzinghen/Tools/GNUarm/gnuarm/lib/gcc/arm-elf/4.4.2/thumb/interwork/libgcc.a(_arm_muldivdf3.o)
 .debug_line    0x0000000000000617       0xa9 /home/jazzinghen/Tools/GNUarm/gnuarm/lib/gcc/arm-elf/4.4.2/thumb/interwork/libgcc.a(_arm_truncdfsf2.o)
 .debug_line    0x00000000000006c0       0x96 /home/jazzinghen/Tools/GNUarm/gnuarm/lib/gcc/arm-elf/4.4.2/thumb/interwork/libgcc.a(_arm_fixunssfsi.o)
 .debug_line    0x0000000000000756       0x8e /home/jazzinghen/Tools/GNUarm/gnuarm/lib/gcc/arm-elf/4.4.2/thumb/interwork/libgcc.a(_muldi3.o)
 .debug_line    0x00000000000007e4       0xef /home/jazzinghen/Tools/GNUarm/gnuarm/lib/gcc/arm-elf/4.4.2/thumb/interwork/libgcc.a(_divdi3.o)
 .debug_line    0x00000000000008d3       0x90 /home/jazzinghen/Tools/GNUarm/gnuarm/lib/gcc/arm-elf/4.4.2/thumb/interwork/libgcc.a(_clzsi2.o)
 .debug_line    0x0000000000000963      0x162 /home/jazzinghen/Tools/GNUarm/gnuarm/lib/gcc/arm-elf/4.4.2/../../../../arm-elf/lib/thumb/interwork/libc.a(lib_a-memcpy.o)
 .debug_line    0x0000000000000ac5      0x15d /home/jazzinghen/Tools/GNUarm/gnuarm/lib/gcc/arm-elf/4.4.2/../../../../arm-elf/lib/thumb/interwork/libc.a(lib_a-memset.o)
 .debug_line    0x0000000000000c22       0xd1 /home/jazzinghen/Tools/GNUarm/gnuarm/lib/gcc/arm-elf/4.4.2/../../../../arm-elf/lib/thumb/interwork/libc.a(lib_a-strcmp.o)
 .debug_line    0x0000000000000cf3       0xd1 /home/jazzinghen/Tools/GNUarm/gnuarm/lib/gcc/arm-elf/4.4.2/../../../../arm-elf/lib/thumb/interwork/libc.a(lib_a-strcpy.o)
 .debug_line    0x0000000000000dc4      0x123 /home/jazzinghen/Tools/GNUarm/gnuarm/lib/gcc/arm-elf/4.4.2/../../../../arm-elf/lib/thumb/interwork/libc.a(lib_a-strlen.o)
 .debug_line    0x0000000000000ee7      0x137 /home/jazzinghen/Tools/GNUarm/gnuarm/lib/gcc/arm-elf/4.4.2/../../../../arm-elf/lib/thumb/interwork/libc.a(lib_a-strncpy.o)

.debug_info     0x0000000000000000     0x15d3
 .debug_info    0x0000000000000000       0xc6 /home/jazzinghen/Tools/GNUarm/gnuarm/lib/gcc/arm-elf/4.4.2/thumb/interwork/libgcc.a(_udivsi3.o)
 .debug_info    0x00000000000000c6       0xc6 /home/jazzinghen/Tools/GNUarm/gnuarm/lib/gcc/arm-elf/4.4.2/thumb/interwork/libgcc.a(_divsi3.o)
 .debug_info    0x000000000000018c       0xc6 /home/jazzinghen/Tools/GNUarm/gnuarm/lib/gcc/arm-elf/4.4.2/thumb/interwork/libgcc.a(_umodsi3.o)
 .debug_info    0x0000000000000252       0xc6 /home/jazzinghen/Tools/GNUarm/gnuarm/lib/gcc/arm-elf/4.4.2/thumb/interwork/libgcc.a(_modsi3.o)
 .debug_info    0x0000000000000318       0xc6 /home/jazzinghen/Tools/GNUarm/gnuarm/lib/gcc/arm-elf/4.4.2/thumb/interwork/libgcc.a(_dvmd_tls.o)
 .debug_info    0x00000000000003de       0xc5 /home/jazzinghen/Tools/GNUarm/gnuarm/lib/gcc/arm-elf/4.4.2/thumb/interwork/libgcc.a(_arm_addsubdf3.o)
 .debug_info    0x00000000000004a3       0xc5 /home/jazzinghen/Tools/GNUarm/gnuarm/lib/gcc/arm-elf/4.4.2/thumb/interwork/libgcc.a(_arm_muldivdf3.o)
 .debug_info    0x0000000000000568       0xc5 /home/jazzinghen/Tools/GNUarm/gnuarm/lib/gcc/arm-elf/4.4.2/thumb/interwork/libgcc.a(_arm_truncdfsf2.o)
 .debug_info    0x000000000000062d       0xc5 /home/jazzinghen/Tools/GNUarm/gnuarm/lib/gcc/arm-elf/4.4.2/thumb/interwork/libgcc.a(_arm_fixunssfsi.o)
 .debug_info    0x00000000000006f2      0x20e /home/jazzinghen/Tools/GNUarm/gnuarm/lib/gcc/arm-elf/4.4.2/thumb/interwork/libgcc.a(_muldi3.o)
 .debug_info    0x0000000000000900      0x669 /home/jazzinghen/Tools/GNUarm/gnuarm/lib/gcc/arm-elf/4.4.2/thumb/interwork/libgcc.a(_divdi3.o)
 .debug_info    0x0000000000000f69       0xc6 /home/jazzinghen/Tools/GNUarm/gnuarm/lib/gcc/arm-elf/4.4.2/thumb/interwork/libgcc.a(_clzsi2.o)
 .debug_info    0x000000000000102f      0x13e /home/jazzinghen/Tools/GNUarm/gnuarm/lib/gcc/arm-elf/4.4.2/../../../../arm-elf/lib/thumb/interwork/libc.a(lib_a-memcpy.o)
 .debug_info    0x000000000000116d      0x111 /home/jazzinghen/Tools/GNUarm/gnuarm/lib/gcc/arm-elf/4.4.2/../../../../arm-elf/lib/thumb/interwork/libc.a(lib_a-memset.o)
 .debug_info    0x000000000000127e       0xaf /home/jazzinghen/Tools/GNUarm/gnuarm/lib/gcc/arm-elf/4.4.2/../../../../arm-elf/lib/thumb/interwork/libc.a(lib_a-strcmp.o)
 .debug_info    0x000000000000132d       0xb7 /home/jazzinghen/Tools/GNUarm/gnuarm/lib/gcc/arm-elf/4.4.2/../../../../arm-elf/lib/thumb/interwork/libc.a(lib_a-strcpy.o)
 .debug_info    0x00000000000013e4       0xcb /home/jazzinghen/Tools/GNUarm/gnuarm/lib/gcc/arm-elf/4.4.2/../../../../arm-elf/lib/thumb/interwork/libc.a(lib_a-strlen.o)
 .debug_info    0x00000000000014af      0x124 /home/jazzinghen/Tools/GNUarm/gnuarm/lib/gcc/arm-elf/4.4.2/../../../../arm-elf/lib/thumb/interwork/libc.a(lib_a-strncpy.o)

.debug_abbrev   0x0000000000000000      0x688
 .debug_abbrev  0x0000000000000000       0x14 /home/jazzinghen/Tools/GNUarm/gnuarm/lib/gcc/arm-elf/4.4.2/thumb/interwork/libgcc.a(_udivsi3.o)
 .debug_abbrev  0x0000000000000014       0x14 /home/jazzinghen/Tools/GNUarm/gnuarm/lib/gcc/arm-elf/4.4.2/thumb/interwork/libgcc.a(_divsi3.o)
 .debug_abbrev  0x0000000000000028       0x14 /home/jazzinghen/Tools/GNUarm/gnuarm/lib/gcc/arm-elf/4.4.2/thumb/interwork/libgcc.a(_umodsi3.o)
 .debug_abbrev  0x000000000000003c       0x14 /home/jazzinghen/Tools/GNUarm/gnuarm/lib/gcc/arm-elf/4.4.2/thumb/interwork/libgcc.a(_modsi3.o)
 .debug_abbrev  0x0000000000000050       0x14 /home/jazzinghen/Tools/GNUarm/gnuarm/lib/gcc/arm-elf/4.4.2/thumb/interwork/libgcc.a(_dvmd_tls.o)
 .debug_abbrev  0x0000000000000064       0x14 /home/jazzinghen/Tools/GNUarm/gnuarm/lib/gcc/arm-elf/4.4.2/thumb/interwork/libgcc.a(_arm_addsubdf3.o)
 .debug_abbrev  0x0000000000000078       0x14 /home/jazzinghen/Tools/GNUarm/gnuarm/lib/gcc/arm-elf/4.4.2/thumb/interwork/libgcc.a(_arm_muldivdf3.o)
 .debug_abbrev  0x000000000000008c       0x14 /home/jazzinghen/Tools/GNUarm/gnuarm/lib/gcc/arm-elf/4.4.2/thumb/interwork/libgcc.a(_arm_truncdfsf2.o)
 .debug_abbrev  0x00000000000000a0       0x14 /home/jazzinghen/Tools/GNUarm/gnuarm/lib/gcc/arm-elf/4.4.2/thumb/interwork/libgcc.a(_arm_fixunssfsi.o)
 .debug_abbrev  0x00000000000000b4       0xf5 /home/jazzinghen/Tools/GNUarm/gnuarm/lib/gcc/arm-elf/4.4.2/thumb/interwork/libgcc.a(_muldi3.o)
 .debug_abbrev  0x00000000000001a9      0x169 /home/jazzinghen/Tools/GNUarm/gnuarm/lib/gcc/arm-elf/4.4.2/thumb/interwork/libgcc.a(_divdi3.o)
 .debug_abbrev  0x0000000000000312       0x14 /home/jazzinghen/Tools/GNUarm/gnuarm/lib/gcc/arm-elf/4.4.2/thumb/interwork/libgcc.a(_clzsi2.o)
 .debug_abbrev  0x0000000000000326       0xa0 /home/jazzinghen/Tools/GNUarm/gnuarm/lib/gcc/arm-elf/4.4.2/../../../../arm-elf/lib/thumb/interwork/libc.a(lib_a-memcpy.o)
 .debug_abbrev  0x00000000000003c6       0xa1 /home/jazzinghen/Tools/GNUarm/gnuarm/lib/gcc/arm-elf/4.4.2/../../../../arm-elf/lib/thumb/interwork/libc.a(lib_a-memset.o)
 .debug_abbrev  0x0000000000000467       0x76 /home/jazzinghen/Tools/GNUarm/gnuarm/lib/gcc/arm-elf/4.4.2/../../../../arm-elf/lib/thumb/interwork/libc.a(lib_a-strcmp.o)
 .debug_abbrev  0x00000000000004dd       0x76 /home/jazzinghen/Tools/GNUarm/gnuarm/lib/gcc/arm-elf/4.4.2/../../../../arm-elf/lib/thumb/interwork/libc.a(lib_a-strcpy.o)
 .debug_abbrev  0x0000000000000553       0x92 /home/jazzinghen/Tools/GNUarm/gnuarm/lib/gcc/arm-elf/4.4.2/../../../../arm-elf/lib/thumb/interwork/libc.a(lib_a-strlen.o)
 .debug_abbrev  0x00000000000005e5       0xa3 /home/jazzinghen/Tools/GNUarm/gnuarm/lib/gcc/arm-elf/4.4.2/../../../../arm-elf/lib/thumb/interwork/libc.a(lib_a-strncpy.o)

.debug_aranges  0x0000000000000000      0x240
 .debug_aranges
                0x0000000000000000       0x20 /home/jazzinghen/Tools/GNUarm/gnuarm/lib/gcc/arm-elf/4.4.2/thumb/interwork/libgcc.a(_udivsi3.o)
 .debug_aranges
                0x0000000000000020       0x20 /home/jazzinghen/Tools/GNUarm/gnuarm/lib/gcc/arm-elf/4.4.2/thumb/interwork/libgcc.a(_divsi3.o)
 .debug_aranges
                0x0000000000000040       0x20 /home/jazzinghen/Tools/GNUarm/gnuarm/lib/gcc/arm-elf/4.4.2/thumb/interwork/libgcc.a(_umodsi3.o)
 .debug_aranges
                0x0000000000000060       0x20 /home/jazzinghen/Tools/GNUarm/gnuarm/lib/gcc/arm-elf/4.4.2/thumb/interwork/libgcc.a(_modsi3.o)
 .debug_aranges
                0x0000000000000080       0x20 /home/jazzinghen/Tools/GNUarm/gnuarm/lib/gcc/arm-elf/4.4.2/thumb/interwork/libgcc.a(_dvmd_tls.o)
 .debug_aranges
                0x00000000000000a0       0x20 /home/jazzinghen/Tools/GNUarm/gnuarm/lib/gcc/arm-elf/4.4.2/thumb/interwork/libgcc.a(_arm_addsubdf3.o)
 .debug_aranges
                0x00000000000000c0       0x20 /home/jazzinghen/Tools/GNUarm/gnuarm/lib/gcc/arm-elf/4.4.2/thumb/interwork/libgcc.a(_arm_muldivdf3.o)
 .debug_aranges
                0x00000000000000e0       0x20 /home/jazzinghen/Tools/GNUarm/gnuarm/lib/gcc/arm-elf/4.4.2/thumb/interwork/libgcc.a(_arm_truncdfsf2.o)
 .debug_aranges
                0x0000000000000100       0x20 /home/jazzinghen/Tools/GNUarm/gnuarm/lib/gcc/arm-elf/4.4.2/thumb/interwork/libgcc.a(_arm_fixunssfsi.o)
 .debug_aranges
                0x0000000000000120       0x20 /home/jazzinghen/Tools/GNUarm/gnuarm/lib/gcc/arm-elf/4.4.2/thumb/interwork/libgcc.a(_muldi3.o)
 .debug_aranges
                0x0000000000000140       0x20 /home/jazzinghen/Tools/GNUarm/gnuarm/lib/gcc/arm-elf/4.4.2/thumb/interwork/libgcc.a(_divdi3.o)
 .debug_aranges
                0x0000000000000160       0x20 /home/jazzinghen/Tools/GNUarm/gnuarm/lib/gcc/arm-elf/4.4.2/thumb/interwork/libgcc.a(_clzsi2.o)
 .debug_aranges
                0x0000000000000180       0x20 /home/jazzinghen/Tools/GNUarm/gnuarm/lib/gcc/arm-elf/4.4.2/../../../../arm-elf/lib/thumb/interwork/libc.a(lib_a-memcpy.o)
 .debug_aranges
                0x00000000000001a0       0x20 /home/jazzinghen/Tools/GNUarm/gnuarm/lib/gcc/arm-elf/4.4.2/../../../../arm-elf/lib/thumb/interwork/libc.a(lib_a-memset.o)
 .debug_aranges
                0x00000000000001c0       0x20 /home/jazzinghen/Tools/GNUarm/gnuarm/lib/gcc/arm-elf/4.4.2/../../../../arm-elf/lib/thumb/interwork/libc.a(lib_a-strcmp.o)
 .debug_aranges
                0x00000000000001e0       0x20 /home/jazzinghen/Tools/GNUarm/gnuarm/lib/gcc/arm-elf/4.4.2/../../../../arm-elf/lib/thumb/interwork/libc.a(lib_a-strcpy.o)
 .debug_aranges
                0x0000000000000200       0x20 /home/jazzinghen/Tools/GNUarm/gnuarm/lib/gcc/arm-elf/4.4.2/../../../../arm-elf/lib/thumb/interwork/libc.a(lib_a-strlen.o)
 .debug_aranges
                0x0000000000000220       0x20 /home/jazzinghen/Tools/GNUarm/gnuarm/lib/gcc/arm-elf/4.4.2/../../../../arm-elf/lib/thumb/interwork/libc.a(lib_a-strncpy.o)

.debug_loc      0x0000000000000000      0xcd8
 .debug_loc     0x0000000000000000      0x156 /home/jazzinghen/Tools/GNUarm/gnuarm/lib/gcc/arm-elf/4.4.2/thumb/interwork/libgcc.a(_muldi3.o)
 .debug_loc     0x0000000000000156      0x800 /home/jazzinghen/Tools/GNUarm/gnuarm/lib/gcc/arm-elf/4.4.2/thumb/interwork/libgcc.a(_divdi3.o)
 .debug_loc     0x0000000000000956      0x13b /home/jazzinghen/Tools/GNUarm/gnuarm/lib/gcc/arm-elf/4.4.2/../../../../arm-elf/lib/thumb/interwork/libc.a(lib_a-memcpy.o)
 .debug_loc     0x0000000000000a91       0xfc /home/jazzinghen/Tools/GNUarm/gnuarm/lib/gcc/arm-elf/4.4.2/../../../../arm-elf/lib/thumb/interwork/libc.a(lib_a-memset.o)
 .debug_loc     0x0000000000000b8d       0x13 /home/jazzinghen/Tools/GNUarm/gnuarm/lib/gcc/arm-elf/4.4.2/../../../../arm-elf/lib/thumb/interwork/libc.a(lib_a-strcmp.o)
 .debug_loc     0x0000000000000ba0       0x13 /home/jazzinghen/Tools/GNUarm/gnuarm/lib/gcc/arm-elf/4.4.2/../../../../arm-elf/lib/thumb/interwork/libc.a(lib_a-strcpy.o)
 .debug_loc     0x0000000000000bb3       0x26 /home/jazzinghen/Tools/GNUarm/gnuarm/lib/gcc/arm-elf/4.4.2/../../../../arm-elf/lib/thumb/interwork/libc.a(lib_a-strlen.o)
 .debug_loc     0x0000000000000bd9       0xff /home/jazzinghen/Tools/GNUarm/gnuarm/lib/gcc/arm-elf/4.4.2/../../../../arm-elf/lib/thumb/interwork/libc.a(lib_a-strncpy.o)

.debug_pubnames
                0x0000000000000000       0xed
 .debug_pubnames
                0x0000000000000000       0x1f /home/jazzinghen/Tools/GNUarm/gnuarm/lib/gcc/arm-elf/4.4.2/thumb/interwork/libgcc.a(_muldi3.o)
 .debug_pubnames
                0x000000000000001f       0x1f /home/jazzinghen/Tools/GNUarm/gnuarm/lib/gcc/arm-elf/4.4.2/thumb/interwork/libgcc.a(_divdi3.o)
 .debug_pubnames
                0x000000000000003e       0x1d /home/jazzinghen/Tools/GNUarm/gnuarm/lib/gcc/arm-elf/4.4.2/../../../../arm-elf/lib/thumb/interwork/libc.a(lib_a-memcpy.o)
 .debug_pubnames
                0x000000000000005b       0x1d /home/jazzinghen/Tools/GNUarm/gnuarm/lib/gcc/arm-elf/4.4.2/../../../../arm-elf/lib/thumb/interwork/libc.a(lib_a-memset.o)
 .debug_pubnames
                0x0000000000000078       0x1d /home/jazzinghen/Tools/GNUarm/gnuarm/lib/gcc/arm-elf/4.4.2/../../../../arm-elf/lib/thumb/interwork/libc.a(lib_a-strcmp.o)
 .debug_pubnames
                0x0000000000000095       0x1d /home/jazzinghen/Tools/GNUarm/gnuarm/lib/gcc/arm-elf/4.4.2/../../../../arm-elf/lib/thumb/interwork/libc.a(lib_a-strcpy.o)
 .debug_pubnames
                0x00000000000000b2       0x1d /home/jazzinghen/Tools/GNUarm/gnuarm/lib/gcc/arm-elf/4.4.2/../../../../arm-elf/lib/thumb/interwork/libc.a(lib_a-strlen.o)
 .debug_pubnames
                0x00000000000000cf       0x1e /home/jazzinghen/Tools/GNUarm/gnuarm/lib/gcc/arm-elf/4.4.2/../../../../arm-elf/lib/thumb/interwork/libc.a(lib_a-strncpy.o)

.debug_ranges   0x0000000000000000      0x120
 .debug_ranges  0x0000000000000000       0x40 /home/jazzinghen/Tools/GNUarm/gnuarm/lib/gcc/arm-elf/4.4.2/thumb/interwork/libgcc.a(_muldi3.o)
 .debug_ranges  0x0000000000000040       0xe0 /home/jazzinghen/Tools/GNUarm/gnuarm/lib/gcc/arm-elf/4.4.2/thumb/interwork/libgcc.a(_divdi3.o)

.debug_str      0x0000000000000000      0x3e8
 .debug_str     0x0000000000000000      0x159 /home/jazzinghen/Tools/GNUarm/gnuarm/lib/gcc/arm-elf/4.4.2/thumb/interwork/libgcc.a(_muldi3.o)
                                        0x1ad (size before relaxing)
 .debug_str     0x0000000000000159       0x3c /home/jazzinghen/Tools/GNUarm/gnuarm/lib/gcc/arm-elf/4.4.2/thumb/interwork/libgcc.a(_divdi3.o)
                                        0x1e0 (size before relaxing)
 .debug_str     0x0000000000000195       0x81 /home/jazzinghen/Tools/GNUarm/gnuarm/lib/gcc/arm-elf/4.4.2/../../../../arm-elf/lib/thumb/interwork/libc.a(lib_a-memcpy.o)
                                        0x116 (size before relaxing)
 .debug_str     0x0000000000000216       0x67 /home/jazzinghen/Tools/GNUarm/gnuarm/lib/gcc/arm-elf/4.4.2/../../../../arm-elf/lib/thumb/interwork/libc.a(lib_a-memset.o)
                                        0x103 (size before relaxing)
 .debug_str     0x000000000000027d       0x58 /home/jazzinghen/Tools/GNUarm/gnuarm/lib/gcc/arm-elf/4.4.2/../../../../arm-elf/lib/thumb/interwork/libc.a(lib_a-strcmp.o)
                                         0xed (size before relaxing)
 .debug_str     0x00000000000002d5       0x58 /home/jazzinghen/Tools/GNUarm/gnuarm/lib/gcc/arm-elf/4.4.2/../../../../arm-elf/lib/thumb/interwork/libc.a(lib_a-strcpy.o)
                                         0xed (size before relaxing)
 .debug_str     0x000000000000032d       0x60 /home/jazzinghen/Tools/GNUarm/gnuarm/lib/gcc/arm-elf/4.4.2/../../../../arm-elf/lib/thumb/interwork/libc.a(lib_a-strlen.o)
                                         0xfc (size before relaxing)
 .debug_str     0x000000000000038d       0x5b /home/jazzinghen/Tools/GNUarm/gnuarm/lib/gcc/arm-elf/4.4.2/../../../../arm-elf/lib/thumb/interwork/libc.a(lib_a-strncpy.o)
                                        0x119 (size before relaxing)

Cross Reference Table

Symbol                                            File
ActivateTask                                      build/kernel/task_manage.o
                                                  build/./kernel_cfg.o
CancelAlarm                                       build/kernel/alarm.o
ChainTask                                         build/kernel/task_manage.o
ClearEvent                                        build/kernel/event.o
DPID_Controller                                   build/./kernel_cfg.o
DPID_alarm                                        build/./kernel_cfg.o
DPID_output                                       build/ada.o
DisableAllInterrupts                              build/kernel/interrupt.o
EnableAllInterrupts                               build/kernel/interrupt.o
ErrorHook                                         ../ecrobot/../ecrobot/libecrobot.a(osek_hook.o)
                                                  build/kernel/osctl.o
GetActiveApplicationMode                          build/kernel/osctl.o
GetAlarm                                          build/kernel/alarm.o
GetAlarmBase                                      build/kernel/alarm.o
GetEvent                                          build/kernel/event.o
GetResource                                       build/kernel/resource.o
GetTaskID                                         build/kernel/task_manage.o
GetTaskState                                      build/kernel/task_manage.o
LCD_Update                                        build/./kernel_cfg.o
LCD_alarm                                         build/./kernel_cfg.o
NXT_Entry_Point                                   build/nxt_entry_point.o
                                                  build/nxt_binary_header.o
PostTaskHook                                      ../ecrobot/../ecrobot/libecrobot.a(osek_hook.o)
                                                  build/config/at91sam7s-gnu/cpu_support.oram
                                                  build/kernel/osctl.o
PreTaskHook                                       ../ecrobot/../ecrobot/libecrobot.a(osek_hook.o)
                                                  build/config/at91sam7s-gnu/cpu_support.oram
                                                  build/kernel/osctl.o
ReleaseResource                                   build/kernel/resource.o
ResumeAllInterrupts                               build/kernel/interrupt.o
ResumeOSInterrupts                                build/kernel/interrupt.o
Schedule                                          build/kernel/task_manage.o
SetAbsAlarm                                       build/kernel/alarm.o
SetEvent                                          build/kernel/event.o
SetRelAlarm                                       build/kernel/alarm.o
ShutdownHook                                      ../ecrobot/../ecrobot/libecrobot.a(osek_hook.o)
                                                  build/kernel/osctl.o
ShutdownOS                                        build/kernel/osctl.o
                                                  build/ada.o
SignalCounter                                     build/kernel/alarm.o
                                                  build/ada.o
Sonar_Check                                       build/./kernel_cfg.o
Sonar_alarm                                       build/./kernel_cfg.o
StartOS                                           build/kernel/osctl.o
                                                  build/ecrobot.o
StartupHook                                       ../ecrobot/../ecrobot/libecrobot.a(osek_hook.o)
                                                  build/kernel/osctl.o
SuspendAllInterrupts                              build/kernel/interrupt.o
SuspendOSInterrupts                               build/kernel/interrupt.o
SysTimerCnt                                       build/./kernel_cfg.o
                                                  build/ada.o
TaskMainDPID_Controller                           build/ada.o
                                                  build/./kernel_cfg.o
TaskMainLCD_Update                                build/ada.o
                                                  build/./kernel_cfg.o
TaskMainSonar_Check                               build/ada.o
                                                  build/./kernel_cfg.o
TerminateTask                                     build/kernel/task_manage.o
                                                  build/ada.o
VTEC                                              build/ada.o
WaitEvent                                         build/kernel/event.o
__adddf3                                          /home/jazzinghen/Tools/GNUarm/gnuarm/lib/gcc/arm-elf/4.4.2/thumb/interwork/libgcc.a(_arm_addsubdf3.o)
                                                  build/ada.o
__aeabi_d2f                                       /home/jazzinghen/Tools/GNUarm/gnuarm/lib/gcc/arm-elf/4.4.2/thumb/interwork/libgcc.a(_arm_truncdfsf2.o)
__aeabi_dadd                                      /home/jazzinghen/Tools/GNUarm/gnuarm/lib/gcc/arm-elf/4.4.2/thumb/interwork/libgcc.a(_arm_addsubdf3.o)
__aeabi_ddiv                                      /home/jazzinghen/Tools/GNUarm/gnuarm/lib/gcc/arm-elf/4.4.2/thumb/interwork/libgcc.a(_arm_muldivdf3.o)
__aeabi_dmul                                      /home/jazzinghen/Tools/GNUarm/gnuarm/lib/gcc/arm-elf/4.4.2/thumb/interwork/libgcc.a(_arm_muldivdf3.o)
__aeabi_drsub                                     /home/jazzinghen/Tools/GNUarm/gnuarm/lib/gcc/arm-elf/4.4.2/thumb/interwork/libgcc.a(_arm_addsubdf3.o)
__aeabi_dsub                                      /home/jazzinghen/Tools/GNUarm/gnuarm/lib/gcc/arm-elf/4.4.2/thumb/interwork/libgcc.a(_arm_addsubdf3.o)
__aeabi_f2d                                       /home/jazzinghen/Tools/GNUarm/gnuarm/lib/gcc/arm-elf/4.4.2/thumb/interwork/libgcc.a(_arm_addsubdf3.o)
__aeabi_f2uiz                                     /home/jazzinghen/Tools/GNUarm/gnuarm/lib/gcc/arm-elf/4.4.2/thumb/interwork/libgcc.a(_arm_fixunssfsi.o)
__aeabi_i2d                                       /home/jazzinghen/Tools/GNUarm/gnuarm/lib/gcc/arm-elf/4.4.2/thumb/interwork/libgcc.a(_arm_addsubdf3.o)
__aeabi_idiv                                      /home/jazzinghen/Tools/GNUarm/gnuarm/lib/gcc/arm-elf/4.4.2/thumb/interwork/libgcc.a(_divsi3.o)
__aeabi_idiv0                                     /home/jazzinghen/Tools/GNUarm/gnuarm/lib/gcc/arm-elf/4.4.2/thumb/interwork/libgcc.a(_dvmd_tls.o)
__aeabi_idivmod                                   /home/jazzinghen/Tools/GNUarm/gnuarm/lib/gcc/arm-elf/4.4.2/thumb/interwork/libgcc.a(_divsi3.o)
__aeabi_l2d                                       /home/jazzinghen/Tools/GNUarm/gnuarm/lib/gcc/arm-elf/4.4.2/thumb/interwork/libgcc.a(_arm_addsubdf3.o)
__aeabi_ldiv0                                     /home/jazzinghen/Tools/GNUarm/gnuarm/lib/gcc/arm-elf/4.4.2/thumb/interwork/libgcc.a(_dvmd_tls.o)
__aeabi_ui2d                                      /home/jazzinghen/Tools/GNUarm/gnuarm/lib/gcc/arm-elf/4.4.2/thumb/interwork/libgcc.a(_arm_addsubdf3.o)
__aeabi_uidiv                                     /home/jazzinghen/Tools/GNUarm/gnuarm/lib/gcc/arm-elf/4.4.2/thumb/interwork/libgcc.a(_udivsi3.o)
__aeabi_uidivmod                                  /home/jazzinghen/Tools/GNUarm/gnuarm/lib/gcc/arm-elf/4.4.2/thumb/interwork/libgcc.a(_udivsi3.o)
__aeabi_ul2d                                      /home/jazzinghen/Tools/GNUarm/gnuarm/lib/gcc/arm-elf/4.4.2/thumb/interwork/libgcc.a(_arm_addsubdf3.o)
__bss_end__                                       build/ecrobot_init.o
__bss_start__                                     build/ecrobot_init.o
__call_posttaskhook_from_arm                      linker stubs
__call_pretaskhook_from_arm                       linker stubs
__clzsi2                                          /home/jazzinghen/Tools/GNUarm/gnuarm/lib/gcc/arm-elf/4.4.2/thumb/interwork/libgcc.a(_clzsi2.o)
                                                  /home/jazzinghen/Tools/GNUarm/gnuarm/lib/gcc/arm-elf/4.4.2/thumb/interwork/libgcc.a(_divdi3.o)
__ctor_begin                                      build/ecrobot_base.o
__ctor_end                                        build/ecrobot_base.o
__data_load_end__                                 build/ecrobot_init.o
__data_load_start__                               build/ecrobot_init.o
__data_ram_start__                                build/ecrobot_init.o
__div0                                            /home/jazzinghen/Tools/GNUarm/gnuarm/lib/gcc/arm-elf/4.4.2/thumb/interwork/libgcc.a(_dvmd_tls.o)
                                                  /home/jazzinghen/Tools/GNUarm/gnuarm/lib/gcc/arm-elf/4.4.2/thumb/interwork/libgcc.a(_modsi3.o)
                                                  /home/jazzinghen/Tools/GNUarm/gnuarm/lib/gcc/arm-elf/4.4.2/thumb/interwork/libgcc.a(_umodsi3.o)
                                                  /home/jazzinghen/Tools/GNUarm/gnuarm/lib/gcc/arm-elf/4.4.2/thumb/interwork/libgcc.a(_divsi3.o)
                                                  /home/jazzinghen/Tools/GNUarm/gnuarm/lib/gcc/arm-elf/4.4.2/thumb/interwork/libgcc.a(_udivsi3.o)